2026-08-06 21:59:26,411 [INFO] =================================================================
2026-08-06 21:59:26,413 [INFO]   RadarPepites - Scraping Avance Bronze (BS4)
2026-08-06 21:59:26,413 [INFO] =================================================================
2026-08-06 21:59:26,415 [INFO]   Ligues  : ['ENG', 'ESP', 'GER', 'ITA', 'FRA', 'POR', 'NED', 'BEL', 'TUR', 'AUT']
2026-08-06 21:59:26,416 [INFO]   Saisons : ['2022-2023', '2023-2024', '2024-2025']
2026-08-06 21:59:26,418 [INFO]   Stats   : ['passing', 'passing_types', 'goal_shot_creation', 'defense', 'possession']
2026-08-06 21:59:26,419 [INFO]   Total   : 150 fichiers
2026-08-06 21:59:26,420 [INFO]   Duree   : ~12 minutes
2026-08-06 21:59:26,420 [INFO] =================================================================
2026-08-06 21:59:26,424 [INFO] [1/150] Premier League | 2022-2023 | passing
2026-08-06 21:59:26,426 [INFO]     URL : https://fbref.com/en/comps/9/2022-2023/passing/2022-2023-Premier-League-Stats
2026-08-06 21:59:26,530 [ERROR]     HTTP 403
2026-08-06 21:59:26,532 [WARNING]   -> Echec : ENG_2022-2023_passing
2026-08-06 21:59:26,533 [INFO]   -> Pause 5s...
2026-08-06 21:59:31,534 [INFO] [2/150] Premier League | 2022-2023 | passing_types
2026-08-06 21:59:31,535 [INFO]     URL : https://fbref.com/en/comps/9/2022-2023/passing_types/2022-2023-Premier-League-Stats
2026-08-06 21:59:31,620 [ERROR]     HTTP 403
2026-08-06 21:59:31,623 [WARNING]   -> Echec : ENG_2022-2023_passing_types
2026-08-06 21:59:31,624 [INFO]   -> Pause 5s...
2026-08-06 21:59:36,625 [INFO] [3/150] Premier League | 2022-2023 | goal_shot_creation
2026-08-06 21:59:36,626 [INFO]     URL : https://fbref.com/en/comps/9/2022-2023/goal_shot_creation/2022-2023-Premier-League-Stats
2026-08-06 21:59:36,702 [ERROR]     HTTP 403
2026-08-06 21:59:36,704 [WARNING]   -> Echec : ENG_2022-2023_goal_shot_creation
2026-08-06 21:59:36,705 [INFO]   -> Pause 5s...
2026-08-06 21:59:41,706 [INFO] [4/150] Premier League | 2022-2023 | defense
2026-08-06 21:59:41,708 [INFO]     URL : https://fbref.com/en/comps/9/2022-2023/defense/2022-2023-Premier-League-Stats
2026-08-06 21:59:41,788 [ERROR]     HTTP 403
2026-08-06 21:59:41,790 [WARNING]   -> Echec : ENG_2022-2023_defense
2026-08-06 21:59:41,791 [INFO]   -> Pause 5s...
2026-08-06 21:59:46,792 [INFO] [5/150] Premier League | 2022-2023 | possession
2026-08-06 21:59:46,792 [INFO]     URL : https://fbref.com/en/comps/9/2022-2023/possession/2022-2023-Premier-League-Stats
2026-08-06 21:59:46,885 [ERROR]     HTTP 403
2026-08-06 21:59:46,886 [WARNING]   -> Echec : ENG_2022-2023_possession
2026-08-06 21:59:46,887 [INFO]   -> Pause 5s...
2026-08-06 21:59:51,888 [INFO] [6/150] Premier League | 2023-2024 | passing
2026-08-06 21:59:51,889 [INFO]     URL : https://fbref.com/en/comps/9/2023-2024/passing/2023-2024-Premier-League-Stats
2026-08-06 21:59:51,974 [ERROR]     HTTP 403
2026-08-06 21:59:51,977 [WARNING]   -> Echec : ENG_2023-2024_passing
2026-08-06 21:59:51,980 [INFO]   -> Pause 5s...
2026-08-06 21:59:56,981 [INFO] [7/150] Premier League | 2023-2024 | passing_types
2026-08-06 21:59:56,984 [INFO]     URL : https://fbref.com/en/comps/9/2023-2024/passing_types/2023-2024-Premier-League-Stats
2026-08-06 21:59:57,069 [ERROR]     HTTP 403
2026-08-06 21:59:57,071 [WARNING]   -> Echec : ENG_2023-2024_passing_types
2026-08-06 21:59:57,072 [INFO]   -> Pause 5s...
2026-08-06 22:00:02,073 [INFO] [8/150] Premier League | 2023-2024 | goal_shot_creation
2026-08-06 22:00:02,074 [INFO]     URL : https://fbref.com/en/comps/9/2023-2024/goal_shot_creation/2023-2024-Premier-League-Stats
2026-08-06 22:00:02,167 [ERROR]     HTTP 403
2026-08-06 22:00:02,169 [WARNING]   -> Echec : ENG_2023-2024_goal_shot_creation
2026-08-06 22:00:02,170 [INFO]   -> Pause 5s...
2026-08-06 22:00:07,172 [INFO] [9/150] Premier League | 2023-2024 | defense
2026-08-06 22:00:07,172 [INFO]     URL : https://fbref.com/en/comps/9/2023-2024/defense/2023-2024-Premier-League-Stats
2026-08-06 22:00:07,260 [ERROR]     HTTP 403
2026-08-06 22:00:07,263 [WARNING]   -> Echec : ENG_2023-2024_defense
2026-08-06 22:00:07,263 [INFO]   -> Pause 5s...
2026-08-06 22:00:12,266 [INFO] [10/150] Premier League | 2023-2024 | possession
2026-08-06 22:00:12,267 [INFO]     URL : https://fbref.com/en/comps/9/2023-2024/possession/2023-2024-Premier-League-Stats
2026-08-06 22:00:12,348 [ERROR]     HTTP 403
2026-08-06 22:00:12,349 [WARNING]   -> Echec : ENG_2023-2024_possession
2026-08-06 22:00:12,350 [INFO]   -> Pause 5s...
2026-08-06 22:00:17,351 [INFO] [11/150] Premier League | 2024-2025 | passing
2026-08-06 22:00:17,353 [INFO]     URL : https://fbref.com/en/comps/9/passing/Premier-League-Stats
2026-08-06 22:00:17,442 [ERROR]     HTTP 403
2026-08-06 22:00:17,444 [WARNING]   -> Echec : ENG_2024-2025_passing
2026-08-06 22:00:17,445 [INFO]   -> Pause 5s...
2026-08-06 22:00:22,447 [INFO] [12/150] Premier League | 2024-2025 | passing_types
2026-08-06 22:00:22,449 [INFO]     URL : https://fbref.com/en/comps/9/passing_types/Premier-League-Stats
2026-08-06 22:00:22,525 [ERROR]     HTTP 403
2026-08-06 22:00:22,526 [WARNING]   -> Echec : ENG_2024-2025_passing_types
2026-08-06 22:00:22,527 [INFO]   -> Pause 5s...
2026-08-06 22:00:27,529 [INFO] [13/150] Premier League | 2024-2025 | goal_shot_creation
2026-08-06 22:00:27,530 [INFO]     URL : https://fbref.com/en/comps/9/goal_shot_creation/Premier-League-Stats
2026-08-06 22:00:27,617 [ERROR]     HTTP 403
2026-08-06 22:00:27,619 [WARNING]   -> Echec : ENG_2024-2025_goal_shot_creation
2026-08-06 22:00:27,621 [INFO]   -> Pause 5s...
2026-08-06 22:00:32,622 [INFO] [14/150] Premier League | 2024-2025 | defense
2026-08-06 22:00:32,624 [INFO]     URL : https://fbref.com/en/comps/9/defense/Premier-League-Stats
2026-08-06 22:00:32,701 [ERROR]     HTTP 403
2026-08-06 22:00:32,703 [WARNING]   -> Echec : ENG_2024-2025_defense
2026-08-06 22:00:32,704 [INFO]   -> Pause 5s...
2026-08-06 22:00:37,706 [INFO] [15/150] Premier League | 2024-2025 | possession
2026-08-06 22:00:37,706 [INFO]     URL : https://fbref.com/en/comps/9/possession/Premier-League-Stats
2026-08-06 22:00:37,796 [ERROR]     HTTP 403
2026-08-06 22:00:37,798 [WARNING]   -> Echec : ENG_2024-2025_possession
2026-08-06 22:00:37,799 [INFO]   -> Pause 5s...
2026-08-06 22:00:42,801 [INFO] [16/150] La Liga | 2022-2023 | passing
2026-08-06 22:00:42,801 [INFO]     URL : https://fbref.com/en/comps/12/2022-2023/passing/2022-2023-La-Liga-Stats
2026-08-06 22:00:42,888 [ERROR]     HTTP 403
2026-08-06 22:00:42,890 [WARNING]   -> Echec : ESP_2022-2023_passing
2026-08-06 22:00:42,890 [INFO]   -> Pause 5s...
2026-08-06 22:00:47,891 [INFO] [17/150] La Liga | 2022-2023 | passing_types
2026-08-06 22:00:47,894 [INFO]     URL : https://fbref.com/en/comps/12/2022-2023/passing_types/2022-2023-La-Liga-Stats
2026-08-06 22:00:47,988 [ERROR]     HTTP 403
2026-08-06 22:00:47,989 [WARNING]   -> Echec : ESP_2022-2023_passing_types
2026-08-06 22:00:47,990 [INFO]   -> Pause 5s...
2026-08-06 22:00:52,991 [INFO] [18/150] La Liga | 2022-2023 | goal_shot_creation
2026-08-06 22:00:52,993 [INFO]     URL : https://fbref.com/en/comps/12/2022-2023/goal_shot_creation/2022-2023-La-Liga-Stats
2026-08-06 22:00:53,082 [ERROR]     HTTP 403
2026-08-06 22:00:53,084 [WARNING]   -> Echec : ESP_2022-2023_goal_shot_creation
2026-08-06 22:00:53,085 [INFO]   -> Pause 5s...
2026-08-06 22:00:58,086 [INFO] [19/150] La Liga | 2022-2023 | defense
2026-08-06 22:00:58,088 [INFO]     URL : https://fbref.com/en/comps/12/2022-2023/defense/2022-2023-La-Liga-Stats
2026-08-06 22:00:58,185 [ERROR]     HTTP 403
2026-08-06 22:00:58,186 [WARNING]   -> Echec : ESP_2022-2023_defense
2026-08-06 22:00:58,187 [INFO]   -> Pause 5s...
2026-08-06 22:01:03,188 [INFO] [20/150] La Liga | 2022-2023 | possession
2026-08-06 22:01:03,189 [INFO]     URL : https://fbref.com/en/comps/12/2022-2023/possession/2022-2023-La-Liga-Stats
2026-08-06 22:01:03,295 [ERROR]     HTTP 403
2026-08-06 22:01:03,297 [WARNING]   -> Echec : ESP_2022-2023_possession
2026-08-06 22:01:03,297 [INFO]   -> Pause 5s...
2026-08-06 22:01:08,298 [INFO] [21/150] La Liga | 2023-2024 | passing
2026-08-06 22:01:08,300 [INFO]     URL : https://fbref.com/en/comps/12/2023-2024/passing/2023-2024-La-Liga-Stats
2026-08-06 22:01:08,387 [ERROR]     HTTP 403
2026-08-06 22:01:08,389 [WARNING]   -> Echec : ESP_2023-2024_passing
2026-08-06 22:01:08,390 [INFO]   -> Pause 5s...
2026-08-06 22:01:13,392 [INFO] [22/150] La Liga | 2023-2024 | passing_types
2026-08-06 22:01:13,393 [INFO]     URL : https://fbref.com/en/comps/12/2023-2024/passing_types/2023-2024-La-Liga-Stats
2026-08-06 22:01:13,479 [ERROR]     HTTP 403
2026-08-06 22:01:13,481 [WARNING]   -> Echec : ESP_2023-2024_passing_types
2026-08-06 22:01:13,482 [INFO]   -> Pause 5s...
2026-08-06 22:01:18,483 [INFO] [23/150] La Liga | 2023-2024 | goal_shot_creation
2026-08-06 22:01:18,484 [INFO]     URL : https://fbref.com/en/comps/12/2023-2024/goal_shot_creation/2023-2024-La-Liga-Stats
2026-08-06 22:01:18,570 [ERROR]     HTTP 403
2026-08-06 22:01:18,571 [WARNING]   -> Echec : ESP_2023-2024_goal_shot_creation
2026-08-06 22:01:18,572 [INFO]   -> Pause 5s...
2026-08-06 22:01:23,573 [INFO] [24/150] La Liga | 2023-2024 | defense
2026-08-06 22:01:23,574 [INFO]     URL : https://fbref.com/en/comps/12/2023-2024/defense/2023-2024-La-Liga-Stats
2026-08-06 22:01:23,681 [ERROR]     HTTP 403
2026-08-06 22:01:23,685 [WARNING]   -> Echec : ESP_2023-2024_defense
2026-08-06 22:01:23,685 [INFO]   -> Pause 5s...
2026-08-06 22:01:28,685 [INFO] [25/150] La Liga | 2023-2024 | possession
2026-08-06 22:01:28,686 [INFO]     URL : https://fbref.com/en/comps/12/2023-2024/possession/2023-2024-La-Liga-Stats
2026-08-06 22:01:28,771 [ERROR]     HTTP 403
2026-08-06 22:01:28,773 [WARNING]   -> Echec : ESP_2023-2024_possession
2026-08-06 22:01:28,774 [INFO]   -> Pause 5s...
2026-08-06 22:01:33,775 [INFO] [26/150] La Liga | 2024-2025 | passing
2026-08-06 22:01:33,776 [INFO]     URL : https://fbref.com/en/comps/12/passing/La-Liga-Stats
2026-08-06 22:01:33,877 [ERROR]     HTTP 403
2026-08-06 22:01:33,879 [WARNING]   -> Echec : ESP_2024-2025_passing
2026-08-06 22:01:33,880 [INFO]   -> Pause 5s...
2026-08-06 22:01:38,881 [INFO] [27/150] La Liga | 2024-2025 | passing_types
2026-08-06 22:01:38,882 [INFO]     URL : https://fbref.com/en/comps/12/passing_types/La-Liga-Stats
2026-08-06 22:01:39,009 [ERROR]     HTTP 403
2026-08-06 22:01:39,010 [WARNING]   -> Echec : ESP_2024-2025_passing_types
2026-08-06 22:01:39,011 [INFO]   -> Pause 5s...
2026-08-06 22:01:44,012 [INFO] [28/150] La Liga | 2024-2025 | goal_shot_creation
2026-08-06 22:01:44,014 [INFO]     URL : https://fbref.com/en/comps/12/goal_shot_creation/La-Liga-Stats
2026-08-06 22:01:44,122 [ERROR]     HTTP 403
2026-08-06 22:01:44,124 [WARNING]   -> Echec : ESP_2024-2025_goal_shot_creation
2026-08-06 22:01:44,124 [INFO]   -> Pause 5s...
2026-08-06 22:01:49,125 [INFO] [29/150] La Liga | 2024-2025 | defense
2026-08-06 22:01:49,127 [INFO]     URL : https://fbref.com/en/comps/12/defense/La-Liga-Stats
2026-08-06 22:01:49,216 [ERROR]     HTTP 403
2026-08-06 22:01:49,218 [WARNING]   -> Echec : ESP_2024-2025_defense
2026-08-06 22:01:49,219 [INFO]   -> Pause 5s...
2026-08-06 22:01:54,220 [INFO] [30/150] La Liga | 2024-2025 | possession
2026-08-06 22:01:54,220 [INFO]     URL : https://fbref.com/en/comps/12/possession/La-Liga-Stats
2026-08-06 22:01:54,321 [ERROR]     HTTP 403
2026-08-06 22:01:54,323 [WARNING]   -> Echec : ESP_2024-2025_possession
2026-08-06 22:01:54,324 [INFO]   -> Pause 5s...
2026-08-06 22:01:59,324 [INFO] [31/150] Bundesliga | 2022-2023 | passing
2026-08-06 22:01:59,327 [INFO]     URL : https://fbref.com/en/comps/20/2022-2023/passing/2022-2023-Bundesliga-Stats
2026-08-06 22:01:59,422 [ERROR]     HTTP 403
2026-08-06 22:01:59,423 [WARNING]   -> Echec : GER_2022-2023_passing
2026-08-06 22:01:59,424 [INFO]   -> Pause 5s...
2026-08-06 22:02:04,425 [INFO] [32/150] Bundesliga | 2022-2023 | passing_types
2026-08-06 22:02:04,427 [INFO]     URL : https://fbref.com/en/comps/20/2022-2023/passing_types/2022-2023-Bundesliga-Stats
2026-08-06 22:02:04,539 [ERROR]     HTTP 403
2026-08-06 22:02:04,542 [WARNING]   -> Echec : GER_2022-2023_passing_types
2026-08-06 22:02:04,543 [INFO]   -> Pause 5s...
2026-08-06 22:02:09,544 [INFO] [33/150] Bundesliga | 2022-2023 | goal_shot_creation
2026-08-06 22:02:09,546 [INFO]     URL : https://fbref.com/en/comps/20/2022-2023/goal_shot_creation/2022-2023-Bundesliga-Stats
2026-08-06 22:02:09,648 [ERROR]     HTTP 403
2026-08-06 22:02:09,651 [WARNING]   -> Echec : GER_2022-2023_goal_shot_creation
2026-08-06 22:02:09,651 [INFO]   -> Pause 5s...
2026-08-06 22:02:14,653 [INFO] [34/150] Bundesliga | 2022-2023 | defense
2026-08-06 22:02:14,653 [INFO]     URL : https://fbref.com/en/comps/20/2022-2023/defense/2022-2023-Bundesliga-Stats
2026-08-06 22:02:14,742 [ERROR]     HTTP 403
2026-08-06 22:02:14,744 [WARNING]   -> Echec : GER_2022-2023_defense
2026-08-06 22:02:14,746 [INFO]   -> Pause 5s...
2026-08-06 22:02:19,747 [INFO] [35/150] Bundesliga | 2022-2023 | possession
2026-08-06 22:02:19,748 [INFO]     URL : https://fbref.com/en/comps/20/2022-2023/possession/2022-2023-Bundesliga-Stats
2026-08-06 22:02:19,843 [ERROR]     HTTP 403
2026-08-06 22:02:19,844 [WARNING]   -> Echec : GER_2022-2023_possession
2026-08-06 22:02:19,845 [INFO]   -> Pause 5s...
2026-08-06 22:02:24,846 [INFO] [36/150] Bundesliga | 2023-2024 | passing
2026-08-06 22:02:24,848 [INFO]     URL : https://fbref.com/en/comps/20/2023-2024/passing/2023-2024-Bundesliga-Stats
2026-08-06 22:02:24,923 [ERROR]     HTTP 403
2026-08-06 22:02:24,925 [WARNING]   -> Echec : GER_2023-2024_passing
2026-08-06 22:02:24,925 [INFO]   -> Pause 5s...
2026-08-06 22:02:29,927 [INFO] [37/150] Bundesliga | 2023-2024 | passing_types
2026-08-06 22:02:29,928 [INFO]     URL : https://fbref.com/en/comps/20/2023-2024/passing_types/2023-2024-Bundesliga-Stats
2026-08-06 22:02:30,054 [ERROR]     HTTP 403
2026-08-06 22:02:30,055 [WARNING]   -> Echec : GER_2023-2024_passing_types
2026-08-06 22:02:30,056 [INFO]   -> Pause 5s...
2026-08-06 22:02:35,057 [INFO] [38/150] Bundesliga | 2023-2024 | goal_shot_creation
2026-08-06 22:02:35,059 [INFO]     URL : https://fbref.com/en/comps/20/2023-2024/goal_shot_creation/2023-2024-Bundesliga-Stats
2026-08-06 22:02:35,141 [ERROR]     HTTP 403
2026-08-06 22:02:35,143 [WARNING]   -> Echec : GER_2023-2024_goal_shot_creation
2026-08-06 22:02:35,144 [INFO]   -> Pause 5s...
2026-08-06 22:02:40,145 [INFO] [39/150] Bundesliga | 2023-2024 | defense
2026-08-06 22:02:40,145 [INFO]     URL : https://fbref.com/en/comps/20/2023-2024/defense/2023-2024-Bundesliga-Stats
2026-08-06 22:02:40,241 [ERROR]     HTTP 403
2026-08-06 22:02:40,243 [WARNING]   -> Echec : GER_2023-2024_defense
2026-08-06 22:02:40,244 [INFO]   -> Pause 5s...
2026-08-06 22:02:45,245 [INFO] [40/150] Bundesliga | 2023-2024 | possession
2026-08-06 22:02:45,247 [INFO]     URL : https://fbref.com/en/comps/20/2023-2024/possession/2023-2024-Bundesliga-Stats
2026-08-06 22:02:45,338 [ERROR]     HTTP 403
2026-08-06 22:02:45,339 [WARNING]   -> Echec : GER_2023-2024_possession
2026-08-06 22:02:45,340 [INFO]   -> Pause 5s...
2026-08-06 22:02:50,341 [INFO] [41/150] Bundesliga | 2024-2025 | passing
2026-08-06 22:02:50,343 [INFO]     URL : https://fbref.com/en/comps/20/passing/Bundesliga-Stats
2026-08-06 22:02:50,435 [ERROR]     HTTP 403
2026-08-06 22:02:50,437 [WARNING]   -> Echec : GER_2024-2025_passing
2026-08-06 22:02:50,438 [INFO]   -> Pause 5s...
2026-08-06 22:02:55,439 [INFO] [42/150] Bundesliga | 2024-2025 | passing_types
2026-08-06 22:02:55,441 [INFO]     URL : https://fbref.com/en/comps/20/passing_types/Bundesliga-Stats
2026-08-06 22:02:55,524 [ERROR]     HTTP 403
2026-08-06 22:02:55,526 [WARNING]   -> Echec : GER_2024-2025_passing_types
2026-08-06 22:02:55,527 [INFO]   -> Pause 5s...
2026-08-06 22:03:00,528 [INFO] [43/150] Bundesliga | 2024-2025 | goal_shot_creation
2026-08-06 22:03:00,531 [INFO]     URL : https://fbref.com/en/comps/20/goal_shot_creation/Bundesliga-Stats
2026-08-06 22:03:00,624 [ERROR]     HTTP 403
2026-08-06 22:03:00,626 [WARNING]   -> Echec : GER_2024-2025_goal_shot_creation
2026-08-06 22:03:00,627 [INFO]   -> Pause 5s...
2026-08-06 22:03:05,628 [INFO] [44/150] Bundesliga | 2024-2025 | defense
2026-08-06 22:03:05,631 [INFO]     URL : https://fbref.com/en/comps/20/defense/Bundesliga-Stats
2026-08-06 22:03:05,718 [ERROR]     HTTP 403
2026-08-06 22:03:05,720 [WARNING]   -> Echec : GER_2024-2025_defense
2026-08-06 22:03:05,721 [INFO]   -> Pause 5s...
2026-08-06 22:03:10,722 [INFO] [45/150] Bundesliga | 2024-2025 | possession
2026-08-06 22:03:10,723 [INFO]     URL : https://fbref.com/en/comps/20/possession/Bundesliga-Stats
2026-08-06 22:03:10,818 [ERROR]     HTTP 403
2026-08-06 22:03:10,820 [WARNING]   -> Echec : GER_2024-2025_possession
2026-08-06 22:03:10,822 [INFO]   -> Pause 5s...
2026-08-06 22:03:15,823 [INFO] [46/150] Serie A | 2022-2023 | passing
2026-08-06 22:03:15,824 [INFO]     URL : https://fbref.com/en/comps/11/2022-2023/passing/2022-2023-Serie-A-Stats
2026-08-06 22:03:15,916 [ERROR]     HTTP 403
2026-08-06 22:03:15,918 [WARNING]   -> Echec : ITA_2022-2023_passing
2026-08-06 22:03:15,919 [INFO]   -> Pause 5s...
2026-08-06 22:03:20,920 [INFO] [47/150] Serie A | 2022-2023 | passing_types
2026-08-06 22:03:20,921 [INFO]     URL : https://fbref.com/en/comps/11/2022-2023/passing_types/2022-2023-Serie-A-Stats
2026-08-06 22:03:21,004 [ERROR]     HTTP 403
2026-08-06 22:03:21,006 [WARNING]   -> Echec : ITA_2022-2023_passing_types
2026-08-06 22:03:21,007 [INFO]   -> Pause 5s...
2026-08-06 22:03:26,008 [INFO] [48/150] Serie A | 2022-2023 | goal_shot_creation
2026-08-06 22:03:26,010 [INFO]     URL : https://fbref.com/en/comps/11/2022-2023/goal_shot_creation/2022-2023-Serie-A-Stats
2026-08-06 22:03:26,095 [ERROR]     HTTP 403
2026-08-06 22:03:26,096 [WARNING]   -> Echec : ITA_2022-2023_goal_shot_creation
2026-08-06 22:03:26,098 [INFO]   -> Pause 5s...
2026-08-06 22:03:31,099 [INFO] [49/150] Serie A | 2022-2023 | defense
2026-08-06 22:03:31,100 [INFO]     URL : https://fbref.com/en/comps/11/2022-2023/defense/2022-2023-Serie-A-Stats
2026-08-06 22:03:31,183 [ERROR]     HTTP 403
2026-08-06 22:03:31,183 [WARNING]   -> Echec : ITA_2022-2023_defense
2026-08-06 22:03:31,184 [INFO]   -> Pause 5s...
2026-08-06 22:03:36,184 [INFO] [50/150] Serie A | 2022-2023 | possession
2026-08-06 22:03:36,185 [INFO]     URL : https://fbref.com/en/comps/11/2022-2023/possession/2022-2023-Serie-A-Stats
2026-08-06 22:03:36,276 [ERROR]     HTTP 403
2026-08-06 22:03:36,278 [WARNING]   -> Echec : ITA_2022-2023_possession
2026-08-06 22:03:36,278 [INFO]   -> Pause 5s...
2026-08-06 22:03:41,281 [INFO] [51/150] Serie A | 2023-2024 | passing
2026-08-06 22:03:41,284 [INFO]     URL : https://fbref.com/en/comps/11/2023-2024/passing/2023-2024-Serie-A-Stats
2026-08-06 22:03:41,362 [ERROR]     HTTP 403
2026-08-06 22:03:41,364 [WARNING]   -> Echec : ITA_2023-2024_passing
2026-08-06 22:03:41,365 [INFO]   -> Pause 5s...
2026-08-06 22:03:46,366 [INFO] [52/150] Serie A | 2023-2024 | passing_types
2026-08-06 22:03:46,366 [INFO]     URL : https://fbref.com/en/comps/11/2023-2024/passing_types/2023-2024-Serie-A-Stats
2026-08-06 22:03:46,438 [ERROR]     HTTP 403
2026-08-06 22:03:46,440 [WARNING]   -> Echec : ITA_2023-2024_passing_types
2026-08-06 22:03:46,440 [INFO]   -> Pause 5s...
2026-08-06 22:03:51,442 [INFO] [53/150] Serie A | 2023-2024 | goal_shot_creation
2026-08-06 22:03:51,444 [INFO]     URL : https://fbref.com/en/comps/11/2023-2024/goal_shot_creation/2023-2024-Serie-A-Stats
2026-08-06 22:03:51,535 [ERROR]     HTTP 403
2026-08-06 22:03:51,537 [WARNING]   -> Echec : ITA_2023-2024_goal_shot_creation
2026-08-06 22:03:51,537 [INFO]   -> Pause 5s...
2026-08-06 22:03:56,538 [INFO] [54/150] Serie A | 2023-2024 | defense
2026-08-06 22:03:56,540 [INFO]     URL : https://fbref.com/en/comps/11/2023-2024/defense/2023-2024-Serie-A-Stats
2026-08-06 22:03:56,624 [ERROR]     HTTP 403
2026-08-06 22:03:56,626 [WARNING]   -> Echec : ITA_2023-2024_defense
2026-08-06 22:03:56,627 [INFO]   -> Pause 5s...
2026-08-06 22:04:01,628 [INFO] [55/150] Serie A | 2023-2024 | possession
2026-08-06 22:04:01,629 [INFO]     URL : https://fbref.com/en/comps/11/2023-2024/possession/2023-2024-Serie-A-Stats
2026-08-06 22:04:01,710 [ERROR]     HTTP 403
2026-08-06 22:04:01,713 [WARNING]   -> Echec : ITA_2023-2024_possession
2026-08-06 22:04:01,714 [INFO]   -> Pause 5s...
2026-08-06 22:04:06,716 [INFO] [56/150] Serie A | 2024-2025 | passing
2026-08-06 22:04:06,716 [INFO]     URL : https://fbref.com/en/comps/11/passing/Serie-A-Stats
2026-08-06 22:04:06,794 [ERROR]     HTTP 403
2026-08-06 22:04:06,797 [WARNING]   -> Echec : ITA_2024-2025_passing
2026-08-06 22:04:06,798 [INFO]   -> Pause 5s...
2026-08-06 22:04:11,799 [INFO] [57/150] Serie A | 2024-2025 | passing_types
2026-08-06 22:04:11,800 [INFO]     URL : https://fbref.com/en/comps/11/passing_types/Serie-A-Stats
2026-08-06 22:04:11,895 [ERROR]     HTTP 403
2026-08-06 22:04:11,897 [WARNING]   -> Echec : ITA_2024-2025_passing_types
2026-08-06 22:04:11,898 [INFO]   -> Pause 5s...
2026-08-06 22:04:16,899 [INFO] [58/150] Serie A | 2024-2025 | goal_shot_creation
2026-08-06 22:04:16,900 [INFO]     URL : https://fbref.com/en/comps/11/goal_shot_creation/Serie-A-Stats
2026-08-06 22:04:16,982 [ERROR]     HTTP 403
2026-08-06 22:04:16,984 [WARNING]   -> Echec : ITA_2024-2025_goal_shot_creation
2026-08-06 22:04:16,984 [INFO]   -> Pause 5s...
2026-08-06 22:04:21,985 [INFO] [59/150] Serie A | 2024-2025 | defense
2026-08-06 22:04:21,985 [INFO]     URL : https://fbref.com/en/comps/11/defense/Serie-A-Stats
2026-08-06 22:04:22,087 [ERROR]     HTTP 403
2026-08-06 22:04:22,089 [WARNING]   -> Echec : ITA_2024-2025_defense
2026-08-06 22:04:22,089 [INFO]   -> Pause 5s...
2026-08-06 22:04:27,090 [INFO] [60/150] Serie A | 2024-2025 | possession
2026-08-06 22:04:27,091 [INFO]     URL : https://fbref.com/en/comps/11/possession/Serie-A-Stats
2026-08-06 22:04:27,165 [ERROR]     HTTP 403
2026-08-06 22:04:27,167 [WARNING]   -> Echec : ITA_2024-2025_possession
2026-08-06 22:04:27,167 [INFO]   -> Pause 5s...
2026-08-06 22:04:32,168 [INFO] [61/150] Ligue 1 | 2022-2023 | passing
2026-08-06 22:04:32,170 [INFO]     URL : https://fbref.com/en/comps/13/2022-2023/passing/2022-2023-Ligue-1-Stats
2026-08-06 22:04:32,239 [ERROR]     HTTP 403
2026-08-06 22:04:32,241 [WARNING]   -> Echec : FRA_2022-2023_passing
2026-08-06 22:04:32,241 [INFO]   -> Pause 5s...
2026-08-06 22:04:37,243 [INFO] [62/150] Ligue 1 | 2022-2023 | passing_types
2026-08-06 22:04:37,245 [INFO]     URL : https://fbref.com/en/comps/13/2022-2023/passing_types/2022-2023-Ligue-1-Stats
2026-08-06 22:04:37,334 [ERROR]     HTTP 403
2026-08-06 22:04:37,335 [WARNING]   -> Echec : FRA_2022-2023_passing_types
2026-08-06 22:04:37,336 [INFO]   -> Pause 5s...
2026-08-06 22:04:42,337 [INFO] [63/150] Ligue 1 | 2022-2023 | goal_shot_creation
2026-08-06 22:04:42,339 [INFO]     URL : https://fbref.com/en/comps/13/2022-2023/goal_shot_creation/2022-2023-Ligue-1-Stats
2026-08-06 22:04:42,421 [ERROR]     HTTP 403
2026-08-06 22:04:42,423 [WARNING]   -> Echec : FRA_2022-2023_goal_shot_creation
2026-08-06 22:04:42,425 [INFO]   -> Pause 5s...
2026-08-06 22:04:47,425 [INFO] [64/150] Ligue 1 | 2022-2023 | defense
2026-08-06 22:04:47,427 [INFO]     URL : https://fbref.com/en/comps/13/2022-2023/defense/2022-2023-Ligue-1-Stats
2026-08-06 22:04:47,511 [ERROR]     HTTP 403
2026-08-06 22:04:47,513 [WARNING]   -> Echec : FRA_2022-2023_defense
2026-08-06 22:04:47,514 [INFO]   -> Pause 5s...
2026-08-06 22:04:52,515 [INFO] [65/150] Ligue 1 | 2022-2023 | possession
2026-08-06 22:04:52,516 [INFO]     URL : https://fbref.com/en/comps/13/2022-2023/possession/2022-2023-Ligue-1-Stats
2026-08-06 22:04:52,654 [ERROR]     HTTP 403
2026-08-06 22:04:52,658 [WARNING]   -> Echec : FRA_2022-2023_possession
2026-08-06 22:04:52,658 [INFO]   -> Pause 5s...
2026-08-06 22:04:57,660 [INFO] [66/150] Ligue 1 | 2023-2024 | passing
2026-08-06 22:04:57,661 [INFO]     URL : https://fbref.com/en/comps/13/2023-2024/passing/2023-2024-Ligue-1-Stats
2026-08-06 22:04:57,776 [ERROR]     HTTP 403
2026-08-06 22:04:57,779 [WARNING]   -> Echec : FRA_2023-2024_passing
2026-08-06 22:04:57,780 [INFO]   -> Pause 5s...
2026-08-06 22:05:02,782 [INFO] [67/150] Ligue 1 | 2023-2024 | passing_types
2026-08-06 22:05:02,782 [INFO]     URL : https://fbref.com/en/comps/13/2023-2024/passing_types/2023-2024-Ligue-1-Stats
2026-08-06 22:05:02,889 [ERROR]     HTTP 403
2026-08-06 22:05:02,892 [WARNING]   -> Echec : FRA_2023-2024_passing_types
2026-08-06 22:05:02,893 [INFO]   -> Pause 5s...
2026-08-06 22:05:07,894 [INFO] [68/150] Ligue 1 | 2023-2024 | goal_shot_creation
2026-08-06 22:05:07,895 [INFO]     URL : https://fbref.com/en/comps/13/2023-2024/goal_shot_creation/2023-2024-Ligue-1-Stats
2026-08-06 22:05:08,035 [ERROR]     HTTP 403
2026-08-06 22:05:08,038 [WARNING]   -> Echec : FRA_2023-2024_goal_shot_creation
2026-08-06 22:05:08,039 [INFO]   -> Pause 5s...
2026-08-06 22:05:13,040 [INFO] [69/150] Ligue 1 | 2023-2024 | defense
2026-08-06 22:05:13,041 [INFO]     URL : https://fbref.com/en/comps/13/2023-2024/defense/2023-2024-Ligue-1-Stats
2026-08-06 22:05:13,157 [ERROR]     HTTP 403
2026-08-06 22:05:13,160 [WARNING]   -> Echec : FRA_2023-2024_defense
2026-08-06 22:05:13,161 [INFO]   -> Pause 5s...
2026-08-06 22:05:18,162 [INFO] [70/150] Ligue 1 | 2023-2024 | possession
2026-08-06 22:05:18,163 [INFO]     URL : https://fbref.com/en/comps/13/2023-2024/possession/2023-2024-Ligue-1-Stats
2026-08-06 22:05:18,269 [ERROR]     HTTP 403
2026-08-06 22:05:18,272 [WARNING]   -> Echec : FRA_2023-2024_possession
2026-08-06 22:05:18,272 [INFO]   -> Pause 5s...
2026-08-06 22:05:23,274 [INFO] [71/150] Ligue 1 | 2024-2025 | passing
2026-08-06 22:05:23,274 [INFO]     URL : https://fbref.com/en/comps/13/passing/Ligue-1-Stats
2026-08-06 22:05:23,389 [ERROR]     HTTP 403
2026-08-06 22:05:23,393 [WARNING]   -> Echec : FRA_2024-2025_passing
2026-08-06 22:05:23,393 [INFO]   -> Pause 5s...
2026-08-06 22:05:28,395 [INFO] [72/150] Ligue 1 | 2024-2025 | passing_types
2026-08-06 22:05:28,395 [INFO]     URL : https://fbref.com/en/comps/13/passing_types/Ligue-1-Stats
2026-08-06 22:05:28,501 [ERROR]     HTTP 403
2026-08-06 22:05:28,504 [WARNING]   -> Echec : FRA_2024-2025_passing_types
2026-08-06 22:05:28,505 [INFO]   -> Pause 5s...
2026-08-06 22:05:33,506 [INFO] [73/150] Ligue 1 | 2024-2025 | goal_shot_creation
2026-08-06 22:05:33,507 [INFO]     URL : https://fbref.com/en/comps/13/goal_shot_creation/Ligue-1-Stats
2026-08-06 22:05:33,628 [ERROR]     HTTP 403
2026-08-06 22:05:33,632 [WARNING]   -> Echec : FRA_2024-2025_goal_shot_creation
2026-08-06 22:05:33,632 [INFO]   -> Pause 5s...
2026-08-06 22:05:38,633 [INFO] [74/150] Ligue 1 | 2024-2025 | defense
2026-08-06 22:05:38,634 [INFO]     URL : https://fbref.com/en/comps/13/defense/Ligue-1-Stats
2026-08-06 22:05:38,762 [ERROR]     HTTP 403
2026-08-06 22:05:38,765 [WARNING]   -> Echec : FRA_2024-2025_defense
2026-08-06 22:05:38,766 [INFO]   -> Pause 5s...
2026-08-06 22:05:43,767 [INFO] [75/150] Ligue 1 | 2024-2025 | possession
2026-08-06 22:05:43,768 [INFO]     URL : https://fbref.com/en/comps/13/possession/Ligue-1-Stats
2026-08-06 22:05:43,877 [ERROR]     HTTP 403
2026-08-06 22:05:43,881 [WARNING]   -> Echec : FRA_2024-2025_possession
2026-08-06 22:05:43,882 [INFO]   -> Pause 5s...
2026-08-06 22:05:48,883 [INFO] [76/150] Primeira Liga | 2022-2023 | passing
2026-08-06 22:05:48,884 [INFO]     URL : https://fbref.com/en/comps/32/2022-2023/passing/2022-2023-Primeira-Liga-Stats
2026-08-06 22:05:49,013 [ERROR]     HTTP 403
2026-08-06 22:05:49,016 [WARNING]   -> Echec : POR_2022-2023_passing
2026-08-06 22:05:49,017 [INFO]   -> Pause 5s...
2026-08-06 22:05:54,019 [INFO] [77/150] Primeira Liga | 2022-2023 | passing_types
2026-08-06 22:05:54,019 [INFO]     URL : https://fbref.com/en/comps/32/2022-2023/passing_types/2022-2023-Primeira-Liga-Stats
2026-08-06 22:05:54,138 [ERROR]     HTTP 403
2026-08-06 22:05:54,141 [WARNING]   -> Echec : POR_2022-2023_passing_types
2026-08-06 22:05:54,142 [INFO]   -> Pause 5s...
2026-08-06 22:05:59,144 [INFO] [78/150] Primeira Liga | 2022-2023 | goal_shot_creation
2026-08-06 22:05:59,144 [INFO]     URL : https://fbref.com/en/comps/32/2022-2023/goal_shot_creation/2022-2023-Primeira-Liga-Stats
2026-08-06 22:05:59,253 [ERROR]     HTTP 403
2026-08-06 22:05:59,256 [WARNING]   -> Echec : POR_2022-2023_goal_shot_creation
2026-08-06 22:05:59,256 [INFO]   -> Pause 5s...
2026-08-06 22:06:04,258 [INFO] [79/150] Primeira Liga | 2022-2023 | defense
2026-08-06 22:06:04,258 [INFO]     URL : https://fbref.com/en/comps/32/2022-2023/defense/2022-2023-Primeira-Liga-Stats
2026-08-06 22:06:04,385 [ERROR]     HTTP 403
2026-08-06 22:06:04,388 [WARNING]   -> Echec : POR_2022-2023_defense
2026-08-06 22:06:04,389 [INFO]   -> Pause 5s...
2026-08-06 22:06:09,390 [INFO] [80/150] Primeira Liga | 2022-2023 | possession
2026-08-06 22:06:09,391 [INFO]     URL : https://fbref.com/en/comps/32/2022-2023/possession/2022-2023-Primeira-Liga-Stats
2026-08-06 22:06:09,521 [ERROR]     HTTP 403
2026-08-06 22:06:09,526 [WARNING]   -> Echec : POR_2022-2023_possession
2026-08-06 22:06:09,527 [INFO]   -> Pause 5s...
2026-08-06 22:06:14,528 [INFO] [81/150] Primeira Liga | 2023-2024 | passing
2026-08-06 22:06:14,528 [INFO]     URL : https://fbref.com/en/comps/32/2023-2024/passing/2023-2024-Primeira-Liga-Stats
2026-08-06 22:06:14,635 [ERROR]     HTTP 403
2026-08-06 22:06:14,638 [WARNING]   -> Echec : POR_2023-2024_passing
2026-08-06 22:06:14,639 [INFO]   -> Pause 5s...
2026-08-06 22:06:19,641 [INFO] [82/150] Primeira Liga | 2023-2024 | passing_types
2026-08-06 22:06:19,642 [INFO]     URL : https://fbref.com/en/comps/32/2023-2024/passing_types/2023-2024-Primeira-Liga-Stats
2026-08-06 22:06:19,754 [ERROR]     HTTP 403
2026-08-06 22:06:19,759 [WARNING]   -> Echec : POR_2023-2024_passing_types
2026-08-06 22:06:19,760 [INFO]   -> Pause 5s...
2026-08-06 22:06:24,762 [INFO] [83/150] Primeira Liga | 2023-2024 | goal_shot_creation
2026-08-06 22:06:24,763 [INFO]     URL : https://fbref.com/en/comps/32/2023-2024/goal_shot_creation/2023-2024-Primeira-Liga-Stats
2026-08-06 22:06:24,889 [ERROR]     HTTP 403
2026-08-06 22:06:24,892 [WARNING]   -> Echec : POR_2023-2024_goal_shot_creation
2026-08-06 22:06:24,892 [INFO]   -> Pause 5s...
2026-08-06 22:06:29,893 [INFO] [84/150] Primeira Liga | 2023-2024 | defense
2026-08-06 22:06:29,894 [INFO]     URL : https://fbref.com/en/comps/32/2023-2024/defense/2023-2024-Primeira-Liga-Stats
2026-08-06 22:06:30,008 [ERROR]     HTTP 403
2026-08-06 22:06:30,011 [WARNING]   -> Echec : POR_2023-2024_defense
2026-08-06 22:06:30,012 [INFO]   -> Pause 5s...
2026-08-06 22:06:35,013 [INFO] [85/150] Primeira Liga | 2023-2024 | possession
2026-08-06 22:06:35,014 [INFO]     URL : https://fbref.com/en/comps/32/2023-2024/possession/2023-2024-Primeira-Liga-Stats
2026-08-06 22:06:35,122 [ERROR]     HTTP 403
2026-08-06 22:06:35,125 [WARNING]   -> Echec : POR_2023-2024_possession
2026-08-06 22:06:35,126 [INFO]   -> Pause 5s...
2026-08-06 22:06:40,126 [INFO] [86/150] Primeira Liga | 2024-2025 | passing
2026-08-06 22:06:40,127 [INFO]     URL : https://fbref.com/en/comps/32/passing/Primeira-Liga-Stats
2026-08-06 22:06:40,250 [ERROR]     HTTP 403
2026-08-06 22:06:40,253 [WARNING]   -> Echec : POR_2024-2025_passing
2026-08-06 22:06:40,254 [INFO]   -> Pause 5s...
2026-08-06 22:06:45,255 [INFO] [87/150] Primeira Liga | 2024-2025 | passing_types
2026-08-06 22:06:45,257 [INFO]     URL : https://fbref.com/en/comps/32/passing_types/Primeira-Liga-Stats
2026-08-06 22:06:45,372 [ERROR]     HTTP 403
2026-08-06 22:06:45,374 [WARNING]   -> Echec : POR_2024-2025_passing_types
2026-08-06 22:06:45,375 [INFO]   -> Pause 5s...
2026-08-06 22:06:50,376 [INFO] [88/150] Primeira Liga | 2024-2025 | goal_shot_creation
2026-08-06 22:06:50,377 [INFO]     URL : https://fbref.com/en/comps/32/goal_shot_creation/Primeira-Liga-Stats
2026-08-06 22:06:50,515 [ERROR]     HTTP 403
2026-08-06 22:06:50,518 [WARNING]   -> Echec : POR_2024-2025_goal_shot_creation
2026-08-06 22:06:50,519 [INFO]   -> Pause 5s...
2026-08-06 22:06:55,520 [INFO] [89/150] Primeira Liga | 2024-2025 | defense
2026-08-06 22:06:55,521 [INFO]     URL : https://fbref.com/en/comps/32/defense/Primeira-Liga-Stats
2026-08-06 22:06:55,643 [ERROR]     HTTP 403
2026-08-06 22:06:55,646 [WARNING]   -> Echec : POR_2024-2025_defense
2026-08-06 22:06:55,647 [INFO]   -> Pause 5s...
2026-08-06 22:07:00,650 [INFO] [90/150] Primeira Liga | 2024-2025 | possession
2026-08-06 22:07:00,650 [INFO]     URL : https://fbref.com/en/comps/32/possession/Primeira-Liga-Stats
2026-08-06 22:07:00,753 [ERROR]     HTTP 403
2026-08-06 22:07:00,756 [WARNING]   -> Echec : POR_2024-2025_possession
2026-08-06 22:07:00,757 [INFO]   -> Pause 5s...
2026-08-06 22:07:05,758 [INFO] [91/150] Eredivisie | 2022-2023 | passing
2026-08-06 22:07:05,759 [INFO]     URL : https://fbref.com/en/comps/23/2022-2023/passing/2022-2023-Eredivisie-Stats
2026-08-06 22:07:05,877 [ERROR]     HTTP 403
2026-08-06 22:07:05,881 [WARNING]   -> Echec : NED_2022-2023_passing
2026-08-06 22:07:05,881 [INFO]   -> Pause 5s...
2026-08-06 22:07:10,882 [INFO] [92/150] Eredivisie | 2022-2023 | passing_types
2026-08-06 22:07:10,883 [INFO]     URL : https://fbref.com/en/comps/23/2022-2023/passing_types/2022-2023-Eredivisie-Stats
2026-08-06 22:07:11,010 [ERROR]     HTTP 403
2026-08-06 22:07:11,014 [WARNING]   -> Echec : NED_2022-2023_passing_types
2026-08-06 22:07:11,014 [INFO]   -> Pause 5s...
2026-08-06 22:07:16,015 [INFO] [93/150] Eredivisie | 2022-2023 | goal_shot_creation
2026-08-06 22:07:16,016 [INFO]     URL : https://fbref.com/en/comps/23/2022-2023/goal_shot_creation/2022-2023-Eredivisie-Stats
2026-08-06 22:07:16,124 [ERROR]     HTTP 403
2026-08-06 22:07:16,127 [WARNING]   -> Echec : NED_2022-2023_goal_shot_creation
2026-08-06 22:07:16,128 [INFO]   -> Pause 5s...
2026-08-06 22:07:21,131 [INFO] [94/150] Eredivisie | 2022-2023 | defense
2026-08-06 22:07:21,131 [INFO]     URL : https://fbref.com/en/comps/23/2022-2023/defense/2022-2023-Eredivisie-Stats
2026-08-06 22:07:21,259 [ERROR]     HTTP 403
2026-08-06 22:07:21,263 [WARNING]   -> Echec : NED_2022-2023_defense
2026-08-06 22:07:21,264 [INFO]   -> Pause 5s...
2026-08-06 22:07:26,265 [INFO] [95/150] Eredivisie | 2022-2023 | possession
2026-08-06 22:07:26,266 [INFO]     URL : https://fbref.com/en/comps/23/2022-2023/possession/2022-2023-Eredivisie-Stats
2026-08-06 22:07:26,391 [ERROR]     HTTP 403
2026-08-06 22:07:26,394 [WARNING]   -> Echec : NED_2022-2023_possession
2026-08-06 22:07:26,397 [INFO]   -> Pause 5s...
2026-08-06 22:07:31,399 [INFO] [96/150] Eredivisie | 2023-2024 | passing
2026-08-06 22:07:31,400 [INFO]     URL : https://fbref.com/en/comps/23/2023-2024/passing/2023-2024-Eredivisie-Stats
2026-08-06 22:07:31,560 [ERROR]     HTTP 403
2026-08-06 22:07:31,563 [WARNING]   -> Echec : NED_2023-2024_passing
2026-08-06 22:07:31,564 [INFO]   -> Pause 5s...
2026-08-06 22:07:36,566 [INFO] [97/150] Eredivisie | 2023-2024 | passing_types
2026-08-06 22:07:36,566 [INFO]     URL : https://fbref.com/en/comps/23/2023-2024/passing_types/2023-2024-Eredivisie-Stats
2026-08-06 22:07:36,682 [ERROR]     HTTP 403
2026-08-06 22:07:36,686 [WARNING]   -> Echec : NED_2023-2024_passing_types
2026-08-06 22:07:36,686 [INFO]   -> Pause 5s...
2026-08-06 22:07:41,688 [INFO] [98/150] Eredivisie | 2023-2024 | goal_shot_creation
2026-08-06 22:07:41,688 [INFO]     URL : https://fbref.com/en/comps/23/2023-2024/goal_shot_creation/2023-2024-Eredivisie-Stats
2026-08-06 22:07:41,810 [ERROR]     HTTP 403
2026-08-06 22:07:41,812 [WARNING]   -> Echec : NED_2023-2024_goal_shot_creation
2026-08-06 22:07:41,813 [INFO]   -> Pause 5s...
2026-08-06 22:07:46,814 [INFO] [99/150] Eredivisie | 2023-2024 | defense
2026-08-06 22:07:46,815 [INFO]     URL : https://fbref.com/en/comps/23/2023-2024/defense/2023-2024-Eredivisie-Stats
2026-08-06 22:07:46,937 [ERROR]     HTTP 403
2026-08-06 22:07:46,941 [WARNING]   -> Echec : NED_2023-2024_defense
2026-08-06 22:07:46,941 [INFO]   -> Pause 5s...
2026-08-06 22:07:51,942 [INFO] [100/150] Eredivisie | 2023-2024 | possession
2026-08-06 22:07:51,943 [INFO]     URL : https://fbref.com/en/comps/23/2023-2024/possession/2023-2024-Eredivisie-Stats
2026-08-06 22:07:52,058 [ERROR]     HTTP 403
2026-08-06 22:07:52,061 [WARNING]   -> Echec : NED_2023-2024_possession
2026-08-06 22:07:52,062 [INFO]   -> Pause 5s...
2026-08-06 22:07:57,062 [INFO] [101/150] Eredivisie | 2024-2025 | passing
2026-08-06 22:07:57,063 [INFO]     URL : https://fbref.com/en/comps/23/passing/Eredivisie-Stats
2026-08-06 22:07:57,185 [ERROR]     HTTP 403
2026-08-06 22:07:57,189 [WARNING]   -> Echec : NED_2024-2025_passing
2026-08-06 22:07:57,190 [INFO]   -> Pause 5s...
2026-08-06 22:08:02,192 [INFO] [102/150] Eredivisie | 2024-2025 | passing_types
2026-08-06 22:08:02,193 [INFO]     URL : https://fbref.com/en/comps/23/passing_types/Eredivisie-Stats
2026-08-06 22:08:02,298 [ERROR]     HTTP 403
2026-08-06 22:08:02,301 [WARNING]   -> Echec : NED_2024-2025_passing_types
2026-08-06 22:08:02,301 [INFO]   -> Pause 5s...
2026-08-06 22:08:07,303 [INFO] [103/150] Eredivisie | 2024-2025 | goal_shot_creation
2026-08-06 22:08:07,304 [INFO]     URL : https://fbref.com/en/comps/23/goal_shot_creation/Eredivisie-Stats
2026-08-06 22:08:07,426 [ERROR]     HTTP 403
2026-08-06 22:08:07,429 [WARNING]   -> Echec : NED_2024-2025_goal_shot_creation
2026-08-06 22:08:07,430 [INFO]   -> Pause 5s...
2026-08-06 22:08:12,431 [INFO] [104/150] Eredivisie | 2024-2025 | defense
2026-08-06 22:08:12,431 [INFO]     URL : https://fbref.com/en/comps/23/defense/Eredivisie-Stats
2026-08-06 22:08:12,561 [ERROR]     HTTP 403
2026-08-06 22:08:12,564 [WARNING]   -> Echec : NED_2024-2025_defense
2026-08-06 22:08:12,565 [INFO]   -> Pause 5s...
2026-08-06 22:08:17,566 [INFO] [105/150] Eredivisie | 2024-2025 | possession
2026-08-06 22:08:17,567 [INFO]     URL : https://fbref.com/en/comps/23/possession/Eredivisie-Stats
2026-08-06 22:08:17,674 [ERROR]     HTTP 403
2026-08-06 22:08:17,677 [WARNING]   -> Echec : NED_2024-2025_possession
2026-08-06 22:08:17,678 [INFO]   -> Pause 5s...
2026-08-06 22:08:22,679 [INFO] [106/150] First Division A | 2022-2023 | passing
2026-08-06 22:08:22,680 [INFO]     URL : https://fbref.com/en/comps/37/2022-2023/passing/2022-2023-First-Division-A-Stats
2026-08-06 22:08:22,787 [ERROR]     HTTP 403
2026-08-06 22:08:22,790 [WARNING]   -> Echec : BEL_2022-2023_passing
2026-08-06 22:08:22,791 [INFO]   -> Pause 5s...
2026-08-06 22:08:27,792 [INFO] [107/150] First Division A | 2022-2023 | passing_types
2026-08-06 22:08:27,792 [INFO]     URL : https://fbref.com/en/comps/37/2022-2023/passing_types/2022-2023-First-Division-A-Stats
2026-08-06 22:08:27,921 [ERROR]     HTTP 403
2026-08-06 22:08:27,923 [WARNING]   -> Echec : BEL_2022-2023_passing_types
2026-08-06 22:08:27,924 [INFO]   -> Pause 5s...
2026-08-06 22:08:32,925 [INFO] [108/150] First Division A | 2022-2023 | goal_shot_creation
2026-08-06 22:08:32,926 [INFO]     URL : https://fbref.com/en/comps/37/2022-2023/goal_shot_creation/2022-2023-First-Division-A-Stats
2026-08-06 22:08:33,031 [ERROR]     HTTP 403
2026-08-06 22:08:33,034 [WARNING]   -> Echec : BEL_2022-2023_goal_shot_creation
2026-08-06 22:08:33,035 [INFO]   -> Pause 5s...
2026-08-06 22:08:38,036 [INFO] [109/150] First Division A | 2022-2023 | defense
2026-08-06 22:08:38,041 [INFO]     URL : https://fbref.com/en/comps/37/2022-2023/defense/2022-2023-First-Division-A-Stats
2026-08-06 22:08:38,159 [ERROR]     HTTP 403
2026-08-06 22:08:38,162 [WARNING]   -> Echec : BEL_2022-2023_defense
2026-08-06 22:08:38,163 [INFO]   -> Pause 5s...
2026-08-06 22:08:43,165 [INFO] [110/150] First Division A | 2022-2023 | possession
2026-08-06 22:08:43,166 [INFO]     URL : https://fbref.com/en/comps/37/2022-2023/possession/2022-2023-First-Division-A-Stats
2026-08-06 22:08:43,295 [ERROR]     HTTP 403
2026-08-06 22:08:43,298 [WARNING]   -> Echec : BEL_2022-2023_possession
2026-08-06 22:08:43,298 [INFO]   -> Pause 5s...
2026-08-06 22:08:48,300 [INFO] [111/150] First Division A | 2023-2024 | passing
2026-08-06 22:08:48,300 [INFO]     URL : https://fbref.com/en/comps/37/2023-2024/passing/2023-2024-First-Division-A-Stats
2026-08-06 22:08:48,420 [ERROR]     HTTP 403
2026-08-06 22:08:48,423 [WARNING]   -> Echec : BEL_2023-2024_passing
2026-08-06 22:08:48,424 [INFO]   -> Pause 5s...
2026-08-06 22:08:53,425 [INFO] [112/150] First Division A | 2023-2024 | passing_types
2026-08-06 22:08:53,425 [INFO]     URL : https://fbref.com/en/comps/37/2023-2024/passing_types/2023-2024-First-Division-A-Stats
2026-08-06 22:08:53,547 [ERROR]     HTTP 403
2026-08-06 22:08:53,550 [WARNING]   -> Echec : BEL_2023-2024_passing_types
2026-08-06 22:08:53,551 [INFO]   -> Pause 5s...
2026-08-06 22:08:58,552 [INFO] [113/150] First Division A | 2023-2024 | goal_shot_creation
2026-08-06 22:08:58,552 [INFO]     URL : https://fbref.com/en/comps/37/2023-2024/goal_shot_creation/2023-2024-First-Division-A-Stats
2026-08-06 22:08:58,690 [ERROR]     HTTP 403
2026-08-06 22:08:58,693 [WARNING]   -> Echec : BEL_2023-2024_goal_shot_creation
2026-08-06 22:08:58,694 [INFO]   -> Pause 5s...
2026-08-06 22:09:03,695 [INFO] [114/150] First Division A | 2023-2024 | defense
2026-08-06 22:09:03,696 [INFO]     URL : https://fbref.com/en/comps/37/2023-2024/defense/2023-2024-First-Division-A-Stats
2026-08-06 22:09:03,814 [ERROR]     HTTP 403
2026-08-06 22:09:03,817 [WARNING]   -> Echec : BEL_2023-2024_defense
2026-08-06 22:09:03,817 [INFO]   -> Pause 5s...
2026-08-06 22:09:08,819 [INFO] [115/150] First Division A | 2023-2024 | possession
2026-08-06 22:09:08,820 [INFO]     URL : https://fbref.com/en/comps/37/2023-2024/possession/2023-2024-First-Division-A-Stats
2026-08-06 22:09:08,939 [ERROR]     HTTP 403
2026-08-06 22:09:08,941 [WARNING]   -> Echec : BEL_2023-2024_possession
2026-08-06 22:09:08,942 [INFO]   -> Pause 5s...
2026-08-06 22:09:13,943 [INFO] [116/150] First Division A | 2024-2025 | passing
2026-08-06 22:09:13,944 [INFO]     URL : https://fbref.com/en/comps/37/passing/First-Division-A-Stats
2026-08-06 22:09:14,078 [ERROR]     HTTP 403
2026-08-06 22:09:14,081 [WARNING]   -> Echec : BEL_2024-2025_passing
2026-08-06 22:09:14,081 [INFO]   -> Pause 5s...
2026-08-06 22:09:19,082 [INFO] [117/150] First Division A | 2024-2025 | passing_types
2026-08-06 22:09:19,083 [INFO]     URL : https://fbref.com/en/comps/37/passing_types/First-Division-A-Stats
2026-08-06 22:09:19,194 [ERROR]     HTTP 403
2026-08-06 22:09:19,197 [WARNING]   -> Echec : BEL_2024-2025_passing_types
2026-08-06 22:09:19,197 [INFO]   -> Pause 5s...
2026-08-06 22:09:24,198 [INFO] [118/150] First Division A | 2024-2025 | goal_shot_creation
2026-08-06 22:09:24,199 [INFO]     URL : https://fbref.com/en/comps/37/goal_shot_creation/First-Division-A-Stats
2026-08-06 22:09:24,313 [ERROR]     HTTP 403
2026-08-06 22:09:24,317 [WARNING]   -> Echec : BEL_2024-2025_goal_shot_creation
2026-08-06 22:09:24,317 [INFO]   -> Pause 5s...
2026-08-06 22:09:29,319 [INFO] [119/150] First Division A | 2024-2025 | defense
2026-08-06 22:09:29,320 [INFO]     URL : https://fbref.com/en/comps/37/defense/First-Division-A-Stats
2026-08-06 22:09:29,458 [ERROR]     HTTP 403
2026-08-06 22:09:29,461 [WARNING]   -> Echec : BEL_2024-2025_defense
2026-08-06 22:09:29,462 [INFO]   -> Pause 5s...
2026-08-06 22:09:34,463 [INFO] [120/150] First Division A | 2024-2025 | possession
2026-08-06 22:09:34,464 [INFO]     URL : https://fbref.com/en/comps/37/possession/First-Division-A-Stats
2026-08-06 22:09:34,576 [ERROR]     HTTP 403
2026-08-06 22:09:34,579 [WARNING]   -> Echec : BEL_2024-2025_possession
2026-08-06 22:09:34,581 [INFO]   -> Pause 5s...
2026-08-06 22:09:39,582 [INFO] [121/150] Super Lig | 2022-2023 | passing
2026-08-06 22:09:39,583 [INFO]     URL : https://fbref.com/en/comps/26/2022-2023/passing/2022-2023-Super-Lig-Stats
2026-08-06 22:09:39,707 [ERROR]     HTTP 403
2026-08-06 22:09:39,710 [WARNING]   -> Echec : TUR_2022-2023_passing
2026-08-06 22:09:39,710 [INFO]   -> Pause 5s...
2026-08-06 22:09:44,713 [INFO] [122/150] Super Lig | 2022-2023 | passing_types
2026-08-06 22:09:44,716 [INFO]     URL : https://fbref.com/en/comps/26/2022-2023/passing_types/2022-2023-Super-Lig-Stats
2026-08-06 22:09:44,834 [ERROR]     HTTP 403
2026-08-06 22:09:44,837 [WARNING]   -> Echec : TUR_2022-2023_passing_types
2026-08-06 22:09:44,838 [INFO]   -> Pause 5s...
2026-08-06 22:09:49,839 [INFO] [123/150] Super Lig | 2022-2023 | goal_shot_creation
2026-08-06 22:09:49,840 [INFO]     URL : https://fbref.com/en/comps/26/2022-2023/goal_shot_creation/2022-2023-Super-Lig-Stats
2026-08-06 22:09:49,953 [ERROR]     HTTP 403
2026-08-06 22:09:49,956 [WARNING]   -> Echec : TUR_2022-2023_goal_shot_creation
2026-08-06 22:09:49,957 [INFO]   -> Pause 5s...
2026-08-06 22:09:54,958 [INFO] [124/150] Super Lig | 2022-2023 | defense
2026-08-06 22:09:54,959 [INFO]     URL : https://fbref.com/en/comps/26/2022-2023/defense/2022-2023-Super-Lig-Stats
2026-08-06 22:09:55,070 [ERROR]     HTTP 403
2026-08-06 22:09:55,073 [WARNING]   -> Echec : TUR_2022-2023_defense
2026-08-06 22:09:55,074 [INFO]   -> Pause 5s...
2026-08-06 22:10:00,076 [INFO] [125/150] Super Lig | 2022-2023 | possession
2026-08-06 22:10:00,076 [INFO]     URL : https://fbref.com/en/comps/26/2022-2023/possession/2022-2023-Super-Lig-Stats
2026-08-06 22:10:00,193 [ERROR]     HTTP 403
2026-08-06 22:10:00,196 [WARNING]   -> Echec : TUR_2022-2023_possession
2026-08-06 22:10:00,196 [INFO]   -> Pause 5s...
2026-08-06 22:10:05,198 [INFO] [126/150] Super Lig | 2023-2024 | passing
2026-08-06 22:10:05,198 [INFO]     URL : https://fbref.com/en/comps/26/2023-2024/passing/2023-2024-Super-Lig-Stats
2026-08-06 22:10:05,323 [ERROR]     HTTP 403
2026-08-06 22:10:05,325 [WARNING]   -> Echec : TUR_2023-2024_passing
2026-08-06 22:10:05,325 [INFO]   -> Pause 5s...
2026-08-06 22:10:10,327 [INFO] [127/150] Super Lig | 2023-2024 | passing_types
2026-08-06 22:10:10,328 [INFO]     URL : https://fbref.com/en/comps/26/2023-2024/passing_types/2023-2024-Super-Lig-Stats
2026-08-06 22:10:10,430 [ERROR]     HTTP 403
2026-08-06 22:10:10,434 [WARNING]   -> Echec : TUR_2023-2024_passing_types
2026-08-06 22:10:10,434 [INFO]   -> Pause 5s...
2026-08-06 22:10:15,435 [INFO] [128/150] Super Lig | 2023-2024 | goal_shot_creation
2026-08-06 22:10:15,436 [INFO]     URL : https://fbref.com/en/comps/26/2023-2024/goal_shot_creation/2023-2024-Super-Lig-Stats
2026-08-06 22:10:15,557 [ERROR]     HTTP 403
2026-08-06 22:10:15,560 [WARNING]   -> Echec : TUR_2023-2024_goal_shot_creation
2026-08-06 22:10:15,561 [INFO]   -> Pause 5s...
2026-08-06 22:10:20,562 [INFO] [129/150] Super Lig | 2023-2024 | defense
2026-08-06 22:10:20,564 [INFO]     URL : https://fbref.com/en/comps/26/2023-2024/defense/2023-2024-Super-Lig-Stats
2026-08-06 22:10:20,667 [ERROR]     HTTP 403
2026-08-06 22:10:20,670 [WARNING]   -> Echec : TUR_2023-2024_defense
2026-08-06 22:10:20,671 [INFO]   -> Pause 5s...
2026-08-06 22:10:25,672 [INFO] [130/150] Super Lig | 2023-2024 | possession
2026-08-06 22:10:25,673 [INFO]     URL : https://fbref.com/en/comps/26/2023-2024/possession/2023-2024-Super-Lig-Stats
2026-08-06 22:10:25,785 [ERROR]     HTTP 403
2026-08-06 22:10:25,789 [WARNING]   -> Echec : TUR_2023-2024_possession
2026-08-06 22:10:25,789 [INFO]   -> Pause 5s...
2026-08-06 22:10:30,790 [INFO] [131/150] Super Lig | 2024-2025 | passing
2026-08-06 22:10:30,791 [INFO]     URL : https://fbref.com/en/comps/26/passing/Super-Lig-Stats
2026-08-06 22:10:30,905 [ERROR]     HTTP 403
2026-08-06 22:10:30,908 [WARNING]   -> Echec : TUR_2024-2025_passing
2026-08-06 22:10:30,908 [INFO]   -> Pause 5s...
2026-08-06 22:10:35,912 [INFO] [132/150] Super Lig | 2024-2025 | passing_types
2026-08-06 22:10:35,912 [INFO]     URL : https://fbref.com/en/comps/26/passing_types/Super-Lig-Stats
2026-08-06 22:10:36,030 [ERROR]     HTTP 403
2026-08-06 22:10:36,033 [WARNING]   -> Echec : TUR_2024-2025_passing_types
2026-08-06 22:10:36,034 [INFO]   -> Pause 5s...
2026-08-06 22:10:41,035 [INFO] [133/150] Super Lig | 2024-2025 | goal_shot_creation
2026-08-06 22:10:41,036 [INFO]     URL : https://fbref.com/en/comps/26/goal_shot_creation/Super-Lig-Stats
2026-08-06 22:10:41,141 [ERROR]     HTTP 403
2026-08-06 22:10:41,144 [WARNING]   -> Echec : TUR_2024-2025_goal_shot_creation
2026-08-06 22:10:41,144 [INFO]   -> Pause 5s...
2026-08-06 22:10:46,147 [INFO] [134/150] Super Lig | 2024-2025 | defense
2026-08-06 22:10:46,148 [INFO]     URL : https://fbref.com/en/comps/26/defense/Super-Lig-Stats
2026-08-06 22:10:46,266 [ERROR]     HTTP 403
2026-08-06 22:10:46,269 [WARNING]   -> Echec : TUR_2024-2025_defense
2026-08-06 22:10:46,270 [INFO]   -> Pause 5s...
2026-08-06 22:10:51,271 [INFO] [135/150] Super Lig | 2024-2025 | possession
2026-08-06 22:10:51,272 [INFO]     URL : https://fbref.com/en/comps/26/possession/Super-Lig-Stats
2026-08-06 22:10:51,379 [ERROR]     HTTP 403
2026-08-06 22:10:51,382 [WARNING]   -> Echec : TUR_2024-2025_possession
2026-08-06 22:10:51,382 [INFO]   -> Pause 5s...
2026-08-06 22:10:56,384 [INFO] [136/150] Bundesliga Autriche | 2022-2023 | passing
2026-08-06 22:10:56,384 [INFO]     URL : https://fbref.com/en/comps/44/2022-2023/passing/2022-2023-Austrian-Football-Bundesliga-Stats
2026-08-06 22:10:56,493 [ERROR]     HTTP 403
2026-08-06 22:10:56,496 [WARNING]   -> Echec : AUT_2022-2023_passing
2026-08-06 22:10:56,496 [INFO]   -> Pause 5s...
2026-08-06 22:11:01,498 [INFO] [137/150] Bundesliga Autriche | 2022-2023 | passing_types
2026-08-06 22:11:01,498 [INFO]     URL : https://fbref.com/en/comps/44/2022-2023/passing_types/2022-2023-Austrian-Football-Bundesliga-Stats
2026-08-06 22:11:01,632 [ERROR]     HTTP 403
2026-08-06 22:11:01,635 [WARNING]   -> Echec : AUT_2022-2023_passing_types
2026-08-06 22:11:01,636 [INFO]   -> Pause 5s...
2026-08-06 22:11:06,638 [INFO] [138/150] Bundesliga Autriche | 2022-2023 | goal_shot_creation
2026-08-06 22:11:06,638 [INFO]     URL : https://fbref.com/en/comps/44/2022-2023/goal_shot_creation/2022-2023-Austrian-Football-Bundesliga-Stats
2026-08-06 22:11:06,756 [ERROR]     HTTP 403
2026-08-06 22:11:06,759 [WARNING]   -> Echec : AUT_2022-2023_goal_shot_creation
2026-08-06 22:11:06,760 [INFO]   -> Pause 5s...
2026-08-06 22:11:11,763 [INFO] [139/150] Bundesliga Autriche | 2022-2023 | defense
2026-08-06 22:11:11,764 [INFO]     URL : https://fbref.com/en/comps/44/2022-2023/defense/2022-2023-Austrian-Football-Bundesliga-Stats
2026-08-06 22:11:11,873 [ERROR]     HTTP 403
2026-08-06 22:11:11,876 [WARNING]   -> Echec : AUT_2022-2023_defense
2026-08-06 22:11:11,877 [INFO]   -> Pause 5s...
2026-08-06 22:11:16,878 [INFO] [140/150] Bundesliga Autriche | 2022-2023 | possession
2026-08-06 22:11:16,879 [INFO]     URL : https://fbref.com/en/comps/44/2022-2023/possession/2022-2023-Austrian-Football-Bundesliga-Stats
2026-08-06 22:11:16,997 [ERROR]     HTTP 403
2026-08-06 22:11:16,999 [WARNING]   -> Echec : AUT_2022-2023_possession
2026-08-06 22:11:17,000 [INFO]   -> Pause 5s...
2026-08-06 22:11:22,001 [INFO] [141/150] Bundesliga Autriche | 2023-2024 | passing
2026-08-06 22:11:22,002 [INFO]     URL : https://fbref.com/en/comps/44/2023-2024/passing/2023-2024-Austrian-Football-Bundesliga-Stats
2026-08-06 22:11:22,109 [ERROR]     HTTP 403
2026-08-06 22:11:22,113 [WARNING]   -> Echec : AUT_2023-2024_passing
2026-08-06 22:11:22,113 [INFO]   -> Pause 5s...
2026-08-06 22:11:27,114 [INFO] [142/150] Bundesliga Autriche | 2023-2024 | passing_types
2026-08-06 22:11:27,115 [INFO]     URL : https://fbref.com/en/comps/44/2023-2024/passing_types/2023-2024-Austrian-Football-Bundesliga-Stats
2026-08-06 22:11:27,219 [ERROR]     HTTP 403
2026-08-06 22:11:27,222 [WARNING]   -> Echec : AUT_2023-2024_passing_types
2026-08-06 22:11:27,223 [INFO]   -> Pause 5s...
2026-08-06 22:11:32,226 [INFO] [143/150] Bundesliga Autriche | 2023-2024 | goal_shot_creation
2026-08-06 22:11:32,227 [INFO]     URL : https://fbref.com/en/comps/44/2023-2024/goal_shot_creation/2023-2024-Austrian-Football-Bundesliga-Stats
2026-08-06 22:11:32,355 [ERROR]     HTTP 403
2026-08-06 22:11:32,358 [WARNING]   -> Echec : AUT_2023-2024_goal_shot_creation
2026-08-06 22:11:32,358 [INFO]   -> Pause 5s...
2026-08-06 22:11:37,361 [INFO] [144/150] Bundesliga Autriche | 2023-2024 | defense
2026-08-06 22:11:37,361 [INFO]     URL : https://fbref.com/en/comps/44/2023-2024/defense/2023-2024-Austrian-Football-Bundesliga-Stats
2026-08-06 22:11:37,464 [ERROR]     HTTP 403
2026-08-06 22:11:37,467 [WARNING]   -> Echec : AUT_2023-2024_defense
2026-08-06 22:11:37,467 [INFO]   -> Pause 5s...
2026-08-06 22:11:42,470 [INFO] [145/150] Bundesliga Autriche | 2023-2024 | possession
2026-08-06 22:11:42,470 [INFO]     URL : https://fbref.com/en/comps/44/2023-2024/possession/2023-2024-Austrian-Football-Bundesliga-Stats
2026-08-06 22:11:42,577 [ERROR]     HTTP 403
2026-08-06 22:11:42,580 [WARNING]   -> Echec : AUT_2023-2024_possession
2026-08-06 22:11:42,581 [INFO]   -> Pause 5s...
2026-08-06 22:11:47,584 [INFO] [146/150] Bundesliga Autriche | 2024-2025 | passing
2026-08-06 22:11:47,584 [INFO]     URL : https://fbref.com/en/comps/44/passing/Austrian-Football-Bundesliga-Stats
2026-08-06 22:11:47,716 [ERROR]     HTTP 403
2026-08-06 22:11:47,718 [WARNING]   -> Echec : AUT_2024-2025_passing
2026-08-06 22:11:47,720 [INFO]   -> Pause 5s...
2026-08-06 22:11:52,722 [INFO] [147/150] Bundesliga Autriche | 2024-2025 | passing_types
2026-08-06 22:11:52,722 [INFO]     URL : https://fbref.com/en/comps/44/passing_types/Austrian-Football-Bundesliga-Stats
2026-08-06 22:11:52,843 [ERROR]     HTTP 403
2026-08-06 22:11:52,846 [WARNING]   -> Echec : AUT_2024-2025_passing_types
2026-08-06 22:11:52,846 [INFO]   -> Pause 5s...
2026-08-06 22:11:57,848 [INFO] [148/150] Bundesliga Autriche | 2024-2025 | goal_shot_creation
2026-08-06 22:11:57,848 [INFO]     URL : https://fbref.com/en/comps/44/goal_shot_creation/Austrian-Football-Bundesliga-Stats
2026-08-06 22:11:57,953 [ERROR]     HTTP 403
2026-08-06 22:11:57,956 [WARNING]   -> Echec : AUT_2024-2025_goal_shot_creation
2026-08-06 22:11:57,957 [INFO]   -> Pause 5s...
2026-08-06 22:12:02,959 [INFO] [149/150] Bundesliga Autriche | 2024-2025 | defense
2026-08-06 22:12:02,960 [INFO]     URL : https://fbref.com/en/comps/44/defense/Austrian-Football-Bundesliga-Stats
2026-08-06 22:12:03,081 [ERROR]     HTTP 403
2026-08-06 22:12:03,084 [WARNING]   -> Echec : AUT_2024-2025_defense
2026-08-06 22:12:03,085 [INFO]   -> Pause 5s...
2026-08-06 22:12:08,087 [INFO] [150/150] Bundesliga Autriche | 2024-2025 | possession
2026-08-06 22:12:08,088 [INFO]     URL : https://fbref.com/en/comps/44/possession/Austrian-Football-Bundesliga-Stats
2026-08-06 22:12:08,200 [ERROR]     HTTP 403
2026-08-06 22:12:08,203 [WARNING]   -> Echec : AUT_2024-2025_possession
2026-08-06 22:12:08,204 [INFO]   -> Pause 5s...
2026-08-06 22:12:13,206 [INFO] =================================================================
2026-08-06 22:12:13,207 [INFO]   Termine : 0/150 fichiers generes
2026-08-06 22:12:13,207 [WARNING]   Echecs  : ['ENG_2022-2023_passing', 'ENG_2022-2023_passing_types', 'ENG_2022-2023_goal_shot_creation', 'ENG_2022-2023_defense', 'ENG_2022-2023_possession', 'ENG_2023-2024_passing', 'ENG_2023-2024_passing_types', 'ENG_2023-2024_goal_shot_creation', 'ENG_2023-2024_defense', 'ENG_2023-2024_possession', 'ENG_2024-2025_passing', 'ENG_2024-2025_passing_types', 'ENG_2024-2025_goal_shot_creation', 'ENG_2024-2025_defense', 'ENG_2024-2025_possession', 'ESP_2022-2023_passing', 'ESP_2022-2023_passing_types', 'ESP_2022-2023_goal_shot_creation', 'ESP_2022-2023_defense', 'ESP_2022-2023_possession', 'ESP_2023-2024_passing', 'ESP_2023-2024_passing_types', 'ESP_2023-2024_goal_shot_creation', 'ESP_2023-2024_defense', 'ESP_2023-2024_possession', 'ESP_2024-2025_passing', 'ESP_2024-2025_passing_types', 'ESP_2024-2025_goal_shot_creation', 'ESP_2024-2025_defense', 'ESP_2024-2025_possession', 'GER_2022-2023_passing', 'GER_2022-2023_passing_types', 'GER_2022-2023_goal_shot_creation', 'GER_2022-2023_defense', 'GER_2022-2023_possession', 'GER_2023-2024_passing', 'GER_2023-2024_passing_types', 'GER_2023-2024_goal_shot_creation', 'GER_2023-2024_defense', 'GER_2023-2024_possession', 'GER_2024-2025_passing', 'GER_2024-2025_passing_types', 'GER_2024-2025_goal_shot_creation', 'GER_2024-2025_defense', 'GER_2024-2025_possession', 'ITA_2022-2023_passing', 'ITA_2022-2023_passing_types', 'ITA_2022-2023_goal_shot_creation', 'ITA_2022-2023_defense', 'ITA_2022-2023_possession', 'ITA_2023-2024_passing', 'ITA_2023-2024_passing_types', 'ITA_2023-2024_goal_shot_creation', 'ITA_2023-2024_defense', 'ITA_2023-2024_possession', 'ITA_2024-2025_passing', 'ITA_2024-2025_passing_types', 'ITA_2024-2025_goal_shot_creation', 'ITA_2024-2025_defense', 'ITA_2024-2025_possession', 'FRA_2022-2023_passing', 'FRA_2022-2023_passing_types', 'FRA_2022-2023_goal_shot_creation', 'FRA_2022-2023_defense', 'FRA_2022-2023_possession', 'FRA_2023-2024_passing', 'FRA_2023-2024_passing_types', 'FRA_2023-2024_goal_shot_creation', 'FRA_2023-2024_defense', 'FRA_2023-2024_possession', 'FRA_2024-2025_passing', 'FRA_2024-2025_passing_types', 'FRA_2024-2025_goal_shot_creation', 'FRA_2024-2025_defense', 'FRA_2024-2025_possession', 'POR_2022-2023_passing', 'POR_2022-2023_passing_types', 'POR_2022-2023_goal_shot_creation', 'POR_2022-2023_defense', 'POR_2022-2023_possession', 'POR_2023-2024_passing', 'POR_2023-2024_passing_types', 'POR_2023-2024_goal_shot_creation', 'POR_2023-2024_defense', 'POR_2023-2024_possession', 'POR_2024-2025_passing', 'POR_2024-2025_passing_types', 'POR_2024-2025_goal_shot_creation', 'POR_2024-2025_defense', 'POR_2024-2025_possession', 'NED_2022-2023_passing', 'NED_2022-2023_passing_types', 'NED_2022-2023_goal_shot_creation', 'NED_2022-2023_defense', 'NED_2022-2023_possession', 'NED_2023-2024_passing', 'NED_2023-2024_passing_types', 'NED_2023-2024_goal_shot_creation', 'NED_2023-2024_defense', 'NED_2023-2024_possession', 'NED_2024-2025_passing', 'NED_2024-2025_passing_types', 'NED_2024-2025_goal_shot_creation', 'NED_2024-2025_defense', 'NED_2024-2025_possession', 'BEL_2022-2023_passing', 'BEL_2022-2023_passing_types', 'BEL_2022-2023_goal_shot_creation', 'BEL_2022-2023_defense', 'BEL_2022-2023_possession', 'BEL_2023-2024_passing', 'BEL_2023-2024_passing_types', 'BEL_2023-2024_goal_shot_creation', 'BEL_2023-2024_defense', 'BEL_2023-2024_possession', 'BEL_2024-2025_passing', 'BEL_2024-2025_passing_types', 'BEL_2024-2025_goal_shot_creation', 'BEL_2024-2025_defense', 'BEL_2024-2025_possession', 'TUR_2022-2023_passing', 'TUR_2022-2023_passing_types', 'TUR_2022-2023_goal_shot_creation', 'TUR_2022-2023_defense', 'TUR_2022-2023_possession', 'TUR_2023-2024_passing', 'TUR_2023-2024_passing_types', 'TUR_2023-2024_goal_shot_creation', 'TUR_2023-2024_defense', 'TUR_2023-2024_possession', 'TUR_2024-2025_passing', 'TUR_2024-2025_passing_types', 'TUR_2024-2025_goal_shot_creation', 'TUR_2024-2025_defense', 'TUR_2024-2025_possession', 'AUT_2022-2023_passing', 'AUT_2022-2023_passing_types', 'AUT_2022-2023_goal_shot_creation', 'AUT_2022-2023_defense', 'AUT_2022-2023_possession', 'AUT_2023-2024_passing', 'AUT_2023-2024_passing_types', 'AUT_2023-2024_goal_shot_creation', 'AUT_2023-2024_defense', 'AUT_2023-2024_possession', 'AUT_2024-2025_passing', 'AUT_2024-2025_passing_types', 'AUT_2024-2025_goal_shot_creation', 'AUT_2024-2025_defense', 'AUT_2024-2025_possession']
2026-08-06 22:12:13,208 [INFO]   Bronze  : C:\Users\serge\Documents\02_DEV_PROJETS\radar_pepites\data\bronze
2026-08-06 22:12:13,208 [INFO] =================================================================
