2026-08-06 22:38:35,939 [INFO] =================================================================
2026-08-06 22:38:35,940 [INFO]   RadarPepites - Scraping Avance Bronze (BS4)
2026-08-06 22:38:35,940 [INFO] =================================================================
2026-08-06 22:38:35,940 [INFO]   Ligues  : ['ENG', 'ESP', 'GER', 'ITA', 'FRA', 'POR', 'NED', 'BEL', 'TUR', 'AUT']
2026-08-06 22:38:35,941 [INFO]   Saisons : ['2022-2023', '2023-2024', '2024-2025']
2026-08-06 22:38:35,941 [INFO]   Stats   : ['passing', 'passing_types', 'goal_shot_creation', 'defense', 'possession']
2026-08-06 22:38:35,941 [INFO]   Total   : 150 fichiers
2026-08-06 22:38:35,942 [INFO]   Duree   : ~12 minutes
2026-08-06 22:38:35,949 [INFO] =================================================================
2026-08-06 22:38:35,949 [INFO] [1/150] Premier League | 2022-2023 | passing
2026-08-06 22:38:35,950 [INFO]     URL : https://fbref.com/en/comps/9/2022-2023/passing/2022-2023-Premier-League-Stats
2026-08-06 22:38:36,090 [ERROR]     HTTP 403
2026-08-06 22:38:36,091 [WARNING]   -> Echec : ENG_2022-2023_passing
2026-08-06 22:38:36,092 [INFO]   -> Pause 5s...
2026-08-06 22:38:41,093 [INFO] [2/150] Premier League | 2022-2023 | passing_types
2026-08-06 22:38:41,095 [INFO]     URL : https://fbref.com/en/comps/9/2022-2023/passing_types/2022-2023-Premier-League-Stats
2026-08-06 22:38:41,180 [ERROR]     HTTP 403
2026-08-06 22:38:41,182 [WARNING]   -> Echec : ENG_2022-2023_passing_types
2026-08-06 22:38:41,183 [INFO]   -> Pause 5s...
2026-08-06 22:38:46,183 [INFO] [3/150] Premier League | 2022-2023 | goal_shot_creation
2026-08-06 22:38:46,184 [INFO]     URL : https://fbref.com/en/comps/9/2022-2023/goal_shot_creation/2022-2023-Premier-League-Stats
2026-08-06 22:38:46,264 [ERROR]     HTTP 403
2026-08-06 22:38:46,266 [WARNING]   -> Echec : ENG_2022-2023_goal_shot_creation
2026-08-06 22:38:46,267 [INFO]   -> Pause 5s...
2026-08-06 22:38:51,269 [INFO] [4/150] Premier League | 2022-2023 | defense
2026-08-06 22:38:51,269 [INFO]     URL : https://fbref.com/en/comps/9/2022-2023/defense/2022-2023-Premier-League-Stats
2026-08-06 22:38:51,367 [ERROR]     HTTP 403
2026-08-06 22:38:51,370 [WARNING]   -> Echec : ENG_2022-2023_defense
2026-08-06 22:38:51,372 [INFO]   -> Pause 5s...
