2026-08-10 23:29:38,486 [INFO] Log : C:\Users\serge\Documents\02_DEV_PROJETS\radar_pepites\logs\datafc_all_20260810_232938.log
2026-08-10 23:29:38,489 [INFO] =================================================================
2026-08-10 23:29:38,490 [INFO]   datafc — Scraping All (joueurs + gardiens)
2026-08-10 23:29:38,492 [INFO]   Ligues  : ['ENG', 'ESP', 'GER', 'ITA', 'FRA', 'POR', 'NED', 'BEL', 'TUR', 'AUT']
2026-08-10 23:29:38,494 [INFO]   Saisons : ['2023-2024', '2024-2025', '2025-2026']
2026-08-10 23:29:38,495 [INFO]   Total   : 30 blocs (× 2 appels = 60 requêtes)
2026-08-10 23:29:38,501 [INFO] =================================================================
2026-08-10 23:29:38,501 [INFO] [ 1/30] Premier League (ENG) | 2023-2024
2026-08-10 23:29:38,504 [INFO]   → Joueurs de champ (tournament=17, season=52186)
2026-08-10 23:29:40,636 [INFO]     500 joueurs | 30 colonnes : ['tournament_id', 'season_id', 'player_name', 'player_id', 'team_name', 'team_id', 'rating', 'goals']...
2026-08-10 23:29:40,654 [INFO]     ✓ 20260810_232940_ENG_20232024_sofascore_players.csv
2026-08-10 23:29:43,655 [INFO]   → Gardiens (tournament=17, season=52186)
2026-08-10 23:29:43,796 [INFO]     40 gardiens | 16 colonnes : ['tournament_id', 'season_id', 'player_name', 'player_id', 'team_name', 'team_id', 'saves', 'goalsPrevented', 'rating', 'minutesPlayed', 'appearances', 'accuratePasses', 'accurateLongBalls', 'accurateLongBallsPercentage', 'yellowCards', 'redCards']
2026-08-10 23:29:43,805 [INFO]     ✓ 20260810_232943_ENG_20232024_sofascore_keepers.csv
2026-08-10 23:29:46,808 [INFO] [ 2/30] Premier League (ENG) | 2024-2025
2026-08-10 23:29:46,809 [INFO]   → Joueurs de champ (tournament=17, season=61627)
2026-08-10 23:29:49,051 [INFO]     500 joueurs | 30 colonnes : ['tournament_id', 'season_id', 'player_name', 'player_id', 'team_name', 'team_id', 'rating', 'goals']...
2026-08-10 23:29:49,067 [INFO]     ✓ 20260810_232949_ENG_20242025_sofascore_players.csv
2026-08-10 23:29:52,068 [INFO]   → Gardiens (tournament=17, season=61627)
2026-08-10 23:29:52,195 [INFO]     44 gardiens | 16 colonnes : ['tournament_id', 'season_id', 'player_name', 'player_id', 'team_name', 'team_id', 'saves', 'goalsPrevented', 'rating', 'minutesPlayed', 'appearances', 'accuratePasses', 'accurateLongBalls', 'accurateLongBallsPercentage', 'yellowCards', 'redCards']
2026-08-10 23:29:52,201 [INFO]     ✓ 20260810_232952_ENG_20242025_sofascore_keepers.csv
2026-08-10 23:29:55,202 [INFO] [ 3/30] Premier League (ENG) | 2025-2026
2026-08-10 23:29:55,203 [INFO]   → Joueurs de champ (tournament=17, season=76986)
2026-08-10 23:29:57,449 [INFO]     500 joueurs | 30 colonnes : ['tournament_id', 'season_id', 'player_name', 'player_id', 'team_name', 'team_id', 'rating', 'goals']...
2026-08-10 23:29:57,462 [INFO]     ✓ 20260810_232957_ENG_20252026_sofascore_players.csv
2026-08-10 23:30:00,463 [INFO]   → Gardiens (tournament=17, season=76986)
2026-08-10 23:30:00,604 [INFO]     40 gardiens | 16 colonnes : ['tournament_id', 'season_id', 'player_name', 'player_id', 'team_name', 'team_id', 'saves', 'goalsPrevented', 'rating', 'minutesPlayed', 'appearances', 'accuratePasses', 'accurateLongBalls', 'accurateLongBallsPercentage', 'yellowCards', 'redCards']
2026-08-10 23:30:00,611 [INFO]     ✓ 20260810_233000_ENG_20252026_sofascore_keepers.csv
2026-08-10 23:30:03,612 [INFO] [ 4/30] La Liga (ESP) | 2023-2024
2026-08-10 23:30:03,613 [INFO]   → Joueurs de champ (tournament=8, season=52376)
2026-08-10 23:30:05,742 [INFO]     500 joueurs | 30 colonnes : ['tournament_id', 'season_id', 'player_name', 'player_id', 'team_name', 'team_id', 'rating', 'goals']...
2026-08-10 23:30:05,756 [INFO]     ✓ 20260810_233005_ESP_20232024_sofascore_players.csv
2026-08-10 23:30:08,758 [INFO]   → Gardiens (tournament=8, season=52376)
2026-08-10 23:30:08,895 [INFO]     46 gardiens | 16 colonnes : ['tournament_id', 'season_id', 'player_name', 'player_id', 'team_name', 'team_id', 'saves', 'goalsPrevented', 'rating', 'minutesPlayed', 'appearances', 'accuratePasses', 'accurateLongBalls', 'accurateLongBallsPercentage', 'yellowCards', 'redCards']
2026-08-10 23:30:08,901 [INFO]     ✓ 20260810_233008_ESP_20232024_sofascore_keepers.csv
2026-08-10 23:30:11,902 [INFO] [ 5/30] La Liga (ESP) | 2024-2025
2026-08-10 23:30:11,904 [INFO]   → Joueurs de champ (tournament=8, season=61643)
2026-08-10 23:30:14,018 [INFO]     500 joueurs | 30 colonnes : ['tournament_id', 'season_id', 'player_name', 'player_id', 'team_name', 'team_id', 'rating', 'goals']...
2026-08-10 23:30:14,031 [INFO]     ✓ 20260810_233014_ESP_20242025_sofascore_players.csv
2026-08-10 23:30:17,034 [INFO]   → Gardiens (tournament=8, season=61643)
2026-08-10 23:30:17,182 [INFO]     45 gardiens | 16 colonnes : ['tournament_id', 'season_id', 'player_name', 'player_id', 'team_name', 'team_id', 'saves', 'goalsPrevented', 'rating', 'minutesPlayed', 'appearances', 'accuratePasses', 'accurateLongBalls', 'accurateLongBallsPercentage', 'yellowCards', 'redCards']
2026-08-10 23:30:17,189 [INFO]     ✓ 20260810_233017_ESP_20242025_sofascore_keepers.csv
2026-08-10 23:30:20,190 [INFO] [ 6/30] La Liga (ESP) | 2025-2026
2026-08-10 23:30:20,191 [INFO]   → Joueurs de champ (tournament=8, season=77559)
2026-08-10 23:30:22,331 [INFO]     500 joueurs | 30 colonnes : ['tournament_id', 'season_id', 'player_name', 'player_id', 'team_name', 'team_id', 'rating', 'goals']...
2026-08-10 23:30:22,345 [INFO]     ✓ 20260810_233022_ESP_20252026_sofascore_players.csv
2026-08-10 23:30:25,347 [INFO]   → Gardiens (tournament=8, season=77559)
2026-08-10 23:30:25,481 [INFO]     39 gardiens | 16 colonnes : ['tournament_id', 'season_id', 'player_name', 'player_id', 'team_name', 'team_id', 'saves', 'goalsPrevented', 'rating', 'minutesPlayed', 'appearances', 'accuratePasses', 'accurateLongBalls', 'accurateLongBallsPercentage', 'yellowCards', 'redCards']
2026-08-10 23:30:25,491 [INFO]     ✓ 20260810_233025_ESP_20252026_sofascore_keepers.csv
2026-08-10 23:30:28,493 [INFO] [ 7/30] Bundesliga (GER) | 2023-2024
2026-08-10 23:30:28,494 [INFO]   → Joueurs de champ (tournament=35, season=52608)
2026-08-10 23:30:30,748 [INFO]     500 joueurs | 30 colonnes : ['tournament_id', 'season_id', 'player_name', 'player_id', 'team_name', 'team_id', 'rating', 'goals']...
2026-08-10 23:30:30,776 [INFO]     ✓ 20260810_233030_GER_20232024_sofascore_players.csv
2026-08-10 23:30:33,777 [INFO]   → Gardiens (tournament=35, season=52608)
2026-08-10 23:30:33,928 [INFO]     33 gardiens | 16 colonnes : ['tournament_id', 'season_id', 'player_name', 'player_id', 'team_name', 'team_id', 'saves', 'goalsPrevented', 'rating', 'minutesPlayed', 'appearances', 'accuratePasses', 'accurateLongBalls', 'accurateLongBallsPercentage', 'yellowCards', 'redCards']
2026-08-10 23:30:33,934 [INFO]     ✓ 20260810_233033_GER_20232024_sofascore_keepers.csv
2026-08-10 23:30:36,935 [INFO] [ 8/30] Bundesliga (GER) | 2024-2025
2026-08-10 23:30:36,938 [INFO]   → Joueurs de champ (tournament=35, season=63516)
2026-08-10 23:30:39,066 [INFO]     500 joueurs | 30 colonnes : ['tournament_id', 'season_id', 'player_name', 'player_id', 'team_name', 'team_id', 'rating', 'goals']...
2026-08-10 23:30:39,082 [INFO]     ✓ 20260810_233039_GER_20242025_sofascore_players.csv
2026-08-10 23:30:42,083 [INFO]   → Gardiens (tournament=35, season=63516)
2026-08-10 23:30:42,246 [INFO]     38 gardiens | 16 colonnes : ['tournament_id', 'season_id', 'player_name', 'player_id', 'team_name', 'team_id', 'saves', 'goalsPrevented', 'rating', 'minutesPlayed', 'appearances', 'accuratePasses', 'accurateLongBalls', 'accurateLongBallsPercentage', 'yellowCards', 'redCards']
2026-08-10 23:30:42,251 [INFO]     ✓ 20260810_233042_GER_20242025_sofascore_keepers.csv
2026-08-10 23:30:45,254 [INFO] [ 9/30] Bundesliga (GER) | 2025-2026
2026-08-10 23:30:45,255 [INFO]   → Joueurs de champ (tournament=35, season=77333)
2026-08-10 23:30:47,385 [INFO]     500 joueurs | 30 colonnes : ['tournament_id', 'season_id', 'player_name', 'player_id', 'team_name', 'team_id', 'rating', 'goals']...
2026-08-10 23:30:47,400 [INFO]     ✓ 20260810_233047_GER_20252026_sofascore_players.csv
2026-08-10 23:30:50,402 [INFO]   → Gardiens (tournament=35, season=77333)
2026-08-10 23:30:50,535 [INFO]     30 gardiens | 16 colonnes : ['tournament_id', 'season_id', 'player_name', 'player_id', 'team_name', 'team_id', 'saves', 'goalsPrevented', 'rating', 'minutesPlayed', 'appearances', 'accuratePasses', 'accurateLongBalls', 'accurateLongBallsPercentage', 'yellowCards', 'redCards']
2026-08-10 23:30:50,541 [INFO]     ✓ 20260810_233050_GER_20252026_sofascore_keepers.csv
2026-08-10 23:30:53,542 [INFO] [10/30] Serie A (ITA) | 2023-2024
2026-08-10 23:30:53,543 [INFO]   → Joueurs de champ (tournament=23, season=52760)
2026-08-10 23:30:55,713 [INFO]     500 joueurs | 30 colonnes : ['tournament_id', 'season_id', 'player_name', 'player_id', 'team_name', 'team_id', 'rating', 'goals']...
2026-08-10 23:30:55,728 [INFO]     ✓ 20260810_233055_ITA_20232024_sofascore_players.csv
2026-08-10 23:30:58,729 [INFO]   → Gardiens (tournament=23, season=52760)
2026-08-10 23:30:58,872 [INFO]     51 gardiens | 16 colonnes : ['tournament_id', 'season_id', 'player_name', 'player_id', 'team_name', 'team_id', 'saves', 'goalsPrevented', 'rating', 'minutesPlayed', 'appearances', 'accuratePasses', 'accurateLongBalls', 'accurateLongBallsPercentage', 'yellowCards', 'redCards']
2026-08-10 23:30:58,881 [INFO]     ✓ 20260810_233058_ITA_20232024_sofascore_keepers.csv
2026-08-10 23:31:01,883 [INFO] [11/30] Serie A (ITA) | 2024-2025
2026-08-10 23:31:01,884 [INFO]   → Joueurs de champ (tournament=23, season=63515)
2026-08-10 23:31:04,063 [INFO]     500 joueurs | 30 colonnes : ['tournament_id', 'season_id', 'player_name', 'player_id', 'team_name', 'team_id', 'rating', 'goals']...
2026-08-10 23:31:04,077 [INFO]     ✓ 20260810_233104_ITA_20242025_sofascore_players.csv
2026-08-10 23:31:07,078 [INFO]   → Gardiens (tournament=23, season=63515)
2026-08-10 23:31:07,256 [INFO]     48 gardiens | 16 colonnes : ['tournament_id', 'season_id', 'player_name', 'player_id', 'team_name', 'team_id', 'saves', 'goalsPrevented', 'rating', 'minutesPlayed', 'appearances', 'accuratePasses', 'accurateLongBalls', 'accurateLongBallsPercentage', 'yellowCards', 'redCards']
2026-08-10 23:31:07,262 [INFO]     ✓ 20260810_233107_ITA_20242025_sofascore_keepers.csv
2026-08-10 23:31:10,263 [INFO] [12/30] Serie A (ITA) | 2025-2026
2026-08-10 23:31:10,265 [INFO]   → Joueurs de champ (tournament=23, season=76457)
2026-08-10 23:31:12,404 [INFO]     500 joueurs | 30 colonnes : ['tournament_id', 'season_id', 'player_name', 'player_id', 'team_name', 'team_id', 'rating', 'goals']...
2026-08-10 23:31:12,420 [INFO]     ✓ 20260810_233112_ITA_20252026_sofascore_players.csv
2026-08-10 23:31:15,423 [INFO]   → Gardiens (tournament=23, season=76457)
2026-08-10 23:31:15,563 [INFO]     46 gardiens | 16 colonnes : ['tournament_id', 'season_id', 'player_name', 'player_id', 'team_name', 'team_id', 'saves', 'goalsPrevented', 'rating', 'minutesPlayed', 'appearances', 'accuratePasses', 'accurateLongBalls', 'accurateLongBallsPercentage', 'yellowCards', 'redCards']
2026-08-10 23:31:15,570 [INFO]     ✓ 20260810_233115_ITA_20252026_sofascore_keepers.csv
2026-08-10 23:31:18,573 [INFO] [13/30] Ligue 1 (FRA) | 2023-2024
2026-08-10 23:31:18,574 [INFO]   → Joueurs de champ (tournament=34, season=52571)
2026-08-10 23:31:20,701 [INFO]     500 joueurs | 30 colonnes : ['tournament_id', 'season_id', 'player_name', 'player_id', 'team_name', 'team_id', 'rating', 'goals']...
2026-08-10 23:31:20,715 [INFO]     ✓ 20260810_233120_FRA_20232024_sofascore_players.csv
2026-08-10 23:31:23,716 [INFO]   → Gardiens (tournament=34, season=52571)
2026-08-10 23:31:23,863 [INFO]     33 gardiens | 16 colonnes : ['tournament_id', 'season_id', 'player_name', 'player_id', 'team_name', 'team_id', 'saves', 'goalsPrevented', 'rating', 'minutesPlayed', 'appearances', 'accuratePasses', 'accurateLongBalls', 'accurateLongBallsPercentage', 'yellowCards', 'redCards']
2026-08-10 23:31:23,869 [INFO]     ✓ 20260810_233123_FRA_20232024_sofascore_keepers.csv
2026-08-10 23:31:26,871 [INFO] [14/30] Ligue 1 (FRA) | 2024-2025
2026-08-10 23:31:26,873 [INFO]   → Joueurs de champ (tournament=34, season=61736)
2026-08-10 23:31:29,095 [INFO]     500 joueurs | 30 colonnes : ['tournament_id', 'season_id', 'player_name', 'player_id', 'team_name', 'team_id', 'rating', 'goals']...
2026-08-10 23:31:29,111 [INFO]     ✓ 20260810_233129_FRA_20242025_sofascore_players.csv
2026-08-10 23:31:32,113 [INFO]   → Gardiens (tournament=34, season=61736)
2026-08-10 23:31:32,236 [INFO]     35 gardiens | 16 colonnes : ['tournament_id', 'season_id', 'player_name', 'player_id', 'team_name', 'team_id', 'saves', 'goalsPrevented', 'rating', 'minutesPlayed', 'appearances', 'accuratePasses', 'accurateLongBalls', 'accurateLongBallsPercentage', 'yellowCards', 'redCards']
2026-08-10 23:31:32,242 [INFO]     ✓ 20260810_233132_FRA_20242025_sofascore_keepers.csv
2026-08-10 23:31:35,244 [INFO] [15/30] Ligue 1 (FRA) | 2025-2026
2026-08-10 23:31:35,246 [INFO]   → Joueurs de champ (tournament=34, season=77356)
2026-08-10 23:31:37,371 [INFO]     500 joueurs | 30 colonnes : ['tournament_id', 'season_id', 'player_name', 'player_id', 'team_name', 'team_id', 'rating', 'goals']...
2026-08-10 23:31:37,386 [INFO]     ✓ 20260810_233137_FRA_20252026_sofascore_players.csv
2026-08-10 23:31:40,388 [INFO]   → Gardiens (tournament=34, season=77356)
2026-08-10 23:31:40,547 [INFO]     39 gardiens | 16 colonnes : ['tournament_id', 'season_id', 'player_name', 'player_id', 'team_name', 'team_id', 'saves', 'goalsPrevented', 'rating', 'minutesPlayed', 'appearances', 'accuratePasses', 'accurateLongBalls', 'accurateLongBallsPercentage', 'yellowCards', 'redCards']
2026-08-10 23:31:40,552 [INFO]     ✓ 20260810_233140_FRA_20252026_sofascore_keepers.csv
2026-08-10 23:31:43,554 [INFO] [16/30] Primeira Liga (POR) | 2023-2024
2026-08-10 23:31:43,556 [INFO]   → Joueurs de champ (tournament=238, season=52769)
2026-08-10 23:31:45,689 [INFO]     500 joueurs | 30 colonnes : ['tournament_id', 'season_id', 'player_name', 'player_id', 'team_name', 'team_id', 'rating', 'goals']...
2026-08-10 23:31:45,706 [INFO]     ✓ 20260810_233145_POR_20232024_sofascore_players.csv
2026-08-10 23:31:48,708 [INFO]   → Gardiens (tournament=238, season=52769)
2026-08-10 23:31:48,843 [INFO]     43 gardiens | 16 colonnes : ['tournament_id', 'season_id', 'player_name', 'player_id', 'team_name', 'team_id', 'saves', 'goalsPrevented', 'rating', 'minutesPlayed', 'appearances', 'accuratePasses', 'accurateLongBalls', 'accurateLongBallsPercentage', 'yellowCards', 'redCards']
2026-08-10 23:31:48,848 [INFO]     ✓ 20260810_233148_POR_20232024_sofascore_keepers.csv
2026-08-10 23:31:51,850 [INFO] [17/30] Primeira Liga (POR) | 2024-2025
2026-08-10 23:31:51,850 [INFO]   → Joueurs de champ (tournament=238, season=63670)
2026-08-10 23:31:54,083 [INFO]     500 joueurs | 30 colonnes : ['tournament_id', 'season_id', 'player_name', 'player_id', 'team_name', 'team_id', 'rating', 'goals']...
2026-08-10 23:31:54,100 [INFO]     ✓ 20260810_233154_POR_20242025_sofascore_players.csv
2026-08-10 23:31:57,103 [INFO]   → Gardiens (tournament=238, season=63670)
2026-08-10 23:31:57,238 [INFO]     45 gardiens | 16 colonnes : ['tournament_id', 'season_id', 'player_name', 'player_id', 'team_name', 'team_id', 'saves', 'goalsPrevented', 'rating', 'minutesPlayed', 'appearances', 'accuratePasses', 'accurateLongBalls', 'accurateLongBallsPercentage', 'yellowCards', 'redCards']
2026-08-10 23:31:57,255 [INFO]     ✓ 20260810_233157_POR_20242025_sofascore_keepers.csv
2026-08-10 23:32:00,256 [INFO] [18/30] Primeira Liga (POR) | 2025-2026
2026-08-10 23:32:00,257 [INFO]   → Joueurs de champ (tournament=238, season=77806)
2026-08-10 23:32:02,407 [INFO]     500 joueurs | 30 colonnes : ['tournament_id', 'season_id', 'player_name', 'player_id', 'team_name', 'team_id', 'rating', 'goals']...
2026-08-10 23:32:02,434 [INFO]     ✓ 20260810_233202_POR_20252026_sofascore_players.csv
2026-08-10 23:32:05,436 [INFO]   → Gardiens (tournament=238, season=77806)
2026-08-10 23:32:05,592 [INFO]     44 gardiens | 16 colonnes : ['tournament_id', 'season_id', 'player_name', 'player_id', 'team_name', 'team_id', 'saves', 'goalsPrevented', 'rating', 'minutesPlayed', 'appearances', 'accuratePasses', 'accurateLongBalls', 'accurateLongBallsPercentage', 'yellowCards', 'redCards']
2026-08-10 23:32:05,603 [INFO]     ✓ 20260810_233205_POR_20252026_sofascore_keepers.csv
2026-08-10 23:32:08,604 [INFO] [19/30] Eredivisie (NED) | 2023-2024
2026-08-10 23:32:08,606 [INFO]   → Joueurs de champ (tournament=37, season=52554)
2026-08-10 23:32:10,790 [INFO]     500 joueurs | 30 colonnes : ['tournament_id', 'season_id', 'player_name', 'player_id', 'team_name', 'team_id', 'rating', 'goals']...
2026-08-10 23:32:10,819 [INFO]     ✓ 20260810_233210_NED_20232024_sofascore_players.csv
2026-08-10 23:32:13,821 [INFO]   → Gardiens (tournament=37, season=52554)
2026-08-10 23:32:13,977 [INFO]     38 gardiens | 16 colonnes : ['tournament_id', 'season_id', 'player_name', 'player_id', 'team_name', 'team_id', 'saves', 'goalsPrevented', 'rating', 'minutesPlayed', 'appearances', 'accuratePasses', 'accurateLongBalls', 'accurateLongBallsPercentage', 'yellowCards', 'redCards']
2026-08-10 23:32:13,988 [INFO]     ✓ 20260810_233213_NED_20232024_sofascore_keepers.csv
2026-08-10 23:32:16,990 [INFO] [20/30] Eredivisie (NED) | 2024-2025
2026-08-10 23:32:16,991 [INFO]   → Joueurs de champ (tournament=37, season=61666)
2026-08-10 23:32:19,136 [INFO]     500 joueurs | 30 colonnes : ['tournament_id', 'season_id', 'player_name', 'player_id', 'team_name', 'team_id', 'rating', 'goals']...
2026-08-10 23:32:19,165 [INFO]     ✓ 20260810_233219_NED_20242025_sofascore_players.csv
2026-08-10 23:32:22,166 [INFO]   → Gardiens (tournament=37, season=61666)
2026-08-10 23:32:22,300 [INFO]     38 gardiens | 16 colonnes : ['tournament_id', 'season_id', 'player_name', 'player_id', 'team_name', 'team_id', 'saves', 'goalsPrevented', 'rating', 'minutesPlayed', 'appearances', 'accuratePasses', 'accurateLongBalls', 'accurateLongBallsPercentage', 'yellowCards', 'redCards']
2026-08-10 23:32:22,310 [INFO]     ✓ 20260810_233222_NED_20242025_sofascore_keepers.csv
2026-08-10 23:32:25,312 [INFO] [21/30] Eredivisie (NED) | 2025-2026
2026-08-10 23:32:25,313 [INFO]   → Joueurs de champ (tournament=37, season=77012)
2026-08-10 23:32:27,480 [INFO]     500 joueurs | 30 colonnes : ['tournament_id', 'season_id', 'player_name', 'player_id', 'team_name', 'team_id', 'rating', 'goals']...
2026-08-10 23:32:27,507 [INFO]     ✓ 20260810_233227_NED_20252026_sofascore_players.csv
2026-08-10 23:32:30,509 [INFO]   → Gardiens (tournament=37, season=77012)
2026-08-10 23:32:30,655 [INFO]     41 gardiens | 16 colonnes : ['tournament_id', 'season_id', 'player_name', 'player_id', 'team_name', 'team_id', 'saves', 'goalsPrevented', 'rating', 'minutesPlayed', 'appearances', 'accuratePasses', 'accurateLongBalls', 'accurateLongBallsPercentage', 'yellowCards', 'redCards']
2026-08-10 23:32:30,666 [INFO]     ✓ 20260810_233230_NED_20252026_sofascore_keepers.csv
2026-08-10 23:32:33,667 [INFO] [22/30] Pro League (BEL) | 2023-2024
2026-08-10 23:32:33,668 [INFO]   → Joueurs de champ (tournament=38, season=52383)
2026-08-10 23:32:35,884 [INFO]     500 joueurs | 30 colonnes : ['tournament_id', 'season_id', 'player_name', 'player_id', 'team_name', 'team_id', 'rating', 'goals']...
2026-08-10 23:32:35,911 [INFO]     ✓ 20260810_233235_BEL_20232024_sofascore_players.csv
2026-08-10 23:32:38,913 [INFO]   → Gardiens (tournament=38, season=52383)
2026-08-10 23:32:39,074 [INFO]     42 gardiens | 16 colonnes : ['tournament_id', 'season_id', 'player_name', 'player_id', 'team_name', 'team_id', 'saves', 'goalsPrevented', 'rating', 'minutesPlayed', 'appearances', 'accuratePasses', 'accurateLongBalls', 'accurateLongBallsPercentage', 'yellowCards', 'redCards']
2026-08-10 23:32:39,085 [INFO]     ✓ 20260810_233239_BEL_20232024_sofascore_keepers.csv
2026-08-10 23:32:42,089 [INFO] [23/30] Pro League (BEL) | 2024-2025
2026-08-10 23:32:42,090 [INFO]   → Joueurs de champ (tournament=38, season=61459)
2026-08-10 23:32:44,233 [INFO]     500 joueurs | 30 colonnes : ['tournament_id', 'season_id', 'player_name', 'player_id', 'team_name', 'team_id', 'rating', 'goals']...
2026-08-10 23:32:44,262 [INFO]     ✓ 20260810_233244_BEL_20242025_sofascore_players.csv
2026-08-10 23:32:47,264 [INFO]   → Gardiens (tournament=38, season=61459)
2026-08-10 23:32:47,399 [INFO]     45 gardiens | 16 colonnes : ['tournament_id', 'season_id', 'player_name', 'player_id', 'team_name', 'team_id', 'saves', 'goalsPrevented', 'rating', 'minutesPlayed', 'appearances', 'accuratePasses', 'accurateLongBalls', 'accurateLongBallsPercentage', 'yellowCards', 'redCards']
2026-08-10 23:32:47,410 [INFO]     ✓ 20260810_233247_BEL_20242025_sofascore_keepers.csv
2026-08-10 23:32:50,412 [INFO] [24/30] Pro League (BEL) | 2025-2026
2026-08-10 23:32:50,413 [INFO]   → Joueurs de champ (tournament=38, season=77040)
2026-08-10 23:32:52,557 [INFO]     500 joueurs | 30 colonnes : ['tournament_id', 'season_id', 'player_name', 'player_id', 'team_name', 'team_id', 'rating', 'goals']...
2026-08-10 23:32:52,589 [INFO]     ✓ 20260810_233252_BEL_20252026_sofascore_players.csv
2026-08-10 23:32:55,590 [INFO]   → Gardiens (tournament=38, season=77040)
2026-08-10 23:32:55,764 [INFO]     41 gardiens | 16 colonnes : ['tournament_id', 'season_id', 'player_name', 'player_id', 'team_name', 'team_id', 'saves', 'goalsPrevented', 'rating', 'minutesPlayed', 'appearances', 'accuratePasses', 'accurateLongBalls', 'accurateLongBallsPercentage', 'yellowCards', 'redCards']
2026-08-10 23:32:55,775 [INFO]     ✓ 20260810_233255_BEL_20252026_sofascore_keepers.csv
2026-08-10 23:32:58,777 [INFO] [25/30] Super Lig (TUR) | 2023-2024
2026-08-10 23:32:58,778 [INFO]   → Joueurs de champ (tournament=52, season=53190)
2026-08-10 23:33:00,966 [INFO]     500 joueurs | 30 colonnes : ['tournament_id', 'season_id', 'player_name', 'player_id', 'team_name', 'team_id', 'rating', 'goals']...
2026-08-10 23:33:00,994 [INFO]     ✓ 20260810_233300_TUR_20232024_sofascore_players.csv
2026-08-10 23:33:03,995 [INFO]   → Gardiens (tournament=52, season=53190)
2026-08-10 23:33:04,138 [INFO]     51 gardiens | 16 colonnes : ['tournament_id', 'season_id', 'player_name', 'player_id', 'team_name', 'team_id', 'saves', 'goalsPrevented', 'rating', 'minutesPlayed', 'appearances', 'accuratePasses', 'accurateLongBalls', 'accurateLongBallsPercentage', 'yellowCards', 'redCards']
2026-08-10 23:33:04,150 [INFO]     ✓ 20260810_233304_TUR_20232024_sofascore_keepers.csv
2026-08-10 23:33:07,151 [INFO] [26/30] Super Lig (TUR) | 2024-2025
2026-08-10 23:33:07,152 [INFO]   → Joueurs de champ (tournament=52, season=63814)
2026-08-10 23:33:09,362 [INFO]     500 joueurs | 30 colonnes : ['tournament_id', 'season_id', 'player_name', 'player_id', 'team_name', 'team_id', 'rating', 'goals']...
2026-08-10 23:33:09,389 [INFO]     ✓ 20260810_233309_TUR_20242025_sofascore_players.csv
2026-08-10 23:33:12,391 [INFO]   → Gardiens (tournament=52, season=63814)
2026-08-10 23:33:12,553 [INFO]     45 gardiens | 16 colonnes : ['tournament_id', 'season_id', 'player_name', 'player_id', 'team_name', 'team_id', 'saves', 'goalsPrevented', 'rating', 'minutesPlayed', 'appearances', 'accuratePasses', 'accurateLongBalls', 'accurateLongBallsPercentage', 'yellowCards', 'redCards']
2026-08-10 23:33:12,564 [INFO]     ✓ 20260810_233312_TUR_20242025_sofascore_keepers.csv
2026-08-10 23:33:15,569 [INFO] [27/30] Super Lig (TUR) | 2025-2026
2026-08-10 23:33:15,570 [INFO]   → Joueurs de champ (tournament=52, season=77805)
2026-08-10 23:33:17,764 [INFO]     500 joueurs | 30 colonnes : ['tournament_id', 'season_id', 'player_name', 'player_id', 'team_name', 'team_id', 'rating', 'goals']...
2026-08-10 23:33:17,792 [INFO]     ✓ 20260810_233317_TUR_20252026_sofascore_players.csv
2026-08-10 23:33:20,794 [INFO]   → Gardiens (tournament=52, season=77805)
2026-08-10 23:33:20,950 [INFO]     45 gardiens | 16 colonnes : ['tournament_id', 'season_id', 'player_name', 'player_id', 'team_name', 'team_id', 'saves', 'goalsPrevented', 'rating', 'minutesPlayed', 'appearances', 'accuratePasses', 'accurateLongBalls', 'accurateLongBallsPercentage', 'yellowCards', 'redCards']
2026-08-10 23:33:20,962 [INFO]     ✓ 20260810_233320_TUR_20252026_sofascore_keepers.csv
2026-08-10 23:33:23,963 [INFO] [28/30] Bundesliga Autriche (AUT) | 2023-2024
2026-08-10 23:33:23,964 [INFO]   → Joueurs de champ (tournament=45, season=52524)
2026-08-10 23:33:25,587 [INFO]     400 joueurs | 30 colonnes : ['tournament_id', 'season_id', 'player_name', 'player_id', 'team_name', 'team_id', 'rating', 'goals']...
2026-08-10 23:33:25,609 [INFO]     ✓ 20260810_233325_AUT_20232024_sofascore_players.csv
2026-08-10 23:33:28,611 [INFO]   → Gardiens (tournament=45, season=52524)
2026-08-10 23:33:28,786 [INFO]     25 gardiens | 16 colonnes : ['tournament_id', 'season_id', 'player_name', 'player_id', 'team_name', 'team_id', 'saves', 'goalsPrevented', 'rating', 'minutesPlayed', 'appearances', 'accuratePasses', 'accurateLongBalls', 'accurateLongBallsPercentage', 'yellowCards', 'redCards']
2026-08-10 23:33:28,797 [INFO]     ✓ 20260810_233328_AUT_20232024_sofascore_keepers.csv
2026-08-10 23:33:31,800 [INFO] [29/30] Bundesliga Autriche (AUT) | 2024-2025
2026-08-10 23:33:31,801 [INFO]   → Joueurs de champ (tournament=45, season=62629)
2026-08-10 23:33:33,436 [INFO]     400 joueurs | 30 colonnes : ['tournament_id', 'season_id', 'player_name', 'player_id', 'team_name', 'team_id', 'rating', 'goals']...
2026-08-10 23:33:33,460 [INFO]     ✓ 20260810_233333_AUT_20242025_sofascore_players.csv
2026-08-10 23:33:36,464 [INFO]   → Gardiens (tournament=45, season=62629)
2026-08-10 23:33:36,601 [INFO]     25 gardiens | 16 colonnes : ['tournament_id', 'season_id', 'player_name', 'player_id', 'team_name', 'team_id', 'saves', 'goalsPrevented', 'rating', 'minutesPlayed', 'appearances', 'accuratePasses', 'accurateLongBalls', 'accurateLongBallsPercentage', 'yellowCards', 'redCards']
2026-08-10 23:33:36,612 [INFO]     ✓ 20260810_233336_AUT_20242025_sofascore_keepers.csv
2026-08-10 23:33:39,614 [INFO] [30/30] Bundesliga Autriche (AUT) | 2025-2026
2026-08-10 23:33:39,615 [INFO]   → Joueurs de champ (tournament=45, season=77382)
2026-08-10 23:33:41,260 [INFO]     400 joueurs | 30 colonnes : ['tournament_id', 'season_id', 'player_name', 'player_id', 'team_name', 'team_id', 'rating', 'goals']...
2026-08-10 23:33:41,283 [INFO]     ✓ 20260810_233341_AUT_20252026_sofascore_players.csv
2026-08-10 23:33:44,285 [INFO]   → Gardiens (tournament=45, season=77382)
2026-08-10 23:33:44,452 [INFO]     22 gardiens | 16 colonnes : ['tournament_id', 'season_id', 'player_name', 'player_id', 'team_name', 'team_id', 'saves', 'goalsPrevented', 'rating', 'minutesPlayed', 'appearances', 'accuratePasses', 'accurateLongBalls', 'accurateLongBallsPercentage', 'yellowCards', 'redCards']
2026-08-10 23:33:44,462 [INFO]     ✓ 20260810_233344_AUT_20252026_sofascore_keepers.csv
2026-08-10 23:33:44,463 [INFO] =================================================================
2026-08-10 23:33:44,464 [INFO]   BILAN : 60/60 appels réussis
2026-08-10 23:33:44,465 [INFO]   Fichiers générés : 60
2026-08-10 23:33:44,465 [INFO] =================================================================
