2026-08-09 08:02:44,705 [INFO] =================================================================
2026-08-09 08:02:44,708 [INFO]   RadarPepites - Scraping datafc -> Bronze
2026-08-09 08:02:44,708 [INFO] =================================================================
2026-08-09 08:02:44,710 [INFO]   Ligues  : ['BEL']
2026-08-09 08:02:44,712 [INFO]   Saisons : ['2023-2024', '2024-2025', '2025-2026']
2026-08-09 08:02:44,714 [INFO]   Metrics : 26
2026-08-09 08:02:44,716 [INFO]   Total   : 3 combinaisons
2026-08-09 08:02:44,717 [INFO] =================================================================
2026-08-09 08:02:44,720 [INFO] [1/3] First Division A | 2023-2024
2026-08-09 08:02:44,722 [INFO]     2023-2024 → 23/24 → season_id=52383 (hardcoded)
2026-08-09 08:02:45,343 [INFO]     rating → 200 joueurs
2026-08-09 08:02:48,959 [INFO]     goals → 200 joueurs
2026-08-09 08:02:52,580 [INFO]     assists → 200 joueurs
2026-08-09 08:02:56,212 [INFO]     expectedGoals → 200 joueurs
2026-08-09 08:02:59,846 [INFO]     expectedAssists → 200 joueurs
2026-08-09 08:03:03,479 [INFO]     shotsOnTarget → 200 joueurs
2026-08-09 08:03:07,113 [INFO]     totalShots → 200 joueurs
2026-08-09 08:03:10,737 [INFO]     bigChancesCreated → 200 joueurs
2026-08-09 08:03:14,359 [INFO]     bigChancesMissed → 200 joueurs
2026-08-09 08:03:17,989 [INFO]     accuratePasses → 200 joueurs
2026-08-09 08:03:21,620 [INFO]     accuratePassesPercentage → 200 joueurs
2026-08-09 08:03:25,247 [INFO]     keyPasses → 200 joueurs
2026-08-09 08:03:28,870 [INFO]     accurateLongBalls → 200 joueurs
2026-08-09 08:03:32,484 [INFO]     accurateLongBallsPercentage → 200 joueurs
2026-08-09 08:03:36,098 [INFO]     successfulDribbles → 200 joueurs
2026-08-09 08:03:39,718 [INFO]     successfulDribblesPercentage → 200 joueurs
2026-08-09 08:03:43,352 [INFO]     tackles → 200 joueurs
2026-08-09 08:03:46,971 [INFO]     interceptions → 200 joueurs
2026-08-09 08:03:50,603 [INFO]     clearances → 200 joueurs
2026-08-09 08:03:54,235 [INFO]     possessionLost → 200 joueurs
2026-08-09 08:03:57,858 [INFO]     minutesPlayed → 200 joueurs
2026-08-09 08:04:01,488 [INFO]     appearances → 200 joueurs
2026-08-09 08:04:05,119 [INFO]     yellowCards → 200 joueurs
2026-08-09 08:04:08,749 [INFO]     redCards → 200 joueurs
2026-08-09 08:04:12,402 [INFO]     saves → 200 joueurs
2026-08-09 08:04:16,034 [INFO]     goalsPrevented → 200 joueurs
2026-08-09 08:04:19,137 [INFO]   -> 5200 lignes -> 20260809_080419_BEL_2023_2024_datafc.csv
2026-08-09 08:04:22,140 [INFO] [2/3] First Division A | 2024-2025
2026-08-09 08:04:22,140 [INFO]     2024-2025 → 24/25 → season_id=61459 (hardcoded)
2026-08-09 08:04:22,768 [INFO]     rating → 200 joueurs
2026-08-09 08:04:26,398 [INFO]     goals → 200 joueurs
2026-08-09 08:04:30,031 [INFO]     assists → 200 joueurs
2026-08-09 08:04:33,661 [INFO]     expectedGoals → 200 joueurs
2026-08-09 08:04:37,301 [INFO]     expectedAssists → 200 joueurs
2026-08-09 08:04:40,933 [INFO]     shotsOnTarget → 200 joueurs
2026-08-09 08:04:44,567 [INFO]     totalShots → 200 joueurs
2026-08-09 08:04:48,197 [INFO]     bigChancesCreated → 200 joueurs
2026-08-09 08:04:51,833 [INFO]     bigChancesMissed → 200 joueurs
2026-08-09 08:04:55,443 [INFO]     accuratePasses → 200 joueurs
2026-08-09 08:04:59,086 [INFO]     accuratePassesPercentage → 200 joueurs
2026-08-09 08:05:02,695 [INFO]     keyPasses → 200 joueurs
2026-08-09 08:05:06,314 [INFO]     accurateLongBalls → 200 joueurs
2026-08-09 08:05:09,929 [INFO]     accurateLongBallsPercentage → 200 joueurs
2026-08-09 08:05:13,576 [INFO]     successfulDribbles → 200 joueurs
2026-08-09 08:05:17,185 [INFO]     successfulDribblesPercentage → 200 joueurs
2026-08-09 08:05:20,797 [INFO]     tackles → 200 joueurs
2026-08-09 08:05:24,429 [INFO]     interceptions → 200 joueurs
2026-08-09 08:05:28,060 [INFO]     clearances → 200 joueurs
2026-08-09 08:05:31,694 [INFO]     possessionLost → 200 joueurs
2026-08-09 08:05:35,313 [INFO]     minutesPlayed → 200 joueurs
2026-08-09 08:05:38,933 [INFO]     appearances → 200 joueurs
2026-08-09 08:05:42,579 [INFO]     yellowCards → 200 joueurs
2026-08-09 08:05:46,214 [INFO]     redCards → 200 joueurs
2026-08-09 08:05:49,827 [INFO]     saves → 200 joueurs
2026-08-09 08:05:53,448 [INFO]     goalsPrevented → 200 joueurs
2026-08-09 08:05:56,552 [INFO]   -> 5200 lignes -> 20260809_080556_BEL_2024_2025_datafc.csv
2026-08-09 08:05:59,553 [INFO] [3/3] First Division A | 2025-2026
2026-08-09 08:05:59,554 [INFO]     2025-2026 → 25/26 → season_id=77040 (hardcoded)
2026-08-09 08:06:00,189 [INFO]     rating → 200 joueurs
2026-08-09 08:06:03,845 [INFO]     goals → 200 joueurs
2026-08-09 08:06:07,477 [INFO]     assists → 200 joueurs
2026-08-09 08:06:11,107 [INFO]     expectedGoals → 200 joueurs
2026-08-09 08:06:14,744 [INFO]     expectedAssists → 200 joueurs
2026-08-09 08:06:18,367 [INFO]     shotsOnTarget → 200 joueurs
2026-08-09 08:06:22,000 [INFO]     totalShots → 200 joueurs
2026-08-09 08:06:25,656 [INFO]     bigChancesCreated → 200 joueurs
2026-08-09 08:06:29,287 [INFO]     bigChancesMissed → 200 joueurs
2026-08-09 08:06:32,915 [INFO]     accuratePasses → 200 joueurs
2026-08-09 08:06:36,550 [INFO]     accuratePassesPercentage → 200 joueurs
2026-08-09 08:06:40,185 [INFO]     keyPasses → 200 joueurs
2026-08-09 08:06:43,820 [INFO]     accurateLongBalls → 200 joueurs
2026-08-09 08:06:47,442 [INFO]     accurateLongBallsPercentage → 200 joueurs
2026-08-09 08:06:51,064 [INFO]     successfulDribbles → 200 joueurs
2026-08-09 08:06:54,675 [INFO]     successfulDribblesPercentage → 200 joueurs
2026-08-09 08:06:58,289 [INFO]     tackles → 200 joueurs
2026-08-09 08:07:01,921 [INFO]     interceptions → 200 joueurs
2026-08-09 08:07:05,556 [INFO]     clearances → 200 joueurs
2026-08-09 08:07:09,190 [INFO]     possessionLost → 200 joueurs
2026-08-09 08:07:12,822 [INFO]     minutesPlayed → 200 joueurs
2026-08-09 08:07:16,453 [INFO]     appearances → 200 joueurs
2026-08-09 08:07:20,089 [INFO]     yellowCards → 200 joueurs
2026-08-09 08:07:23,731 [INFO]     redCards → 200 joueurs
2026-08-09 08:07:27,341 [INFO]     saves → 200 joueurs
2026-08-09 08:07:30,975 [INFO]     goalsPrevented → 200 joueurs
2026-08-09 08:07:34,072 [INFO]   -> 5200 lignes -> 20260809_080733_BEL_2025_2026_datafc.csv
2026-08-09 08:07:37,075 [INFO] =================================================================
2026-08-09 08:07:37,075 [INFO]   Termine  : 3/3
2026-08-09 08:07:37,076 [INFO] =================================================================
