2026-08-09 09:22:02,511 [INFO] =================================================================
2026-08-09 09:22:02,511 [INFO]   RadarPepites - Scraping fbref Playwright -> Bronze
2026-08-09 09:22:02,514 [INFO] =================================================================
2026-08-09 09:22:02,515 [INFO]   Ligues  : ['POR', 'NED', 'BEL', 'TUR', 'AUT']
2026-08-09 09:22:02,517 [INFO]   Saisons : ['2023-2024', '2024-2025', '2025-2026']
2026-08-09 09:22:02,518 [INFO]   Stats   : ['passing', 'passing_types', 'goal_shot_creation', 'defense', 'possession']
2026-08-09 09:22:02,519 [INFO]   Total   : 75 pages à scraper
2026-08-09 09:22:02,521 [INFO]   Durée   : ~12 minutes
2026-08-09 09:22:02,523 [INFO] =================================================================
2026-08-09 09:22:26,570 [INFO] Initialisation de la session fbref...
2026-08-09 09:22:32,589 [INFO] Session fbref établie
2026-08-09 09:22:32,590 [INFO] [1/75] Primeira Liga | 2023-2024 | passing
2026-08-09 09:22:32,590 [INFO]     URL : https://fbref.com/en/comps/32/2023-2024/passing/2023-2024-Primeira-Liga-Stats
2026-08-09 09:22:35,667 [WARNING]     Cloudflare détecté — attente 10s...
2026-08-09 09:22:45,698 [WARNING]     Table 'stats_passing' introuvable dans la page
2026-08-09 09:22:45,699 [WARNING]   -> Echec : POR_2023-2024_passing
2026-08-09 09:22:45,701 [INFO]   -> Pause 5s...
2026-08-09 09:22:50,704 [INFO] [2/75] Primeira Liga | 2023-2024 | passing_types
2026-08-09 09:22:50,705 [INFO]     URL : https://fbref.com/en/comps/32/2023-2024/passing_types/2023-2024-Primeira-Liga-Stats
2026-08-09 09:22:53,775 [WARNING]     Cloudflare détecté — attente 10s...
2026-08-09 09:23:03,793 [WARNING]     Table 'stats_passing_types' introuvable dans la page
2026-08-09 09:23:03,795 [WARNING]   -> Echec : POR_2023-2024_passing_types
2026-08-09 09:23:03,796 [INFO]   -> Pause 5s...
2026-08-09 09:23:08,797 [INFO] [3/75] Primeira Liga | 2023-2024 | goal_shot_creation
2026-08-09 09:23:08,798 [INFO]     URL : https://fbref.com/en/comps/32/2023-2024/goal_shot_creation/2023-2024-Primeira-Liga-Stats
2026-08-09 09:23:11,862 [WARNING]     Cloudflare détecté — attente 10s...
2026-08-09 09:23:21,878 [WARNING]     Table 'stats_gca' introuvable dans la page
2026-08-09 09:23:21,878 [WARNING]   -> Echec : POR_2023-2024_goal_shot_creation
2026-08-09 09:23:21,879 [INFO]   -> Pause 5s...
2026-08-09 09:23:26,882 [INFO] [4/75] Primeira Liga | 2023-2024 | defense
2026-08-09 09:23:26,883 [INFO]     URL : https://fbref.com/en/comps/32/2023-2024/defense/2023-2024-Primeira-Liga-Stats
2026-08-09 09:23:29,946 [WARNING]     Cloudflare détecté — attente 10s...
2026-08-09 09:23:39,964 [WARNING]     Table 'stats_defense' introuvable dans la page
2026-08-09 09:23:39,964 [WARNING]   -> Echec : POR_2023-2024_defense
2026-08-09 09:23:39,965 [INFO]   -> Pause 5s...
2026-08-09 09:23:44,967 [INFO] [5/75] Primeira Liga | 2023-2024 | possession
2026-08-09 09:23:44,970 [INFO]     URL : https://fbref.com/en/comps/32/2023-2024/possession/2023-2024-Primeira-Liga-Stats
2026-08-09 09:23:48,036 [WARNING]     Cloudflare détecté — attente 10s...
2026-08-09 09:23:58,046 [WARNING]     Table 'stats_possession' introuvable dans la page
2026-08-09 09:23:58,047 [WARNING]   -> Echec : POR_2023-2024_possession
2026-08-09 09:23:58,049 [INFO]   -> Pause 5s...
2026-08-09 09:24:03,050 [INFO] [6/75] Primeira Liga | 2024-2025 | passing
2026-08-09 09:24:03,054 [INFO]     URL : https://fbref.com/en/comps/32/2024-2025/passing/2024-2025-Primeira-Liga-Stats
2026-08-09 09:24:06,123 [WARNING]     Cloudflare détecté — attente 10s...
2026-08-09 09:24:16,137 [WARNING]     Table 'stats_passing' introuvable dans la page
2026-08-09 09:24:16,139 [WARNING]   -> Echec : POR_2024-2025_passing
2026-08-09 09:24:16,141 [INFO]   -> Pause 5s...
2026-08-09 09:24:21,144 [INFO] [7/75] Primeira Liga | 2024-2025 | passing_types
2026-08-09 09:24:21,145 [INFO]     URL : https://fbref.com/en/comps/32/2024-2025/passing_types/2024-2025-Primeira-Liga-Stats
2026-08-09 09:24:24,284 [WARNING]     Cloudflare détecté — attente 10s...
2026-08-09 09:24:34,298 [WARNING]     Table 'stats_passing_types' introuvable dans la page
2026-08-09 09:24:34,300 [WARNING]   -> Echec : POR_2024-2025_passing_types
2026-08-09 09:24:34,302 [INFO]   -> Pause 5s...
2026-08-09 09:24:39,303 [INFO] [8/75] Primeira Liga | 2024-2025 | goal_shot_creation
2026-08-09 09:24:39,304 [INFO]     URL : https://fbref.com/en/comps/32/2024-2025/goal_shot_creation/2024-2025-Primeira-Liga-Stats
2026-08-09 09:24:42,543 [WARNING]     Cloudflare détecté — attente 10s...
2026-08-09 09:24:52,568 [WARNING]     Table 'stats_gca' introuvable dans la page
2026-08-09 09:24:52,569 [WARNING]   -> Echec : POR_2024-2025_goal_shot_creation
2026-08-09 09:24:52,569 [INFO]   -> Pause 5s...
2026-08-09 09:24:57,571 [INFO] [9/75] Primeira Liga | 2024-2025 | defense
2026-08-09 09:24:57,572 [INFO]     URL : https://fbref.com/en/comps/32/2024-2025/defense/2024-2025-Primeira-Liga-Stats
2026-08-09 09:25:01,006 [WARNING]     Cloudflare détecté — attente 10s...
2026-08-09 09:25:11,024 [WARNING]     Table 'stats_defense' introuvable dans la page
2026-08-09 09:25:11,025 [WARNING]   -> Echec : POR_2024-2025_defense
2026-08-09 09:25:11,026 [INFO]   -> Pause 5s...
2026-08-09 09:25:16,028 [INFO] [10/75] Primeira Liga | 2024-2025 | possession
2026-08-09 09:25:16,030 [INFO]     URL : https://fbref.com/en/comps/32/2024-2025/possession/2024-2025-Primeira-Liga-Stats
2026-08-09 09:25:19,473 [WARNING]     Cloudflare détecté — attente 10s...
2026-08-09 09:25:29,576 [WARNING]     Table 'stats_possession' introuvable dans la page
2026-08-09 09:25:29,577 [WARNING]   -> Echec : POR_2024-2025_possession
2026-08-09 09:25:29,578 [INFO]   -> Pause 5s...
2026-08-09 09:25:34,579 [INFO] [11/75] Primeira Liga | 2025-2026 | passing
2026-08-09 09:25:34,580 [INFO]     URL : https://fbref.com/en/comps/32/passing/Primeira-Liga-Stats
2026-08-09 09:25:37,699 [WARNING]     Cloudflare détecté — attente 10s...
2026-08-09 09:25:47,718 [WARNING]     Table 'stats_passing' introuvable dans la page
2026-08-09 09:25:47,720 [WARNING]   -> Echec : POR_2025-2026_passing
2026-08-09 09:25:47,721 [INFO]   -> Pause 5s...
2026-08-09 09:25:52,724 [INFO] [12/75] Primeira Liga | 2025-2026 | passing_types
2026-08-09 09:25:52,725 [INFO]     URL : https://fbref.com/en/comps/32/passing_types/Primeira-Liga-Stats
2026-08-09 09:25:55,851 [WARNING]     Cloudflare détecté — attente 10s...
2026-08-09 09:26:05,872 [WARNING]     Table 'stats_passing_types' introuvable dans la page
2026-08-09 09:26:05,873 [WARNING]   -> Echec : POR_2025-2026_passing_types
2026-08-09 09:26:05,874 [INFO]   -> Pause 5s...
2026-08-09 09:26:10,875 [INFO] [13/75] Primeira Liga | 2025-2026 | goal_shot_creation
2026-08-09 09:26:10,877 [INFO]     URL : https://fbref.com/en/comps/32/goal_shot_creation/Primeira-Liga-Stats
2026-08-09 09:26:13,940 [WARNING]     Cloudflare détecté — attente 10s...
2026-08-09 09:26:23,969 [WARNING]     Table 'stats_gca' introuvable dans la page
2026-08-09 09:26:23,970 [WARNING]   -> Echec : POR_2025-2026_goal_shot_creation
2026-08-09 09:26:23,971 [INFO]   -> Pause 5s...
2026-08-09 09:26:28,973 [INFO] [14/75] Primeira Liga | 2025-2026 | defense
2026-08-09 09:26:28,974 [INFO]     URL : https://fbref.com/en/comps/32/defense/Primeira-Liga-Stats
2026-08-09 09:26:32,093 [WARNING]     Cloudflare détecté — attente 10s...
2026-08-09 09:26:42,113 [WARNING]     Table 'stats_defense' introuvable dans la page
2026-08-09 09:26:42,114 [WARNING]   -> Echec : POR_2025-2026_defense
2026-08-09 09:26:42,114 [INFO]   -> Pause 5s...
2026-08-09 09:26:47,115 [INFO] [15/75] Primeira Liga | 2025-2026 | possession
2026-08-09 09:26:47,116 [INFO]     URL : https://fbref.com/en/comps/32/possession/Primeira-Liga-Stats
2026-08-09 09:26:50,232 [WARNING]     Cloudflare détecté — attente 10s...
2026-08-09 09:27:00,251 [WARNING]     Table 'stats_possession' introuvable dans la page
2026-08-09 09:27:00,252 [WARNING]   -> Echec : POR_2025-2026_possession
2026-08-09 09:27:00,253 [INFO]   -> Pause 5s...
2026-08-09 09:27:05,255 [INFO] [16/75] Eredivisie | 2023-2024 | passing
2026-08-09 09:27:05,256 [INFO]     URL : https://fbref.com/en/comps/23/2023-2024/passing/2023-2024-Eredivisie-Stats
2026-08-09 09:27:08,458 [WARNING]     Cloudflare détecté — attente 10s...
2026-08-09 09:27:18,487 [WARNING]     Table 'stats_passing' introuvable dans la page
2026-08-09 09:27:18,488 [WARNING]   -> Echec : NED_2023-2024_passing
2026-08-09 09:27:18,489 [INFO]   -> Pause 5s...
