2026-08-12 14:46:20,316 [INFO] Log : C:\Users\serge\Documents\02_DEV_PROJETS\radar_pepites\logs\load_public_20260812_144620.log
2026-08-12 14:46:20,391 [INFO] =================================================================
2026-08-12 14:46:20,392 [INFO]   RadarPepites — Load Public (Gold)
2026-08-12 14:46:20,392 [INFO]   2026-08-12 14:46:20
2026-08-12 14:46:20,392 [INFO] =================================================================
2026-08-12 14:46:20,392 [INFO] [1/7] silver.ref_ligues -> public.dim_ligues
2026-08-12 14:46:21,174 [INFO]   [OK] 10 lignes
2026-08-12 14:46:21,174 [INFO] [2/7] silver.ref_saisons -> public.dim_saisons
2026-08-12 14:46:21,400 [INFO]   [OK] 3 lignes
2026-08-12 14:46:21,408 [INFO] [3/7] silver.ref_nationalites + ref_pays -> public.dim_nationalites
2026-08-12 14:46:24,700 [INFO]   [OK] 146 lignes
2026-08-12 14:46:24,700 [INFO] [4/7] silver.ref_postes -> public.dim_postes
2026-08-12 14:46:25,130 [INFO]   [OK] 11 lignes
2026-08-12 14:46:25,130 [INFO] [5/7] silver.players_combined + keepers_combined -> public.dim_joueurs
2026-08-12 14:49:34,629 [INFO]   [OK] 8426 lignes
2026-08-12 14:49:34,634 [INFO] [6/7] players_combined + keepers_combined -> public.dim_equipes
2026-08-12 14:49:40,091 [INFO]   [OK] 233 lignes
2026-08-12 14:49:40,091 [INFO] [7/7] players_combined + keepers_combined -> public.fact_stats
2026-08-12 14:49:41,658 [INFO]   17249 lignes à upserter (joueurs + gardiens)
2026-08-12 14:56:17,461 [INFO]   [OK] 17249 lignes
2026-08-12 14:56:17,485 [INFO] 
2026-08-12 14:56:17,485 [INFO] =======================================================
2026-08-12 14:56:17,485 [INFO]   VERIFICATION — Row counts public (Gold)
2026-08-12 14:56:17,485 [INFO] =======================================================
2026-08-12 14:56:17,732 [INFO]   dim_ligues                10 lignes
2026-08-12 14:56:17,752 [INFO]   dim_saisons                3 lignes
2026-08-12 14:56:17,772 [INFO]   dim_nationalites         146 lignes
2026-08-12 14:56:17,792 [INFO]   dim_postes                11 lignes
2026-08-12 14:56:17,813 [INFO]   dim_joueurs             9758 lignes
2026-08-12 14:56:17,836 [INFO]   dim_equipes              249 lignes
2026-08-12 14:56:17,862 [INFO]   fact_stats             16052 lignes
2026-08-12 14:56:17,882 [INFO] =======================================================
2026-08-12 14:56:17,883 [INFO] 
2026-08-12 14:56:17,883 [INFO]   Load Public termine avec succes.
