2026-08-12 17:02:29,666 [INFO] Log : C:\Users\serge\Documents\02_DEV_PROJETS\radar_pepites\logs\load_public_20260812_170229.log
2026-08-12 17:02:29,696 [INFO] =================================================================
2026-08-12 17:02:29,696 [INFO]   RadarPepites — Load Public (Gold)
2026-08-12 17:02:29,697 [INFO]   2026-08-12 17:02:29
2026-08-12 17:02:29,697 [INFO] =================================================================
2026-08-12 17:02:29,697 [INFO] [1/7] silver.ref_ligues -> public.dim_ligues
2026-08-12 17:02:30,687 [INFO]   [OK] 10 lignes
2026-08-12 17:02:30,687 [INFO] [2/7] silver.ref_saisons -> public.dim_saisons
2026-08-12 17:02:30,907 [INFO]   [OK] 3 lignes
2026-08-12 17:02:30,909 [INFO] [3/7] silver.ref_nationalites + ref_pays -> public.dim_nationalites
2026-08-12 17:02:34,051 [INFO]   [OK] 146 lignes
2026-08-12 17:02:34,052 [INFO] [4/7] silver.ref_postes -> public.dim_postes
2026-08-12 17:02:34,423 [INFO]   [OK] 11 lignes
2026-08-12 17:02:34,423 [INFO] [5/7] silver.players_combined + keepers_combined -> public.dim_joueurs
2026-08-12 17:05:30,786 [INFO]   [OK] 8426 lignes
2026-08-12 17:05:30,789 [INFO] [6/7] players_combined + keepers_combined -> public.dim_equipes
2026-08-12 17:05:35,823 [INFO]   [OK] 233 lignes
2026-08-12 17:05:35,823 [INFO] [7/7] players_combined + keepers_combined -> public.fact_stats
2026-08-12 17:05:36,897 [INFO]   17249 lignes à upserter (joueurs + gardiens)
2026-08-12 17:11:35,612 [INFO]   [OK] 17249 lignes
2026-08-12 17:11:35,691 [INFO] 
2026-08-12 17:11:35,692 [INFO] =======================================================
2026-08-12 17:11:35,692 [INFO]   VERIFICATION — Row counts public (Gold)
2026-08-12 17:11:35,692 [INFO] =======================================================
2026-08-12 17:11:35,965 [INFO]   dim_ligues                10 lignes
2026-08-12 17:11:35,989 [INFO]   dim_saisons                3 lignes
2026-08-12 17:11:36,013 [INFO]   dim_nationalites         146 lignes
2026-08-12 17:11:36,037 [INFO]   dim_postes                11 lignes
2026-08-12 17:11:36,061 [INFO]   dim_joueurs             8426 lignes
2026-08-12 17:11:36,084 [INFO]   dim_equipes              249 lignes
2026-08-12 17:11:36,118 [INFO]   fact_stats             16052 lignes
2026-08-12 17:11:36,139 [INFO] =======================================================
2026-08-12 17:11:36,140 [INFO] 
2026-08-12 17:11:36,140 [INFO]   Load Public termine avec succes.
