2026-08-09 01:19:11,128 [INFO] =================================================================
2026-08-09 01:19:11,128 [INFO]   RadarPepites - Infos Joueurs & Equipes -> Bronze
2026-08-09 01:19:11,128 [INFO] =================================================================
2026-08-09 01:19:11,129 [INFO]   Ligues  : ['ENG', 'ESP', 'GER', 'ITA', 'FRA', 'POR', 'NED', 'BEL', 'TUR', 'AUT']
2026-08-09 01:19:11,129 [INFO]   Saisons : ['2023-2024', '2024-2025', '2025-2026']
2026-08-09 01:19:11,129 [INFO]   Total   : 30 combinaisons ligue x saison
2026-08-09 01:19:11,130 [INFO]   Fichiers: 3 par combinaison (standings, squad, players_info)
2026-08-09 01:19:11,130 [INFO] =================================================================
2026-08-09 01:19:11,137 [INFO] [1/30] Premier League | 2023-2024
2026-08-09 01:19:11,138 [INFO]     season_id=52186 (23/24)
2026-08-09 01:19:11,138 [INFO]     [1/3] Standings...
2026-08-09 01:19:12,165 [INFO]     → 60 équipes
2026-08-09 01:19:12,174 [INFO]     → 20260809_011912_ENG_2023_2024_standings.csv
2026-08-09 01:19:14,175 [INFO]     [2/3] Squad (roster joueurs)...
2026-08-09 01:19:23,745 [INFO]     → 659 joueurs dans les squads
2026-08-09 01:19:23,773 [INFO]     → 20260809_011923_ENG_2023_2024_squad.csv
2026-08-09 01:19:25,778 [INFO]     [3/3] Player data (infos biographiques)...
2026-08-09 01:24:55,347 [INFO]     → 659 joueurs avec infos bio
2026-08-09 01:24:55,375 [INFO]     → 20260809_012455_ENG_2023_2024_players_info.csv
2026-08-09 01:24:55,377 [INFO]   -> Colonnes players_info : ['player_id', 'player_name', 'date_of_birth', 'age', 'nationality', 'nationality_id', 'height', 'weight', 'preferred_foot', 'jersey_number']...
2026-08-09 01:24:57,379 [INFO] [2/30] Premier League | 2024-2025
2026-08-09 01:24:57,380 [INFO]     season_id=61627 (24/25)
2026-08-09 01:24:57,381 [INFO]     [1/3] Standings...
2026-08-09 01:24:58,411 [INFO]     → 60 équipes
2026-08-09 01:24:58,421 [INFO]     → 20260809_012458_ENG_2024_2025_standings.csv
2026-08-09 01:25:00,422 [INFO]     [2/3] Squad (roster joueurs)...
2026-08-09 01:25:10,003 [INFO]     → 665 joueurs dans les squads
2026-08-09 01:25:10,031 [INFO]     → 20260809_012510_ENG_2024_2025_squad.csv
2026-08-09 01:25:12,033 [INFO]     [3/3] Player data (infos biographiques)...
2026-08-09 01:30:44,663 [INFO]     → 665 joueurs avec infos bio
2026-08-09 01:30:44,688 [INFO]     → 20260809_013044_ENG_2024_2025_players_info.csv
2026-08-09 01:30:44,690 [INFO]   -> Colonnes players_info : ['player_id', 'player_name', 'date_of_birth', 'age', 'nationality', 'nationality_id', 'height', 'weight', 'preferred_foot', 'jersey_number']...
2026-08-09 01:30:46,691 [INFO] [3/30] Premier League | 2025-2026
2026-08-09 01:30:46,693 [INFO]     season_id=76986 (25/26)
2026-08-09 01:30:46,693 [INFO]     [1/3] Standings...
2026-08-09 01:30:47,730 [INFO]     → 60 équipes
2026-08-09 01:30:47,740 [INFO]     → 20260809_013047_ENG_2025_2026_standings.csv
2026-08-09 01:30:49,741 [INFO]     [2/3] Squad (roster joueurs)...
2026-08-09 01:30:59,382 [INFO]     → 672 joueurs dans les squads
2026-08-09 01:30:59,410 [INFO]     → 20260809_013059_ENG_2025_2026_squad.csv
2026-08-09 01:31:01,411 [INFO]     [3/3] Player data (infos biographiques)...
2026-08-09 01:36:37,649 [INFO]     → 672 joueurs avec infos bio
2026-08-09 01:36:37,676 [INFO]     → 20260809_013637_ENG_2025_2026_players_info.csv
2026-08-09 01:36:37,679 [INFO]   -> Colonnes players_info : ['player_id', 'player_name', 'date_of_birth', 'age', 'nationality', 'nationality_id', 'height', 'weight', 'preferred_foot', 'jersey_number']...
2026-08-09 01:36:39,680 [INFO] [4/30] La Liga | 2023-2024
2026-08-09 01:36:39,680 [INFO]     season_id=52376 (23/24)
2026-08-09 01:36:39,681 [INFO]     [1/3] Standings...
2026-08-09 01:36:40,711 [INFO]     → 60 équipes
2026-08-09 01:36:40,720 [INFO]     → 20260809_013640_ESP_2023_2024_standings.csv
2026-08-09 01:36:42,723 [INFO]     [2/3] Squad (roster joueurs)...
2026-08-09 01:36:52,296 [INFO]     → 624 joueurs dans les squads
2026-08-09 01:36:52,321 [INFO]     → 20260809_013652_ESP_2023_2024_squad.csv
2026-08-09 01:36:54,323 [INFO]     [3/3] Player data (infos biographiques)...
2026-08-09 01:42:06,604 [INFO]     → 624 joueurs avec infos bio
2026-08-09 01:42:06,629 [INFO]     → 20260809_014206_ESP_2023_2024_players_info.csv
2026-08-09 01:42:06,633 [INFO]   -> Colonnes players_info : ['player_id', 'player_name', 'date_of_birth', 'age', 'nationality', 'nationality_id', 'height', 'weight', 'preferred_foot', 'jersey_number']...
2026-08-09 01:42:08,635 [INFO] [5/30] La Liga | 2024-2025
2026-08-09 01:42:08,636 [INFO]     season_id=61643 (24/25)
2026-08-09 01:42:08,636 [INFO]     [1/3] Standings...
2026-08-09 01:42:09,666 [INFO]     → 60 équipes
2026-08-09 01:42:09,676 [INFO]     → 20260809_014209_ESP_2024_2025_standings.csv
2026-08-09 01:42:11,677 [INFO]     [2/3] Squad (roster joueurs)...
2026-08-09 01:42:21,259 [INFO]     → 623 joueurs dans les squads
2026-08-09 01:42:21,286 [INFO]     → 20260809_014221_ESP_2024_2025_squad.csv
2026-08-09 01:42:23,288 [INFO]     [3/3] Player data (infos biographiques)...
2026-08-09 01:47:45,971 [WARNING] Request failed (attempt 1/3): Failed to perform, curl: (6) Could not resolve host: api.sofascore.com. See https://curl.se/libcurl/c/libcurl-errors.html first for more details.
2026-08-09 01:47:47,981 [WARNING] Request failed (attempt 2/3): Failed to perform, curl: (6) Could not resolve host: api.sofascore.com. See https://curl.se/libcurl/c/libcurl-errors.html first for more details.
2026-08-09 07:26:59,643 [WARNING] Request failed (attempt 3/3): Failed to perform, curl: (6) Could not resolve host: api.sofascore.com. See https://curl.se/libcurl/c/libcurl-errors.html first for more details.
2026-08-09 07:27:07,679 [WARNING] Failed to fetch profile for player_id=789071 (Dani Olmo): HTTP 0 for URL: https://api.sofascore.com/api/v1/player/789071 — All 3 attempts failed
2026-08-09 07:27:07,740 [WARNING] Request failed (attempt 1/3): Failed to perform, curl: (6) Could not resolve host: api.sofascore.com. See https://curl.se/libcurl/c/libcurl-errors.html first for more details.
2026-08-09 07:38:40,169 [WARNING] Could not retrieve profile for 1 player(s): [789071]
2026-08-09 07:38:40,175 [INFO]     → 621 joueurs avec infos bio
2026-08-09 07:38:40,191 [INFO]     → 20260809_073840_ESP_2024_2025_players_info.csv
2026-08-09 07:38:40,193 [INFO]   -> Colonnes players_info : ['player_id', 'player_name', 'date_of_birth', 'age', 'nationality', 'nationality_id', 'height', 'weight', 'preferred_foot', 'jersey_number']...
2026-08-09 07:38:42,193 [INFO] [6/30] La Liga | 2025-2026
2026-08-09 07:38:42,195 [INFO]     season_id=77559 (25/26)
2026-08-09 07:38:42,195 [INFO]     [1/3] Standings...
2026-08-09 07:38:43,217 [INFO]     → 60 équipes
2026-08-09 07:38:43,223 [INFO]     → 20260809_073843_ESP_2025_2026_standings.csv
2026-08-09 07:38:45,224 [INFO]     [2/3] Squad (roster joueurs)...
2026-08-09 07:38:54,776 [INFO]     → 602 joueurs dans les squads
2026-08-09 07:38:54,793 [INFO]     → 20260809_073854_ESP_2025_2026_squad.csv
2026-08-09 07:38:56,794 [INFO]     [3/3] Player data (infos biographiques)...
2026-08-09 07:43:57,127 [INFO]     → 601 joueurs avec infos bio
2026-08-09 07:43:57,134 [INFO]     → 20260809_074357_ESP_2025_2026_players_info.csv
2026-08-09 07:43:57,135 [INFO]   -> Colonnes players_info : ['player_id', 'player_name', 'date_of_birth', 'age', 'nationality', 'nationality_id', 'height', 'weight', 'preferred_foot', 'jersey_number']...
2026-08-09 07:43:59,136 [INFO] [7/30] Bundesliga | 2023-2024
2026-08-09 07:43:59,136 [INFO]     season_id=52608 (23/24)
2026-08-09 07:43:59,136 [INFO]     [1/3] Standings...
2026-08-09 07:44:00,161 [INFO]     → 54 équipes
2026-08-09 07:44:00,164 [INFO]     → 20260809_074400_GER_2023_2024_standings.csv
2026-08-09 07:44:02,165 [INFO]     [2/3] Squad (roster joueurs)...
2026-08-09 07:44:10,702 [INFO]     → 575 joueurs dans les squads
2026-08-09 07:44:10,712 [INFO]     → 20260809_074410_GER_2023_2024_squad.csv
2026-08-09 07:44:12,713 [INFO]     [3/3] Player data (infos biographiques)...
2026-08-09 07:49:00,065 [INFO]     → 575 joueurs avec infos bio
2026-08-09 07:49:00,082 [INFO]     → 20260809_074900_GER_2023_2024_players_info.csv
2026-08-09 07:49:00,084 [INFO]   -> Colonnes players_info : ['player_id', 'player_name', 'date_of_birth', 'age', 'nationality', 'nationality_id', 'height', 'weight', 'preferred_foot', 'jersey_number']...
2026-08-09 07:49:02,085 [INFO] [8/30] Bundesliga | 2024-2025
2026-08-09 07:49:02,085 [INFO]     season_id=63516 (24/25)
2026-08-09 07:49:02,086 [INFO]     [1/3] Standings...
2026-08-09 07:49:03,112 [INFO]     → 54 équipes
2026-08-09 07:49:03,118 [INFO]     → 20260809_074903_GER_2024_2025_standings.csv
2026-08-09 07:49:05,119 [INFO]     [2/3] Squad (roster joueurs)...
2026-08-09 07:49:13,672 [INFO]     → 578 joueurs dans les squads
2026-08-09 07:49:13,686 [INFO]     → 20260809_074913_GER_2024_2025_squad.csv
2026-08-09 07:49:15,687 [INFO]     [3/3] Player data (infos biographiques)...
2026-08-09 07:54:04,556 [INFO]     → 578 joueurs avec infos bio
2026-08-09 07:54:04,571 [INFO]     → 20260809_075404_GER_2024_2025_players_info.csv
2026-08-09 07:54:04,572 [INFO]   -> Colonnes players_info : ['player_id', 'player_name', 'date_of_birth', 'age', 'nationality', 'nationality_id', 'height', 'weight', 'preferred_foot', 'jersey_number']...
2026-08-09 07:54:06,574 [INFO] [9/30] Bundesliga | 2025-2026
2026-08-09 07:54:06,575 [INFO]     season_id=77333 (25/26)
2026-08-09 07:54:06,576 [INFO]     [1/3] Standings...
2026-08-09 07:54:07,599 [INFO]     → 54 équipes
2026-08-09 07:54:07,606 [INFO]     → 20260809_075407_GER_2025_2026_standings.csv
2026-08-09 07:54:09,608 [INFO]     [2/3] Squad (roster joueurs)...
2026-08-09 07:54:18,171 [INFO]     → 575 joueurs dans les squads
2026-08-09 07:54:18,187 [INFO]     → 20260809_075418_GER_2025_2026_squad.csv
2026-08-09 07:54:20,188 [INFO]     [3/3] Player data (infos biographiques)...
2026-08-09 07:59:07,601 [INFO]     → 575 joueurs avec infos bio
2026-08-09 07:59:07,616 [INFO]     → 20260809_075907_GER_2025_2026_players_info.csv
2026-08-09 07:59:07,618 [INFO]   -> Colonnes players_info : ['player_id', 'player_name', 'date_of_birth', 'age', 'nationality', 'nationality_id', 'height', 'weight', 'preferred_foot', 'jersey_number']...
2026-08-09 07:59:09,620 [INFO] [10/30] Serie A | 2023-2024
2026-08-09 07:59:09,622 [INFO]     season_id=52760 (23/24)
2026-08-09 07:59:09,622 [INFO]     [1/3] Standings...
2026-08-09 07:59:10,645 [INFO]     → 60 équipes
2026-08-09 07:59:10,650 [INFO]     → 20260809_075910_ITA_2023_2024_standings.csv
2026-08-09 07:59:12,652 [INFO]     [2/3] Squad (roster joueurs)...
2026-08-09 07:59:22,229 [INFO]     → 692 joueurs dans les squads
2026-08-09 07:59:22,245 [INFO]     → 20260809_075922_ITA_2023_2024_squad.csv
2026-08-09 07:59:24,248 [INFO]     [3/3] Player data (infos biographiques)...
2026-08-09 08:05:10,241 [INFO]     → 692 joueurs avec infos bio
2026-08-09 08:05:10,261 [INFO]     → 20260809_080510_ITA_2023_2024_players_info.csv
2026-08-09 08:05:10,263 [INFO]   -> Colonnes players_info : ['player_id', 'player_name', 'date_of_birth', 'age', 'nationality', 'nationality_id', 'height', 'weight', 'preferred_foot', 'jersey_number']...
2026-08-09 08:05:12,264 [INFO] [11/30] Serie A | 2024-2025
2026-08-09 08:05:12,265 [INFO]     season_id=63515 (24/25)
2026-08-09 08:05:12,265 [INFO]     [1/3] Standings...
2026-08-09 08:05:13,292 [INFO]     → 60 équipes
2026-08-09 08:05:13,299 [INFO]     → 20260809_080513_ITA_2024_2025_standings.csv
2026-08-09 08:05:15,300 [INFO]     [2/3] Squad (roster joueurs)...
2026-08-09 08:05:24,858 [INFO]     → 707 joueurs dans les squads
2026-08-09 08:05:24,873 [INFO]     → 20260809_080524_ITA_2024_2025_squad.csv
2026-08-09 08:05:26,876 [INFO]     [3/3] Player data (infos biographiques)...
2026-08-09 08:11:20,331 [INFO]     → 707 joueurs avec infos bio
2026-08-09 08:11:20,340 [INFO]     → 20260809_081120_ITA_2024_2025_players_info.csv
2026-08-09 08:11:20,341 [INFO]   -> Colonnes players_info : ['player_id', 'player_name', 'date_of_birth', 'age', 'nationality', 'nationality_id', 'height', 'weight', 'preferred_foot', 'jersey_number']...
2026-08-09 08:11:22,342 [INFO] [12/30] Serie A | 2025-2026
2026-08-09 08:11:22,343 [INFO]     season_id=76457 (25/26)
2026-08-09 08:11:22,343 [INFO]     [1/3] Standings...
2026-08-09 08:11:23,362 [INFO]     → 60 équipes
2026-08-09 08:11:23,364 [INFO]     → 20260809_081123_ITA_2025_2026_standings.csv
2026-08-09 08:11:25,365 [INFO]     [2/3] Squad (roster joueurs)...
2026-08-09 08:11:34,911 [INFO]     → 719 joueurs dans les squads
2026-08-09 08:11:34,921 [INFO]     → 20260809_081134_ITA_2025_2026_squad.csv
2026-08-09 08:11:36,922 [INFO]     [3/3] Player data (infos biographiques)...
2026-08-09 08:17:36,453 [INFO]     → 719 joueurs avec infos bio
2026-08-09 08:17:36,466 [INFO]     → 20260809_081736_ITA_2025_2026_players_info.csv
2026-08-09 08:17:36,468 [INFO]   -> Colonnes players_info : ['player_id', 'player_name', 'date_of_birth', 'age', 'nationality', 'nationality_id', 'height', 'weight', 'preferred_foot', 'jersey_number']...
2026-08-09 08:17:38,469 [INFO] [13/30] Ligue 1 | 2023-2024
2026-08-09 08:17:38,470 [INFO]     season_id=52571 (23/24)
2026-08-09 08:17:38,470 [INFO]     [1/3] Standings...
2026-08-09 08:17:39,496 [INFO]     → 54 équipes
2026-08-09 08:17:39,502 [INFO]     → 20260809_081739_FRA_2023_2024_standings.csv
2026-08-09 08:17:41,504 [INFO]     [2/3] Squad (roster joueurs)...
2026-08-09 08:17:50,047 [INFO]     → 530 joueurs dans les squads
2026-08-09 08:17:50,059 [INFO]     → 20260809_081750_FRA_2023_2024_squad.csv
2026-08-09 08:17:52,060 [INFO]     [3/3] Player data (infos biographiques)...
2026-08-09 08:22:16,521 [INFO]     → 529 joueurs avec infos bio
2026-08-09 08:22:16,534 [INFO]     → 20260809_082216_FRA_2023_2024_players_info.csv
2026-08-09 08:22:16,535 [INFO]   -> Colonnes players_info : ['player_id', 'player_name', 'date_of_birth', 'age', 'nationality', 'nationality_id', 'height', 'weight', 'preferred_foot', 'jersey_number']...
2026-08-09 08:22:18,536 [INFO] [14/30] Ligue 1 | 2024-2025
2026-08-09 08:22:18,537 [INFO]     season_id=61736 (24/25)
2026-08-09 08:22:18,537 [INFO]     [1/3] Standings...
2026-08-09 08:22:19,566 [INFO]     → 54 équipes
2026-08-09 08:22:19,571 [INFO]     → 20260809_082219_FRA_2024_2025_standings.csv
2026-08-09 08:22:21,573 [INFO]     [2/3] Squad (roster joueurs)...
2026-08-09 08:22:30,116 [INFO]     → 552 joueurs dans les squads
2026-08-09 08:22:30,127 [INFO]     → 20260809_082230_FRA_2024_2025_squad.csv
2026-08-09 08:22:32,128 [INFO]     [3/3] Player data (infos biographiques)...
2026-08-09 08:27:07,498 [INFO]     → 551 joueurs avec infos bio
2026-08-09 08:27:07,509 [INFO]     → 20260809_082707_FRA_2024_2025_players_info.csv
2026-08-09 08:27:07,510 [INFO]   -> Colonnes players_info : ['player_id', 'player_name', 'date_of_birth', 'age', 'nationality', 'nationality_id', 'height', 'weight', 'preferred_foot', 'jersey_number']...
2026-08-09 08:27:09,511 [INFO] [15/30] Ligue 1 | 2025-2026
2026-08-09 08:27:09,512 [INFO]     season_id=77356 (25/26)
2026-08-09 08:27:09,512 [INFO]     [1/3] Standings...
2026-08-09 08:27:10,532 [INFO]     → 54 équipes
2026-08-09 08:27:10,537 [INFO]     → 20260809_082710_FRA_2025_2026_standings.csv
2026-08-09 08:27:12,538 [INFO]     [2/3] Squad (roster joueurs)...
2026-08-09 08:27:21,084 [INFO]     → 540 joueurs dans les squads
2026-08-09 08:27:21,098 [INFO]     → 20260809_082721_FRA_2025_2026_squad.csv
2026-08-09 08:27:23,099 [INFO]     [3/3] Player data (infos biographiques)...
2026-08-09 08:31:52,965 [INFO]     → 540 joueurs avec infos bio
2026-08-09 08:31:52,977 [INFO]     → 20260809_083152_FRA_2025_2026_players_info.csv
2026-08-09 08:31:52,978 [INFO]   -> Colonnes players_info : ['player_id', 'player_name', 'date_of_birth', 'age', 'nationality', 'nationality_id', 'height', 'weight', 'preferred_foot', 'jersey_number']...
2026-08-09 08:31:54,979 [INFO] [16/30] Primeira Liga | 2023-2024
2026-08-09 08:31:54,980 [INFO]     season_id=52769 (23/24)
2026-08-09 08:31:54,980 [INFO]     [1/3] Standings...
2026-08-09 08:31:56,211 [INFO]     → 54 équipes
2026-08-09 08:31:56,215 [INFO]     → 20260809_083156_POR_2023_2024_standings.csv
2026-08-09 08:31:58,217 [INFO]     [2/3] Squad (roster joueurs)...
2026-08-09 08:32:05,248 [WARNING] Failed to fetch squad data for team_id=2995 (Boavista): HTTP 404 for URL: https://api.sofascore.com/api/v1/team/2995/players
2026-08-09 08:32:06,753 [WARNING] Could not retrieve squad for 1 team(s): [2995]
2026-08-09 08:32:06,757 [INFO]     → 502 joueurs dans les squads
2026-08-09 08:32:06,769 [INFO]     → 20260809_083206_POR_2023_2024_squad.csv
2026-08-09 08:32:08,770 [INFO]     [3/3] Player data (infos biographiques)...
2026-08-09 08:36:19,124 [INFO]     → 501 joueurs avec infos bio
2026-08-09 08:36:19,143 [INFO]     → 20260809_083619_POR_2023_2024_players_info.csv
2026-08-09 08:36:19,144 [INFO]   -> Colonnes players_info : ['player_id', 'player_name', 'date_of_birth', 'age', 'nationality', 'nationality_id', 'height', 'weight', 'preferred_foot', 'jersey_number']...
2026-08-09 08:36:21,146 [INFO] [17/30] Primeira Liga | 2024-2025
2026-08-09 08:36:21,146 [INFO]     season_id=63670 (24/25)
2026-08-09 08:36:21,146 [INFO]     [1/3] Standings...
2026-08-09 08:36:22,176 [INFO]     → 54 équipes
2026-08-09 08:36:22,182 [INFO]     → 20260809_083622_POR_2024_2025_standings.csv
2026-08-09 08:36:24,183 [INFO]     [2/3] Squad (roster joueurs)...
2026-08-09 08:36:32,715 [WARNING] Failed to fetch squad data for team_id=2995 (Boavista): HTTP 404 for URL: https://api.sofascore.com/api/v1/team/2995/players
2026-08-09 08:36:32,717 [WARNING] Could not retrieve squad for 1 team(s): [2995]
2026-08-09 08:36:32,723 [INFO]     → 502 joueurs dans les squads
2026-08-09 08:36:32,737 [INFO]     → 20260809_083632_POR_2024_2025_squad.csv
2026-08-09 08:36:34,738 [INFO]     [3/3] Player data (infos biographiques)...
2026-08-09 08:40:45,647 [INFO]     → 502 joueurs avec infos bio
2026-08-09 08:40:45,659 [INFO]     → 20260809_084045_POR_2024_2025_players_info.csv
2026-08-09 08:40:45,660 [INFO]   -> Colonnes players_info : ['player_id', 'player_name', 'date_of_birth', 'age', 'nationality', 'nationality_id', 'height', 'weight', 'preferred_foot', 'jersey_number']...
2026-08-09 08:40:47,661 [INFO] [18/30] Primeira Liga | 2025-2026
2026-08-09 08:40:47,662 [INFO]     season_id=77806 (25/26)
2026-08-09 08:40:47,662 [INFO]     [1/3] Standings...
2026-08-09 08:40:48,682 [INFO]     → 54 équipes
2026-08-09 08:40:48,686 [INFO]     → 20260809_084048_POR_2025_2026_standings.csv
2026-08-09 08:40:50,688 [INFO]     [2/3] Squad (roster joueurs)...
2026-08-09 08:40:59,237 [INFO]     → 528 joueurs dans les squads
2026-08-09 08:40:59,250 [INFO]     → 20260809_084059_POR_2025_2026_squad.csv
2026-08-09 08:41:01,252 [INFO]     [3/3] Player data (infos biographiques)...
2026-08-09 08:45:25,099 [INFO]     → 528 joueurs avec infos bio
2026-08-09 08:45:25,114 [INFO]     → 20260809_084525_POR_2025_2026_players_info.csv
2026-08-09 08:45:25,115 [INFO]   -> Colonnes players_info : ['player_id', 'player_name', 'date_of_birth', 'age', 'nationality', 'nationality_id', 'height', 'weight', 'preferred_foot', 'jersey_number']...
2026-08-09 08:45:27,116 [INFO] [19/30] Eredivisie | 2023-2024
2026-08-09 08:45:27,116 [INFO]     season_id=52554 (23/24)
2026-08-09 08:45:27,116 [INFO]     [1/3] Standings...
2026-08-09 08:45:28,144 [INFO]     → 54 équipes
2026-08-09 08:45:28,150 [INFO]     → 20260809_084528_NED_2023_2024_standings.csv
2026-08-09 08:45:30,151 [INFO]     [2/3] Squad (roster joueurs)...
2026-08-09 08:45:38,700 [INFO]     → 503 joueurs dans les squads
2026-08-09 08:45:38,717 [INFO]     → 20260809_084538_NED_2023_2024_squad.csv
2026-08-09 08:45:40,719 [INFO]     [3/3] Player data (infos biographiques)...
2026-08-09 08:49:52,155 [INFO]     → 503 joueurs avec infos bio
2026-08-09 08:49:52,168 [INFO]     → 20260809_084952_NED_2023_2024_players_info.csv
2026-08-09 08:49:52,169 [INFO]   -> Colonnes players_info : ['player_id', 'player_name', 'date_of_birth', 'age', 'nationality', 'nationality_id', 'height', 'weight', 'preferred_foot', 'jersey_number']...
2026-08-09 08:49:54,171 [INFO] [20/30] Eredivisie | 2024-2025
2026-08-09 08:49:54,171 [INFO]     season_id=61666 (24/25)
2026-08-09 08:49:54,171 [INFO]     [1/3] Standings...
2026-08-09 08:49:55,201 [INFO]     → 54 équipes
2026-08-09 08:49:55,211 [INFO]     → 20260809_084955_NED_2024_2025_standings.csv
2026-08-09 08:49:57,212 [INFO]     [2/3] Squad (roster joueurs)...
2026-08-09 08:50:05,751 [INFO]     → 500 joueurs dans les squads
2026-08-09 08:50:05,763 [INFO]     → 20260809_085005_NED_2024_2025_squad.csv
2026-08-09 08:50:07,764 [INFO]     [3/3] Player data (infos biographiques)...
2026-08-09 08:54:17,675 [INFO]     → 500 joueurs avec infos bio
2026-08-09 08:54:17,697 [INFO]     → 20260809_085417_NED_2024_2025_players_info.csv
2026-08-09 08:54:17,699 [INFO]   -> Colonnes players_info : ['player_id', 'player_name', 'date_of_birth', 'age', 'nationality', 'nationality_id', 'height', 'weight', 'preferred_foot', 'jersey_number']...
2026-08-09 08:54:19,700 [INFO] [21/30] Eredivisie | 2025-2026
2026-08-09 08:54:19,701 [INFO]     season_id=77012 (25/26)
2026-08-09 08:54:19,702 [INFO]     [1/3] Standings...
2026-08-09 08:54:20,729 [INFO]     → 54 équipes
2026-08-09 08:54:20,740 [INFO]     → 20260809_085420_NED_2025_2026_standings.csv
2026-08-09 08:54:22,742 [INFO]     [2/3] Squad (roster joueurs)...
2026-08-09 08:54:31,316 [INFO]     → 497 joueurs dans les squads
2026-08-09 08:54:31,339 [INFO]     → 20260809_085431_NED_2025_2026_squad.csv
2026-08-09 08:54:33,341 [INFO]     [3/3] Player data (infos biographiques)...
2026-08-09 08:58:41,917 [INFO]     → 497 joueurs avec infos bio
2026-08-09 08:58:41,939 [INFO]     → 20260809_085841_NED_2025_2026_players_info.csv
2026-08-09 08:58:41,941 [INFO]   -> Colonnes players_info : ['player_id', 'player_name', 'date_of_birth', 'age', 'nationality', 'nationality_id', 'height', 'weight', 'preferred_foot', 'jersey_number']...
2026-08-09 08:58:43,944 [INFO] [22/30] First Division A | 2023-2024
2026-08-09 08:58:43,946 [WARNING]     season_id non trouvé pour 23/24
2026-08-09 08:58:43,946 [INFO] [23/30] First Division A | 2024-2025
2026-08-09 08:58:43,947 [WARNING]     season_id non trouvé pour 24/25
2026-08-09 08:58:43,947 [INFO] [24/30] First Division A | 2025-2026
2026-08-09 08:58:43,948 [WARNING]     season_id non trouvé pour 25/26
2026-08-09 08:58:43,948 [INFO] [25/30] Super Lig | 2023-2024
2026-08-09 08:58:43,948 [INFO]     season_id=53190 (23/24)
2026-08-09 08:58:43,949 [INFO]     [1/3] Standings...
2026-08-09 08:58:44,980 [INFO]     → 60 équipes
2026-08-09 08:58:44,989 [INFO]     → 20260809_085844_TUR_2023_2024_standings.csv
2026-08-09 08:58:46,992 [INFO]     [2/3] Squad (roster joueurs)...
2026-08-09 08:58:56,569 [INFO]     → 620 joueurs dans les squads
2026-08-09 08:58:56,594 [INFO]     → 20260809_085856_TUR_2023_2024_squad.csv
2026-08-09 08:58:58,595 [INFO]     [3/3] Player data (infos biographiques)...
2026-08-09 09:04:08,667 [INFO]     → 620 joueurs avec infos bio
2026-08-09 09:04:08,677 [INFO]     → 20260809_090408_TUR_2023_2024_players_info.csv
2026-08-09 09:04:08,677 [INFO]   -> Colonnes players_info : ['player_id', 'player_name', 'date_of_birth', 'age', 'nationality', 'nationality_id', 'height', 'weight', 'preferred_foot', 'jersey_number']...
2026-08-09 09:04:10,678 [INFO] [26/30] Super Lig | 2024-2025
2026-08-09 09:04:10,679 [INFO]     season_id=63814 (24/25)
2026-08-09 09:04:10,679 [INFO]     [1/3] Standings...
2026-08-09 09:04:11,701 [INFO]     → 57 équipes
2026-08-09 09:04:11,705 [INFO]     → 20260809_090411_TUR_2024_2025_standings.csv
2026-08-09 09:04:13,706 [INFO]     [2/3] Squad (roster joueurs)...
2026-08-09 09:04:22,743 [INFO]     → 602 joueurs dans les squads
2026-08-09 09:04:22,757 [INFO]     → 20260809_090422_TUR_2024_2025_squad.csv
2026-08-09 09:04:24,759 [INFO]     [3/3] Player data (infos biographiques)...
2026-08-09 09:09:25,599 [INFO]     → 602 joueurs avec infos bio
2026-08-09 09:09:25,606 [INFO]     → 20260809_090925_TUR_2024_2025_players_info.csv
2026-08-09 09:09:25,607 [INFO]   -> Colonnes players_info : ['player_id', 'player_name', 'date_of_birth', 'age', 'nationality', 'nationality_id', 'height', 'weight', 'preferred_foot', 'jersey_number']...
2026-08-09 09:09:27,608 [INFO] [27/30] Super Lig | 2025-2026
2026-08-09 09:09:27,608 [INFO]     season_id=77805 (25/26)
2026-08-09 09:09:27,608 [INFO]     [1/3] Standings...
2026-08-09 09:09:28,633 [INFO]     → 54 équipes
2026-08-09 09:09:28,639 [INFO]     → 20260809_090928_TUR_2025_2026_standings.csv
2026-08-09 09:09:30,640 [INFO]     [2/3] Squad (roster joueurs)...
2026-08-09 09:09:39,184 [INFO]     → 576 joueurs dans les squads
2026-08-09 09:09:39,200 [INFO]     → 20260809_090939_TUR_2025_2026_squad.csv
2026-08-09 09:09:41,201 [INFO]     [3/3] Player data (infos biographiques)...
2026-08-09 09:14:29,131 [INFO]     → 576 joueurs avec infos bio
2026-08-09 09:14:29,142 [INFO]     → 20260809_091429_TUR_2025_2026_players_info.csv
2026-08-09 09:14:29,144 [INFO]   -> Colonnes players_info : ['player_id', 'player_name', 'date_of_birth', 'age', 'nationality', 'nationality_id', 'height', 'weight', 'preferred_foot', 'jersey_number']...
2026-08-09 09:14:31,145 [INFO] [28/30] Bundesliga Autriche | 2023-2024
2026-08-09 09:14:31,146 [INFO]     season_id=52524 (23/24)
2026-08-09 09:14:31,146 [INFO]     [1/3] Standings...
2026-08-09 09:14:32,166 [INFO]     → 72 équipes
2026-08-09 09:14:32,172 [INFO]     → 20260809_091432_AUT_2023_2024_standings.csv
2026-08-09 09:14:34,173 [INFO]     [2/3] Squad (roster joueurs)...
2026-08-09 09:14:45,752 [INFO]     → 642 joueurs dans les squads
2026-08-09 09:14:45,778 [INFO]     → 20260809_091445_AUT_2023_2024_squad.csv
2026-08-09 09:14:47,780 [INFO]     [3/3] Player data (infos biographiques)...
2026-08-09 09:17:28,066 [INFO]     → 321 joueurs avec infos bio
2026-08-09 09:17:28,075 [INFO]     → 20260809_091728_AUT_2023_2024_players_info.csv
2026-08-09 09:17:28,076 [INFO]   -> Colonnes players_info : ['player_id', 'player_name', 'date_of_birth', 'age', 'nationality', 'nationality_id', 'height', 'weight', 'preferred_foot', 'jersey_number']...
2026-08-09 09:17:30,077 [INFO] [29/30] Bundesliga Autriche | 2024-2025
2026-08-09 09:17:30,077 [INFO]     season_id=62629 (24/25)
2026-08-09 09:17:30,078 [INFO]     [1/3] Standings...
2026-08-09 09:17:31,103 [INFO]     → 72 équipes
2026-08-09 09:17:31,109 [INFO]     → 20260809_091731_AUT_2024_2025_standings.csv
2026-08-09 09:17:33,110 [INFO]     [2/3] Squad (roster joueurs)...
2026-08-09 09:17:44,657 [INFO]     → 644 joueurs dans les squads
2026-08-09 09:17:44,672 [INFO]     → 20260809_091744_AUT_2024_2025_squad.csv
2026-08-09 09:17:46,673 [INFO]     [3/3] Player data (infos biographiques)...
2026-08-09 09:20:27,511 [INFO]     → 322 joueurs avec infos bio
2026-08-09 09:20:27,530 [INFO]     → 20260809_092027_AUT_2024_2025_players_info.csv
2026-08-09 09:20:27,532 [INFO]   -> Colonnes players_info : ['player_id', 'player_name', 'date_of_birth', 'age', 'nationality', 'nationality_id', 'height', 'weight', 'preferred_foot', 'jersey_number']...
2026-08-09 09:20:29,534 [INFO] [30/30] Bundesliga Autriche | 2025-2026
2026-08-09 09:20:29,534 [INFO]     season_id=77382 (25/26)
2026-08-09 09:20:29,535 [INFO]     [1/3] Standings...
2026-08-09 09:20:30,568 [INFO]     → 72 équipes
2026-08-09 09:20:30,582 [INFO]     → 20260809_092030_AUT_2025_2026_standings.csv
2026-08-09 09:20:32,584 [INFO]     [2/3] Squad (roster joueurs)...
2026-08-09 09:20:44,158 [INFO]     → 656 joueurs dans les squads
2026-08-09 09:20:44,185 [INFO]     → 20260809_092044_AUT_2025_2026_squad.csv
2026-08-09 09:20:46,189 [INFO]     [3/3] Player data (infos biographiques)...
2026-08-09 09:23:29,937 [INFO]     → 328 joueurs avec infos bio
2026-08-09 09:23:29,949 [INFO]     → 20260809_092329_AUT_2025_2026_players_info.csv
2026-08-09 09:23:29,951 [INFO]   -> Colonnes players_info : ['player_id', 'player_name', 'date_of_birth', 'age', 'nationality', 'nationality_id', 'height', 'weight', 'preferred_foot', 'jersey_number']...
2026-08-09 09:23:31,952 [INFO] =================================================================
2026-08-09 09:23:31,953 [INFO]   Termine  : 27/30 combinaisons completes
2026-08-09 09:23:31,953 [WARNING]   Echecs   : ['BEL_2023-2024', 'BEL_2024-2025', 'BEL_2025-2026']
2026-08-09 09:23:31,953 [INFO]   Bronze   : C:\Users\serge\Documents\02_DEV_PROJETS\radar_pepites\data\bronze
2026-08-09 09:23:31,953 [INFO] =================================================================
