2026-08-11 15:07:58,102 [INFO] Log : C:\Users\serge\Documents\02_DEV_PROJETS\radar_pepites\logs\silver_20260811_150758.log
2026-08-11 15:07:58,144 [INFO] =================================================================
2026-08-11 15:07:58,145 [INFO]   RadarPepites — Silver Transformer
2026-08-11 15:07:58,145 [INFO]   2026-08-11 15:07:58
2026-08-11 15:07:58,145 [INFO] =================================================================
2026-08-11 15:07:58,145 [INFO] [0/7] Chargement infos bio joueurs → silver.players_info
2026-08-11 15:07:58,146 [INFO]   (aucun *_players_info.csv en racine, utilisation de C:\Users\serge\Documents\02_DEV_PROJETS\radar_pepites\data\bronze\_Archives)
2026-08-11 15:08:14,719 [INFO]   [OK] 20260809_012455_ENG_2023_2024_players_info.csv — 659 lignes
2026-08-11 15:08:29,692 [INFO]   [OK] 20260809_013044_ENG_2024_2025_players_info.csv — 665 lignes
2026-08-11 15:08:45,544 [INFO]   [OK] 20260809_013637_ENG_2025_2026_players_info.csv — 672 lignes
2026-08-11 15:09:00,406 [INFO]   [OK] 20260809_014206_ESP_2023_2024_players_info.csv — 624 lignes
2026-08-11 15:09:14,631 [INFO]   [OK] 20260809_073840_ESP_2024_2025_players_info.csv — 621 lignes
2026-08-11 15:09:28,460 [INFO]   [OK] 20260809_074357_ESP_2025_2026_players_info.csv — 601 lignes
2026-08-11 15:09:41,485 [INFO]   [OK] 20260809_074900_GER_2023_2024_players_info.csv — 575 lignes
2026-08-11 15:09:51,882 [INFO]   [OK] 20260809_075401_BEL_2023_2024_players_info.csv — 447 lignes
2026-08-11 15:10:05,252 [INFO]   [OK] 20260809_075404_GER_2024_2025_players_info.csv — 578 lignes
2026-08-11 15:10:15,624 [INFO]   [OK] 20260809_075813_BEL_2024_2025_players_info.csv — 458 lignes
2026-08-11 15:10:28,907 [INFO]   [OK] 20260809_075907_GER_2025_2026_players_info.csv — 575 lignes
2026-08-11 15:10:39,604 [INFO]   [OK] 20260809_080224_BEL_2025_2026_players_info.csv — 458 lignes
2026-08-11 15:10:56,395 [INFO]   [OK] 20260809_080510_ITA_2023_2024_players_info.csv — 692 lignes
2026-08-11 15:11:12,570 [INFO]   [OK] 20260809_081120_ITA_2024_2025_players_info.csv — 707 lignes
2026-08-11 15:11:29,161 [INFO]   [OK] 20260809_081736_ITA_2025_2026_players_info.csv — 719 lignes
2026-08-11 15:11:41,509 [INFO]   [OK] 20260809_082216_FRA_2023_2024_players_info.csv — 529 lignes
2026-08-11 15:11:54,243 [INFO]   [OK] 20260809_082707_FRA_2024_2025_players_info.csv — 551 lignes
2026-08-11 15:12:07,073 [INFO]   [OK] 20260809_083152_FRA_2025_2026_players_info.csv — 540 lignes
2026-08-11 15:12:18,455 [INFO]   [OK] 20260809_083619_POR_2023_2024_players_info.csv — 501 lignes
2026-08-11 15:12:29,720 [INFO]   [OK] 20260809_084045_POR_2024_2025_players_info.csv — 502 lignes
2026-08-11 15:12:41,703 [INFO]   [OK] 20260809_084525_POR_2025_2026_players_info.csv — 528 lignes
2026-08-11 15:12:53,878 [INFO]   [OK] 20260809_084952_NED_2023_2024_players_info.csv — 503 lignes
2026-08-11 15:13:05,253 [INFO]   [OK] 20260809_085417_NED_2024_2025_players_info.csv — 500 lignes
2026-08-11 15:13:16,497 [INFO]   [OK] 20260809_085841_NED_2025_2026_players_info.csv — 497 lignes
2026-08-11 15:13:30,540 [INFO]   [OK] 20260809_090408_TUR_2023_2024_players_info.csv — 620 lignes
2026-08-11 15:13:44,312 [INFO]   [OK] 20260809_090925_TUR_2024_2025_players_info.csv — 602 lignes
2026-08-11 15:13:57,626 [INFO]   [OK] 20260809_091429_TUR_2025_2026_players_info.csv — 576 lignes
2026-08-11 15:14:05,156 [INFO]   [OK] 20260809_091728_AUT_2023_2024_players_info.csv — 321 lignes
2026-08-11 15:14:12,315 [INFO]   [OK] 20260809_092027_AUT_2024_2025_players_info.csv — 322 lignes
2026-08-11 15:14:20,190 [INFO]   [OK] 20260809_092329_AUT_2025_2026_players_info.csv — 328 lignes
2026-08-11 15:14:20,190 [INFO]   Total players_info : 16471 lignes upsertées (6788 joueurs uniques)
2026-08-11 15:14:20,192 [INFO] [1/7] Chargement FBref joueurs de champ → silver.players_fbref
2026-08-11 15:14:32,811 [INFO]   [OK] ENG|2023-2024 — 540 lignes upsertées
2026-08-11 15:14:45,151 [INFO]   [OK] ENG|2024-2025 — 530 lignes upsertées
2026-08-11 15:14:57,132 [INFO]   [OK] ENG|2025-2026 — 511 lignes upsertées
2026-08-11 15:15:10,060 [INFO]   [OK] ESP|2023-2024 — 563 lignes upsertées
2026-08-11 15:15:23,005 [INFO]   [OK] ESP|2024-2025 — 556 lignes upsertées
2026-08-11 15:15:35,474 [INFO]   [OK] ESP|2025-2026 — 572 lignes upsertées
2026-08-11 15:15:46,446 [INFO]   [OK] FRA|2023-2024 — 507 lignes upsertées
2026-08-11 15:15:58,385 [INFO]   [OK] FRA|2024-2025 — 517 lignes upsertées
2026-08-11 15:16:10,069 [INFO]   [OK] FRA|2025-2026 — 522 lignes upsertées
2026-08-11 15:16:20,626 [INFO]   [OK] GER|2023-2024 — 474 lignes upsertées
2026-08-11 15:16:30,835 [INFO]   [OK] GER|2024-2025 — 454 lignes upsertées
2026-08-11 15:16:41,460 [INFO]   [OK] GER|2025-2026 — 477 lignes upsertées
2026-08-11 15:16:53,875 [INFO]   [OK] ITA|2023-2024 — 565 lignes upsertées
2026-08-11 15:17:07,015 [INFO]   [OK] ITA|2024-2025 — 585 lignes upsertées
2026-08-11 15:17:19,236 [INFO]   [OK] ITA|2025-2026 — 563 lignes upsertées
2026-08-11 15:17:19,237 [INFO]   Total players_fbref : 7936 lignes
2026-08-11 15:17:19,237 [INFO] [2/7] Chargement Sofascore joueurs → silver.players_sofascore
2026-08-11 15:17:31,276 [INFO]   [OK] 20260810_232940_ENG_20232024_sofascore_players.csv — 500 lignes
2026-08-11 15:17:42,611 [INFO]   [OK] 20260810_232949_ENG_20242025_sofascore_players.csv — 500 lignes
2026-08-11 15:17:55,421 [INFO]   [OK] 20260810_232957_ENG_20252026_sofascore_players.csv — 500 lignes
2026-08-11 15:18:06,893 [INFO]   [OK] 20260810_233005_ESP_20232024_sofascore_players.csv — 500 lignes
2026-08-11 15:18:18,292 [INFO]   [OK] 20260810_233014_ESP_20242025_sofascore_players.csv — 500 lignes
2026-08-11 15:18:29,692 [INFO]   [OK] 20260810_233022_ESP_20252026_sofascore_players.csv — 500 lignes
2026-08-11 15:18:42,274 [INFO]   [OK] 20260810_233030_GER_20232024_sofascore_players.csv — 500 lignes
2026-08-11 15:18:53,944 [INFO]   [OK] 20260810_233039_GER_20242025_sofascore_players.csv — 500 lignes
2026-08-11 15:19:05,413 [INFO]   [OK] 20260810_233047_GER_20252026_sofascore_players.csv — 500 lignes
2026-08-11 15:19:17,387 [INFO]   [OK] 20260810_233055_ITA_20232024_sofascore_players.csv — 500 lignes
2026-08-11 15:19:28,847 [INFO]   [OK] 20260810_233104_ITA_20242025_sofascore_players.csv — 500 lignes
2026-08-11 15:19:41,113 [INFO]   [OK] 20260810_233112_ITA_20252026_sofascore_players.csv — 500 lignes
2026-08-11 15:19:52,442 [INFO]   [OK] 20260810_233120_FRA_20232024_sofascore_players.csv — 500 lignes
2026-08-11 15:20:04,383 [INFO]   [OK] 20260810_233129_FRA_20242025_sofascore_players.csv — 500 lignes
2026-08-11 15:20:16,195 [INFO]   [OK] 20260810_233137_FRA_20252026_sofascore_players.csv — 500 lignes
2026-08-11 15:20:28,208 [INFO]   [OK] 20260810_233145_POR_20232024_sofascore_players.csv — 500 lignes
2026-08-11 15:20:39,594 [INFO]   [OK] 20260810_233154_POR_20242025_sofascore_players.csv — 500 lignes
2026-08-11 15:20:51,837 [INFO]   [OK] 20260810_233202_POR_20252026_sofascore_players.csv — 500 lignes
2026-08-11 15:21:02,788 [INFO]   [OK] 20260810_233210_NED_20232024_sofascore_players.csv — 500 lignes
2026-08-11 15:21:13,876 [INFO]   [OK] 20260810_233219_NED_20242025_sofascore_players.csv — 500 lignes
2026-08-11 15:21:24,952 [INFO]   [OK] 20260810_233227_NED_20252026_sofascore_players.csv — 500 lignes
2026-08-11 15:21:36,358 [INFO]   [OK] 20260810_233235_BEL_20232024_sofascore_players.csv — 500 lignes
2026-08-11 15:21:47,895 [INFO]   [OK] 20260810_233244_BEL_20242025_sofascore_players.csv — 500 lignes
2026-08-11 15:21:59,448 [INFO]   [OK] 20260810_233252_BEL_20252026_sofascore_players.csv — 500 lignes
2026-08-11 15:22:11,874 [INFO]   [OK] 20260810_233300_TUR_20232024_sofascore_players.csv — 500 lignes
2026-08-11 15:22:23,016 [INFO]   [OK] 20260810_233309_TUR_20242025_sofascore_players.csv — 500 lignes
2026-08-11 15:22:35,440 [INFO]   [OK] 20260810_233317_TUR_20252026_sofascore_players.csv — 500 lignes
2026-08-11 15:22:44,392 [INFO]   [OK] 20260810_233325_AUT_20232024_sofascore_players.csv — 400 lignes
2026-08-11 15:22:53,256 [INFO]   [OK] 20260810_233333_AUT_20242025_sofascore_players.csv — 400 lignes
2026-08-11 15:23:02,291 [INFO]   [OK] 20260810_233341_AUT_20252026_sofascore_players.csv — 400 lignes
2026-08-11 15:23:02,291 [INFO]   Total players_sofascore : 14700 lignes
2026-08-11 15:23:02,291 [INFO] [3/7] Construction silver.players_combined
