2026-08-12 00:10:33,656 [INFO] Log : C:\Users\serge\Documents\02_DEV_PROJETS\radar_pepites\logs\silver_20260812_001033.log
2026-08-12 00:10:33,697 [INFO] =================================================================
2026-08-12 00:10:33,697 [INFO]   RadarPepites — Silver Transformer
2026-08-12 00:10:33,697 [INFO]   2026-08-12 00:10:33
2026-08-12 00:10:33,697 [INFO] =================================================================
2026-08-12 00:10:33,697 [INFO] [0/7] Chargement infos bio joueurs → silver.players_info
2026-08-12 00:10:42,179 [INFO]   [OK] 20260811_175625_AUT_20252026_players_info.csv — 329 lignes
2026-08-12 00:10:58,316 [INFO]   [OK] 20260811_180242_ENG_20222023_players_info.csv — 668 lignes
2026-08-12 00:11:14,400 [INFO]   [OK] 20260811_181453_ENG_20232024_players_info.csv — 662 lignes
2026-08-12 00:11:30,694 [INFO]   [OK] 20260811_182043_ENG_20242025_players_info.csv — 667 lignes
2026-08-12 00:11:46,942 [INFO]   [OK] 20260811_183937_ENG_20252026_players_info.csv — 671 lignes
2026-08-12 00:12:01,632 [INFO]   [OK] 20260811_184458_ESP_20222023_players_info.csv — 609 lignes
2026-08-12 00:12:16,895 [INFO]   [OK] 20260811_185225_ESP_20232024_players_info.csv — 615 lignes
2026-08-12 00:12:31,945 [INFO]   [OK] 20260811_185748_ESP_20242025_players_info.csv — 614 lignes
2026-08-12 00:12:46,383 [INFO]   [OK] 20260811_191128_ESP_20252026_players_info.csv — 593 lignes
2026-08-12 00:13:00,657 [INFO]   [OK] 20260811_191637_GER_20222023_players_info.csv — 586 lignes
2026-08-12 00:13:15,075 [INFO]   [OK] 20260811_195534_GER_20232024_players_info.csv — 586 lignes
2026-08-12 00:13:29,362 [INFO]   [OK] 20260811_200042_GER_20242025_players_info.csv — 586 lignes
2026-08-12 00:13:43,662 [INFO]   [OK] 20260811_200552_GER_20252026_players_info.csv — 590 lignes
2026-08-12 00:14:00,098 [INFO]   [OK] 20260811_201149_ITA_20222023_players_info.csv — 681 lignes
2026-08-12 00:14:16,508 [INFO]   [OK] 20260811_201747_ITA_20232024_players_info.csv — 683 lignes
2026-08-12 00:14:33,346 [INFO]   [OK] 20260811_202353_ITA_20242025_players_info.csv — 699 lignes
2026-08-12 00:14:50,802 [INFO]   [OK] 20260811_203005_ITA_20252026_players_info.csv — 711 lignes
2026-08-12 00:15:04,115 [INFO]   [OK] 20260811_203458_FRA_20222023_players_info.csv — 553 lignes
2026-08-12 00:15:16,918 [INFO]   [OK] 20260811_203937_FRA_20232024_players_info.csv — 527 lignes
2026-08-12 00:15:28,473 [INFO]   [OK] 20260811_204830_FRA_20242025_players_info.csv — 546 lignes
2026-08-12 00:15:40,165 [INFO]   [OK] 20260811_205315_FRA_20252026_players_info.csv — 538 lignes
2026-08-12 00:15:51,112 [INFO]   [OK] 20260811_205749_POR_20222023_players_info.csv — 518 lignes
2026-08-12 00:16:01,775 [INFO]   [OK] 20260811_210220_POR_20232024_players_info.csv — 510 lignes
2026-08-12 00:16:12,616 [INFO]   [OK] 20260811_210651_POR_20242025_players_info.csv — 512 lignes
2026-08-12 00:16:24,144 [INFO]   [OK] 20260811_211136_POR_20252026_players_info.csv — 538 lignes
2026-08-12 00:16:34,917 [INFO]   [OK] 20260811_211601_NED_20222023_players_info.csv — 498 lignes
2026-08-12 00:16:45,742 [INFO]   [OK] 20260811_212028_NED_20232024_players_info.csv — 503 lignes
2026-08-12 00:16:56,286 [INFO]   [OK] 20260811_212453_NED_20242025_players_info.csv — 500 lignes
2026-08-12 00:17:07,124 [INFO]   [OK] 20260811_212919_NED_20252026_players_info.csv — 500 lignes
2026-08-12 00:17:17,606 [INFO]   [OK] 20260811_213347_BEL_20222023_players_info.csv — 498 lignes
2026-08-12 00:17:27,073 [INFO]   [OK] 20260811_213756_BEL_20232024_players_info.csv — 454 lignes
2026-08-12 00:17:36,954 [INFO]   [OK] 20260811_214210_BEL_20242025_players_info.csv — 463 lignes
2026-08-12 00:17:46,626 [INFO]   [OK] 20260811_215554_BEL_20252026_players_info.csv — 460 lignes
2026-08-12 00:17:58,875 [INFO]   [OK] 20260811_220100_TUR_20222023_players_info.csv — 580 lignes
2026-08-12 00:18:12,212 [INFO]   [OK] 20260811_220630_TUR_20232024_players_info.csv — 626 lignes
2026-08-12 00:18:24,964 [INFO]   [OK] 20260811_221147_TUR_20242025_players_info.csv — 603 lignes
2026-08-12 00:18:37,323 [INFO]   [OK] 20260811_221650_TUR_20252026_players_info.csv — 575 lignes
2026-08-12 00:18:44,383 [INFO]   [OK] 20260811_221954_AUT_20222023_players_info.csv — 332 lignes
2026-08-12 00:18:51,687 [INFO]   [OK] 20260811_222254_AUT_20232024_players_info.csv — 323 lignes
2026-08-12 00:18:58,848 [INFO]   [OK] 20260811_222554_AUT_20242025_players_info.csv — 324 lignes
2026-08-12 00:19:05,801 [INFO]   [OK] 20260811_222858_AUT_20252026_players_info.csv — 330 lignes
2026-08-12 00:20:31,185 [INFO]   [OK] 20260811_233547_GAP_players_info.csv — 4100 lignes
2026-08-12 00:20:32,380 [INFO]   [OK] 20260812_001026_GAP_players_info.csv — 42 lignes
2026-08-12 00:20:32,380 [INFO]   Total players_info : 26503 lignes upsertées (11292 joueurs uniques)
2026-08-12 00:20:32,381 [INFO] [1/7] Chargement FBref joueurs de champ → silver.players_fbref
2026-08-12 00:20:43,440 [INFO]   [OK] ENG|2023-2024 — 540 lignes upsertées
2026-08-12 00:20:54,348 [INFO]   [OK] ENG|2024-2025 — 530 lignes upsertées
2026-08-12 00:21:04,900 [INFO]   [OK] ENG|2025-2026 — 511 lignes upsertées
2026-08-12 00:21:16,434 [INFO]   [OK] ESP|2023-2024 — 563 lignes upsertées
2026-08-12 00:21:27,926 [INFO]   [OK] ESP|2024-2025 — 556 lignes upsertées
2026-08-12 00:21:39,629 [INFO]   [OK] ESP|2025-2026 — 572 lignes upsertées
2026-08-12 00:21:50,160 [INFO]   [OK] FRA|2023-2024 — 507 lignes upsertées
2026-08-12 00:22:00,712 [INFO]   [OK] FRA|2024-2025 — 517 lignes upsertées
2026-08-12 00:22:11,708 [INFO]   [OK] FRA|2025-2026 — 522 lignes upsertées
2026-08-12 00:22:21,422 [INFO]   [OK] GER|2023-2024 — 474 lignes upsertées
2026-08-12 00:22:30,737 [INFO]   [OK] GER|2024-2025 — 454 lignes upsertées
2026-08-12 00:22:40,472 [INFO]   [OK] GER|2025-2026 — 477 lignes upsertées
2026-08-12 00:22:51,971 [INFO]   [OK] ITA|2023-2024 — 565 lignes upsertées
2026-08-12 00:23:03,915 [INFO]   [OK] ITA|2024-2025 — 585 lignes upsertées
2026-08-12 00:23:15,442 [INFO]   [OK] ITA|2025-2026 — 563 lignes upsertées
2026-08-12 00:23:15,442 [INFO]   Total players_fbref : 7936 lignes
2026-08-12 00:23:15,443 [INFO] [2/7] Chargement Sofascore joueurs → silver.players_sofascore
2026-08-12 00:23:25,673 [INFO]   [OK] 20260811_164433_ENG_20222023_sofascore_players.csv — 500 lignes
2026-08-12 00:23:35,914 [INFO]   [OK] 20260811_164442_ENG_20232024_sofascore_players.csv — 500 lignes
2026-08-12 00:23:46,107 [INFO]   [OK] 20260811_164450_ENG_20242025_sofascore_players.csv — 500 lignes
2026-08-12 00:23:56,497 [INFO]   [OK] 20260811_164458_ENG_20252026_sofascore_players.csv — 500 lignes
2026-08-12 00:24:06,736 [INFO]   [OK] 20260811_164507_ESP_20222023_sofascore_players.csv — 500 lignes
2026-08-12 00:24:17,016 [INFO]   [OK] 20260811_164515_ESP_20232024_sofascore_players.csv — 500 lignes
2026-08-12 00:24:27,208 [INFO]   [OK] 20260811_164523_ESP_20242025_sofascore_players.csv — 500 lignes
2026-08-12 00:24:37,486 [INFO]   [OK] 20260811_164532_ESP_20252026_sofascore_players.csv — 500 lignes
2026-08-12 00:24:47,670 [INFO]   [OK] 20260811_164540_GER_20222023_sofascore_players.csv — 500 lignes
2026-08-12 00:24:57,844 [INFO]   [OK] 20260811_164548_GER_20232024_sofascore_players.csv — 494 lignes
2026-08-12 00:25:07,697 [INFO]   [OK] 20260811_164556_GER_20242025_sofascore_players.csv — 481 lignes
2026-08-12 00:25:18,077 [INFO]   [OK] 20260811_164605_GER_20252026_sofascore_players.csv — 499 lignes
2026-08-12 00:25:28,546 [INFO]   [OK] 20260811_164613_ITA_20222023_sofascore_players.csv — 500 lignes
2026-08-12 00:25:39,238 [INFO]   [OK] 20260811_164621_ITA_20232024_sofascore_players.csv — 500 lignes
2026-08-12 00:25:49,491 [INFO]   [OK] 20260811_164630_ITA_20242025_sofascore_players.csv — 500 lignes
2026-08-12 00:25:59,793 [INFO]   [OK] 20260811_164638_ITA_20252026_sofascore_players.csv — 500 lignes
2026-08-12 00:26:10,111 [INFO]   [OK] 20260811_164646_FRA_20222023_sofascore_players.csv — 500 lignes
2026-08-12 00:26:20,342 [INFO]   [OK] 20260811_164655_FRA_20232024_sofascore_players.csv — 500 lignes
2026-08-12 00:26:30,542 [INFO]   [OK] 20260811_164703_FRA_20242025_sofascore_players.csv — 500 lignes
2026-08-12 00:26:40,727 [INFO]   [OK] 20260811_164711_FRA_20252026_sofascore_players.csv — 500 lignes
2026-08-12 00:26:50,890 [INFO]   [OK] 20260811_164720_POR_20222023_sofascore_players.csv — 500 lignes
2026-08-12 00:27:01,130 [INFO]   [OK] 20260811_164728_POR_20232024_sofascore_players.csv — 500 lignes
2026-08-12 00:27:11,337 [INFO]   [OK] 20260811_164736_POR_20242025_sofascore_players.csv — 500 lignes
2026-08-12 00:27:21,541 [INFO]   [OK] 20260811_164745_POR_20252026_sofascore_players.csv — 500 lignes
2026-08-12 00:27:31,721 [INFO]   [OK] 20260811_164753_NED_20222023_sofascore_players.csv — 500 lignes
2026-08-12 00:27:41,924 [INFO]   [OK] 20260811_164801_NED_20232024_sofascore_players.csv — 500 lignes
2026-08-12 00:27:52,136 [INFO]   [OK] 20260811_164810_NED_20242025_sofascore_players.csv — 500 lignes
2026-08-12 00:28:02,427 [INFO]   [OK] 20260811_164818_NED_20252026_sofascore_players.csv — 500 lignes
2026-08-12 00:28:12,575 [INFO]   [OK] 20260811_164826_BEL_20222023_sofascore_players.csv — 500 lignes
2026-08-12 00:28:22,740 [INFO]   [OK] 20260811_164834_BEL_20232024_sofascore_players.csv — 500 lignes
2026-08-12 00:28:32,915 [INFO]   [OK] 20260811_164843_BEL_20242025_sofascore_players.csv — 500 lignes
2026-08-12 00:28:43,121 [INFO]   [OK] 20260811_164851_BEL_20252026_sofascore_players.csv — 500 lignes
2026-08-12 00:28:53,336 [INFO]   [OK] 20260811_164859_TUR_20222023_sofascore_players.csv — 500 lignes
2026-08-12 00:29:03,578 [INFO]   [OK] 20260811_164908_TUR_20232024_sofascore_players.csv — 500 lignes
2026-08-12 00:29:13,734 [INFO]   [OK] 20260811_164916_TUR_20242025_sofascore_players.csv — 500 lignes
2026-08-12 00:29:23,934 [INFO]   [OK] 20260811_164924_TUR_20252026_sofascore_players.csv — 500 lignes
2026-08-12 00:29:30,966 [INFO]   [OK] 20260811_164932_AUT_20222023_sofascore_players.csv — 344 lignes
2026-08-12 00:29:37,812 [INFO]   [OK] 20260811_164940_AUT_20232024_sofascore_players.csv — 330 lignes
2026-08-12 00:29:45,067 [INFO]   [OK] 20260811_164947_AUT_20242025_sofascore_players.csv — 353 lignes
2026-08-12 00:29:52,017 [INFO]   [OK] 20260811_164955_AUT_20252026_sofascore_players.csv — 339 lignes
2026-08-12 00:29:52,017 [INFO]   Total players_sofascore : 19340 lignes
2026-08-12 00:29:52,018 [INFO] [3/7] Construction silver.players_combined
2026-08-12 00:37:27,987 [WARNING]     Connexion DB perdue (tentative 1/4), nouvel essai dans 5s...
2026-08-12 01:24:55,984 [WARNING]     Connexion DB perdue (tentative 2/4), nouvel essai dans 5s...
