2026-08-11 14:42:09,486 [INFO] Log : C:\Users\serge\Documents\02_DEV_PROJETS\radar_pepites\logs\silver_20260811_144209.log
2026-08-11 14:42:09,524 [INFO] =================================================================
2026-08-11 14:42:09,524 [INFO]   RadarPepites — Silver Transformer
2026-08-11 14:42:09,524 [INFO]   2026-08-11 14:42:09
2026-08-11 14:42:09,524 [INFO] =================================================================
2026-08-11 14:42:09,524 [INFO] [0/7] Chargement infos bio joueurs → silver.players_info
2026-08-11 14:42:09,525 [INFO]   (aucun *_players_info.csv en racine, utilisation de C:\Users\serge\Documents\02_DEV_PROJETS\radar_pepites\data\bronze\_Archives)
2026-08-11 14:42:23,788 [INFO]   [OK] 20260809_012455_ENG_2023_2024_players_info.csv — 659 lignes
2026-08-11 14:42:37,525 [INFO]   [OK] 20260809_013044_ENG_2024_2025_players_info.csv — 665 lignes
2026-08-11 14:42:51,431 [INFO]   [OK] 20260809_013637_ENG_2025_2026_players_info.csv — 672 lignes
2026-08-11 14:43:04,607 [INFO]   [OK] 20260809_014206_ESP_2023_2024_players_info.csv — 624 lignes
2026-08-11 14:43:17,884 [INFO]   [OK] 20260809_073840_ESP_2024_2025_players_info.csv — 621 lignes
2026-08-11 14:43:30,697 [INFO]   [OK] 20260809_074357_ESP_2025_2026_players_info.csv — 601 lignes
2026-08-11 14:43:43,121 [INFO]   [OK] 20260809_074900_GER_2023_2024_players_info.csv — 575 lignes
2026-08-11 14:43:52,513 [INFO]   [OK] 20260809_075401_BEL_2023_2024_players_info.csv — 447 lignes
2026-08-11 14:44:04,339 [INFO]   [OK] 20260809_075404_GER_2024_2025_players_info.csv — 578 lignes
2026-08-11 14:44:13,831 [INFO]   [OK] 20260809_075813_BEL_2024_2025_players_info.csv — 458 lignes
2026-08-11 14:44:25,812 [INFO]   [OK] 20260809_075907_GER_2025_2026_players_info.csv — 575 lignes
2026-08-11 14:44:35,317 [INFO]   [OK] 20260809_080224_BEL_2025_2026_players_info.csv — 458 lignes
2026-08-11 14:44:49,608 [INFO]   [OK] 20260809_080510_ITA_2023_2024_players_info.csv — 692 lignes
2026-08-11 14:45:05,136 [INFO]   [OK] 20260809_081120_ITA_2024_2025_players_info.csv — 707 lignes
2026-08-11 14:45:21,632 [INFO]   [OK] 20260809_081736_ITA_2025_2026_players_info.csv — 719 lignes
2026-08-11 14:45:33,743 [INFO]   [OK] 20260809_082216_FRA_2023_2024_players_info.csv — 529 lignes
2026-08-11 14:45:46,743 [INFO]   [OK] 20260809_082707_FRA_2024_2025_players_info.csv — 551 lignes
2026-08-11 14:45:59,257 [INFO]   [OK] 20260809_083152_FRA_2025_2026_players_info.csv — 540 lignes
2026-08-11 14:46:10,475 [INFO]   [OK] 20260809_083619_POR_2023_2024_players_info.csv — 501 lignes
2026-08-11 14:46:20,877 [INFO]   [OK] 20260809_084045_POR_2024_2025_players_info.csv — 502 lignes
2026-08-11 14:46:31,783 [INFO]   [OK] 20260809_084525_POR_2025_2026_players_info.csv — 528 lignes
2026-08-11 14:46:42,404 [INFO]   [OK] 20260809_084952_NED_2023_2024_players_info.csv — 503 lignes
2026-08-11 14:46:52,613 [INFO]   [OK] 20260809_085417_NED_2024_2025_players_info.csv — 500 lignes
2026-08-11 14:47:02,723 [INFO]   [OK] 20260809_085841_NED_2025_2026_players_info.csv — 497 lignes
2026-08-11 14:47:15,314 [INFO]   [OK] 20260809_090408_TUR_2023_2024_players_info.csv — 620 lignes
2026-08-11 14:47:27,627 [INFO]   [OK] 20260809_090925_TUR_2024_2025_players_info.csv — 602 lignes
2026-08-11 14:47:39,368 [INFO]   [OK] 20260809_091429_TUR_2025_2026_players_info.csv — 576 lignes
2026-08-11 14:47:46,081 [INFO]   [OK] 20260809_091728_AUT_2023_2024_players_info.csv — 321 lignes
2026-08-11 14:47:52,900 [INFO]   [OK] 20260809_092027_AUT_2024_2025_players_info.csv — 322 lignes
2026-08-11 14:47:59,664 [INFO]   [OK] 20260809_092329_AUT_2025_2026_players_info.csv — 328 lignes
2026-08-11 14:47:59,664 [INFO]   Total players_info : 16471 lignes upsertées (6788 joueurs uniques)
2026-08-11 14:47:59,666 [INFO] [1/7] Chargement FBref joueurs de champ → silver.players_fbref
2026-08-11 14:48:11,415 [INFO]   [OK] ENG|2023-2024 — 540 lignes upsertées
2026-08-11 14:48:23,119 [INFO]   [OK] ENG|2024-2025 — 530 lignes upsertées
2026-08-11 14:48:34,331 [INFO]   [OK] ENG|2025-2026 — 511 lignes upsertées
2026-08-11 14:48:46,579 [INFO]   [OK] ESP|2023-2024 — 563 lignes upsertées
2026-08-11 14:48:58,688 [INFO]   [OK] ESP|2024-2025 — 556 lignes upsertées
2026-08-11 14:49:11,715 [INFO]   [OK] ESP|2025-2026 — 572 lignes upsertées
2026-08-11 14:49:22,824 [INFO]   [OK] FRA|2023-2024 — 507 lignes upsertées
2026-08-11 14:49:34,070 [INFO]   [OK] FRA|2024-2025 — 517 lignes upsertées
2026-08-11 14:49:45,527 [INFO]   [OK] FRA|2025-2026 — 522 lignes upsertées
2026-08-11 14:49:55,970 [INFO]   [OK] GER|2023-2024 — 474 lignes upsertées
2026-08-11 14:50:05,349 [INFO]   [OK] GER|2024-2025 — 454 lignes upsertées
2026-08-11 14:50:15,277 [INFO]   [OK] GER|2025-2026 — 477 lignes upsertées
2026-08-11 14:50:26,928 [INFO]   [OK] ITA|2023-2024 — 565 lignes upsertées
2026-08-11 14:50:39,051 [INFO]   [OK] ITA|2024-2025 — 585 lignes upsertées
2026-08-11 14:50:50,794 [INFO]   [OK] ITA|2025-2026 — 563 lignes upsertées
2026-08-11 14:50:50,794 [INFO]   Total players_fbref : 7936 lignes
2026-08-11 14:50:50,795 [INFO] [2/7] Chargement Sofascore joueurs → silver.players_sofascore
2026-08-11 14:51:01,362 [INFO]   [OK] 20260810_232940_ENG_20232024_sofascore_players.csv — 500 lignes
2026-08-11 14:51:11,867 [INFO]   [OK] 20260810_232949_ENG_20242025_sofascore_players.csv — 500 lignes
2026-08-11 14:51:22,427 [INFO]   [OK] 20260810_232957_ENG_20252026_sofascore_players.csv — 500 lignes
2026-08-11 14:51:32,913 [INFO]   [OK] 20260810_233005_ESP_20232024_sofascore_players.csv — 500 lignes
2026-08-11 14:51:43,407 [INFO]   [OK] 20260810_233014_ESP_20242025_sofascore_players.csv — 500 lignes
2026-08-11 14:51:54,007 [INFO]   [OK] 20260810_233022_ESP_20252026_sofascore_players.csv — 500 lignes
2026-08-11 14:52:04,629 [INFO]   [OK] 20260810_233030_GER_20232024_sofascore_players.csv — 500 lignes
2026-08-11 14:52:15,225 [INFO]   [OK] 20260810_233039_GER_20242025_sofascore_players.csv — 500 lignes
2026-08-11 14:52:25,796 [INFO]   [OK] 20260810_233047_GER_20252026_sofascore_players.csv — 500 lignes
2026-08-11 14:52:36,173 [INFO]   [OK] 20260810_233055_ITA_20232024_sofascore_players.csv — 500 lignes
2026-08-11 14:52:46,606 [INFO]   [OK] 20260810_233104_ITA_20242025_sofascore_players.csv — 500 lignes
2026-08-11 14:52:57,086 [INFO]   [OK] 20260810_233112_ITA_20252026_sofascore_players.csv — 500 lignes
2026-08-11 14:53:08,409 [INFO]   [OK] 20260810_233120_FRA_20232024_sofascore_players.csv — 500 lignes
2026-08-11 14:53:18,894 [INFO]   [OK] 20260810_233129_FRA_20242025_sofascore_players.csv — 500 lignes
2026-08-11 14:53:29,461 [INFO]   [OK] 20260810_233137_FRA_20252026_sofascore_players.csv — 500 lignes
2026-08-11 14:53:40,074 [INFO]   [OK] 20260810_233145_POR_20232024_sofascore_players.csv — 500 lignes
2026-08-11 14:53:50,631 [INFO]   [OK] 20260810_233154_POR_20242025_sofascore_players.csv — 500 lignes
2026-08-11 14:54:02,663 [INFO]   [OK] 20260810_233202_POR_20252026_sofascore_players.csv — 500 lignes
2026-08-11 14:54:14,352 [INFO]   [OK] 20260810_233210_NED_20232024_sofascore_players.csv — 500 lignes
2026-08-11 14:54:26,882 [INFO]   [OK] 20260810_233219_NED_20242025_sofascore_players.csv — 500 lignes
2026-08-11 14:54:38,345 [INFO]   [OK] 20260810_233227_NED_20252026_sofascore_players.csv — 500 lignes
2026-08-11 14:54:49,627 [INFO]   [OK] 20260810_233235_BEL_20232024_sofascore_players.csv — 500 lignes
2026-08-11 14:55:00,819 [INFO]   [OK] 20260810_233244_BEL_20242025_sofascore_players.csv — 500 lignes
2026-08-11 14:55:12,792 [INFO]   [OK] 20260810_233252_BEL_20252026_sofascore_players.csv — 500 lignes
2026-08-11 14:55:23,250 [INFO]   [OK] 20260810_233300_TUR_20232024_sofascore_players.csv — 500 lignes
2026-08-11 14:55:33,760 [INFO]   [OK] 20260810_233309_TUR_20242025_sofascore_players.csv — 500 lignes
2026-08-11 14:55:44,190 [INFO]   [OK] 20260810_233317_TUR_20252026_sofascore_players.csv — 500 lignes
2026-08-11 14:55:52,543 [INFO]   [OK] 20260810_233325_AUT_20232024_sofascore_players.csv — 400 lignes
2026-08-11 14:56:01,150 [INFO]   [OK] 20260810_233333_AUT_20242025_sofascore_players.csv — 400 lignes
2026-08-11 14:56:10,982 [INFO]   [OK] 20260810_233341_AUT_20252026_sofascore_players.csv — 400 lignes
2026-08-11 14:56:10,982 [INFO]   Total players_sofascore : 14700 lignes
2026-08-11 14:56:10,983 [INFO] [3/7] Construction silver.players_combined
